\BOOKMARK [0][-]{chapter*.2}{\376\377\000P\000r\000e\000f\000a\000c\000e}{}% 1
\BOOKMARK [-1][-]{part.1}{\376\377\000I\000\040\000S\000i\000n\000g\000l\000e\000-\000S\000y\000s\000t\000e\000m\000\040\000F\000o\000u\000n\000d\000a\000t\000i\000o\000n\000s}{}% 2
\BOOKMARK [0][-]{chapter.1}{\376\377\000T\000h\000e\000\040\000P\000r\000o\000b\000a\000b\000i\000l\000i\000t\000y\000\040\000S\000i\000m\000p\000l\000e\000x}{part.1}% 3
\BOOKMARK [1][-]{section.1.1}{\376\377\000D\000i\000s\000t\000i\000n\000g\000u\000i\000s\000h\000a\000b\000l\000e\000\040\000A\000l\000t\000e\000r\000n\000a\000t\000i\000v\000e\000s}{chapter.1}% 4
\BOOKMARK [1][-]{section.1.2}{\376\377\000S\000t\000o\000c\000h\000a\000s\000t\000i\000c\000\040\000M\000a\000p\000s}{chapter.1}% 5
\BOOKMARK [1][-]{section.1.3}{\376\377\000C\000o\000m\000p\000o\000s\000i\000t\000i\000o\000n\000,\000\040\000C\000o\000a\000r\000s\000e\000-\000G\000r\000a\000i\000n\000i\000n\000g\000,\000\040\000a\000n\000d\000\040\000I\000n\000f\000o\000r\000m\000a\000t\000i\000o\000n\000\040\000L\000o\000s\000s}{chapter.1}% 6
\BOOKMARK [0][-]{chapter.2}{\376\377\000B\000i\000s\000t\000o\000c\000h\000a\000s\000t\000i\000c\000\040\000M\000a\000t\000r\000i\000c\000e\000s\000\040\000a\000n\000d\000\040\000t\000h\000e\000\040\000B\000i\000r\000k\000h\000o\000f\000f\000\040\000P\000o\000l\000y\000t\000o\000p\000e}{part.1}% 7
\BOOKMARK [1][-]{section.2.1}{\376\377\000B\000i\000s\000t\000o\000c\000h\000a\000s\000t\000i\000c\000i\000t\000y}{chapter.2}% 8
\BOOKMARK [1][-]{section.2.2}{\376\377\000T\000h\000e\000\040\000B\000i\000r\000k\000h\000o\000f\000f\000\040\000P\000o\000l\000y\000t\000o\000p\000e}{chapter.2}% 9
\BOOKMARK [1][-]{section.2.3}{\376\377\000M\000a\000j\000o\000r\000i\000z\000a\000t\000i\000o\000n}{chapter.2}% 10
\BOOKMARK [0][-]{chapter.3}{\376\377\000O\000r\000t\000h\000o\000s\000t\000o\000c\000h\000a\000s\000t\000i\000c\000\040\000a\000n\000d\000\040\000U\000n\000i\000s\000t\000o\000c\000h\000a\000s\000t\000i\000c\000\040\000A\000d\000m\000i\000s\000s\000i\000b\000i\000l\000i\000t\000y}{part.1}% 11
\BOOKMARK [1][-]{section.3.1}{\376\377\000T\000w\000o\000\040\000N\000o\000t\000i\000o\000n\000s\000\040\000o\000f\000\040\000A\000d\000m\000i\000s\000s\000i\000b\000i\000l\000i\000t\000y}{chapter.3}% 12
\BOOKMARK [1][-]{section.3.2}{\376\377\000T\000h\000e\000\040\000n\000=\0002\000\040\000D\000e\000g\000e\000n\000e\000r\000a\000c\000y\000\040\000T\000h\000e\000o\000r\000e\000m}{chapter.3}% 13
\BOOKMARK [1][-]{section.3.3}{\376\377\000T\000h\000e\000\040\000n\000>\000=\0003\000\040\000I\000n\000c\000o\000m\000p\000l\000e\000t\000e\000n\000e\000s\000s\000\040\000T\000h\000e\000o\000r\000e\000m}{chapter.3}% 14
\BOOKMARK [0][-]{chapter.4}{\376\377\000T\000h\000e\000\040\000C\000o\000m\000p\000o\000s\000i\000t\000i\000o\000n\000\040\000O\000b\000s\000t\000r\000u\000c\000t\000i\000o\000n}{part.1}% 15
\BOOKMARK [1][-]{section.4.1}{\376\377\000A\000m\000p\000l\000i\000t\000u\000d\000e\000-\000L\000e\000v\000e\000l\000\040\000v\000e\000r\000s\000u\000s\000\040\000P\000r\000o\000b\000a\000b\000i\000l\000i\000t\000y\000-\000L\000e\000v\000e\000l\000\040\000C\000o\000m\000p\000o\000s\000i\000t\000i\000o\000n}{chapter.4}% 16
\BOOKMARK [1][-]{section.4.2}{\376\377\000T\000h\000e\000\040\000R\000e\000a\000l\000\040\000C\000o\000u\000n\000t\000e\000r\000e\000x\000a\000m\000p\000l\000e}{chapter.4}% 17
\BOOKMARK [0][-]{chapter.5}{\376\377\000C\000o\000n\000t\000e\000x\000t\000\040\000G\000r\000a\000p\000h\000s\000\040\000a\000n\000d\000\040\000C\000y\000c\000l\000e\000\040\000C\000o\000n\000s\000i\000s\000t\000e\000n\000c\000y}{part.1}% 18
\BOOKMARK [1][-]{section.5.1}{\376\377\000M\000e\000a\000s\000u\000r\000e\000m\000e\000n\000t\000\040\000C\000o\000n\000t\000e\000x\000t\000s\000\040\000a\000s\000\040\000V\000e\000r\000t\000i\000c\000e\000s\000,\000\040\000T\000r\000a\000n\000s\000i\000t\000i\000o\000n\000s\000\040\000a\000s\000\040\000E\000d\000g\000e\000s}{chapter.5}% 19
\BOOKMARK [1][-]{section.5.2}{\376\377\000E\000x\000a\000c\000t\000\040\000C\000l\000o\000s\000u\000r\000e\000\040\000a\000n\000d\000\040\000I\000t\000s\000\040\000F\000a\000i\000l\000u\000r\000e\000\040\000U\000n\000d\000e\000r\000\040\000P\000r\000o\000j\000e\000c\000t\000i\000o\000n}{chapter.5}% 20
\BOOKMARK [1][-]{section.5.3}{\376\377\000G\000a\000u\000g\000e\000\040\000B\000o\000o\000k\000k\000e\000e\000p\000i\000n\000g\000\040\000f\000o\000r\000\040\000a\000\040\000S\000i\000n\000g\000l\000e\000\040\000R\000e\000a\000l\000\040\000F\000r\000a\000m\000e}{chapter.5}% 21
\BOOKMARK [1][-]{section.5.4}{\376\377\000G\000l\000o\000b\000a\000l\000\040\000G\000a\000u\000g\000e\000\040\000f\000o\000r\000\040\000a\000\040\000C\000o\000n\000t\000e\000x\000t\000\040\000G\000r\000a\000p\000h}{chapter.5}% 22
\BOOKMARK [1][-]{section.5.5}{\376\377\000S\000p\000a\000n\000n\000i\000n\000g\000\040\000T\000r\000e\000e\000s\000,\000\040\000C\000y\000c\000l\000e\000\040\000R\000a\000n\000k\000,\000\040\000a\000n\000d\000\040\000G\000e\000n\000e\000r\000a\000l\000\040\000R\000e\000a\000l\000i\000z\000a\000b\000i\000l\000i\000t\000y}{chapter.5}% 23
\BOOKMARK [0][-]{chapter.6}{\376\377\000T\000h\000e\000\040\000T\000r\000i\000a\000n\000g\000l\000e\000-\000G\000l\000u\000i\000n\000g\000\040\000T\000h\000e\000o\000r\000e\000m\000\040\000a\000n\000d\000\040\000t\000h\000e\000\040\000R\000e\000a\000l\000\040\000M\000U\000B\000\040\000O\000b\000s\000t\000r\000u\000c\000t\000i\000o\000n}{part.1}% 24
\BOOKMARK [1][-]{section.6.1}{\376\377\000E\000x\000a\000c\000t\000\040\000C\000l\000o\000s\000u\000r\000e\000\040\000U\000p\000s\000t\000a\000i\000r\000s}{chapter.6}% 25
\BOOKMARK [1][-]{section.6.2}{\376\377\000T\000h\000e\000\040\000F\000i\000b\000r\000e\000\040\000o\000f\000\040\000t\000h\000e\000\040\000P\000r\000o\000b\000a\000b\000i\000l\000i\000t\000y\000\040\000P\000r\000o\000j\000e\000c\000t\000i\000o\000n}{chapter.6}% 26
\BOOKMARK [1][-]{section.6.3}{\376\377\000D\000e\000s\000c\000e\000n\000t\000:\000\040\000t\000h\000e\000\040\000T\000r\000i\000a\000n\000g\000l\000e\000-\000G\000l\000u\000i\000n\000g\000\040\000T\000h\000e\000o\000r\000e\000m}{chapter.6}% 27
\BOOKMARK [1][-]{section.6.4}{\376\377\000T\000h\000e\000\040\000M\000u\000t\000u\000a\000l\000l\000y\000\040\000U\000n\000b\000i\000a\000s\000e\000d\000\040\000C\000o\000r\000o\000l\000l\000a\000r\000y}{chapter.6}% 28
\BOOKMARK [-1][-]{part.2}{\376\377\000I\000I\000\040\000C\000o\000m\000p\000o\000s\000i\000t\000e\000\040\000S\000y\000s\000t\000e\000m\000s\000\040\000a\000n\000d\000\040\000t\000h\000e\000\040\000S\000c\000a\000l\000a\000r\000\040\000F\000i\000e\000l\000d}{}% 29
\BOOKMARK [0][-]{chapter.7}{\376\377\000M\000i\000n\000i\000m\000a\000l\000\040\000W\000i\000t\000n\000e\000s\000s\000e\000s\000\040\000a\000n\000d\000\040\000t\000h\000e\000\040\000E\000x\000t\000r\000e\000m\000a\000l\000\040\000R\000e\000f\000o\000r\000m\000u\000l\000a\000t\000i\000o\000n}{part.2}% 30
\BOOKMARK [1][-]{section.7.1}{\376\377\000R\000e\000a\000l\000i\000z\000a\000b\000i\000l\000i\000t\000y\000\040\000S\000p\000a\000c\000e\000s}{chapter.7}% 31
\BOOKMARK [1][-]{section.7.2}{\376\377\000M\000i\000n\000i\000m\000a\000l\000\040\000W\000i\000t\000n\000e\000s\000s\000e\000s}{chapter.7}% 32
\BOOKMARK [1][-]{section.7.3}{\376\377\000O\000p\000e\000n\000\040\000E\000x\000t\000r\000e\000m\000a\000l\000\040\000Q\000u\000e\000s\000t\000i\000o\000n\000s}{chapter.7}% 33
\BOOKMARK [0][-]{chapter.8}{\376\377\000C\000o\000m\000p\000o\000s\000i\000t\000e\000\040\000S\000y\000s\000t\000e\000m\000s\000\040\000a\000n\000d\000\040\000L\000o\000c\000a\000l\000\040\000T\000o\000m\000o\000g\000r\000a\000p\000h\000y}{part.2}% 34
\BOOKMARK [1][-]{section.8.1}{\376\377\000T\000h\000e\000\040\000C\000o\000m\000p\000o\000s\000i\000t\000i\000o\000n\000\040\000P\000r\000o\000b\000l\000e\000m}{chapter.8}% 35
\BOOKMARK [1][-]{section.8.2}{\376\377\000F\000-\000H\000e\000r\000m\000i\000t\000i\000a\000n\000\040\000S\000t\000a\000t\000e\000\040\000S\000p\000a\000c\000e\000s}{chapter.8}% 36
\BOOKMARK [1][-]{section.8.3}{\376\377\000L\000o\000c\000a\000l\000\040\000T\000o\000m\000o\000g\000r\000a\000p\000h\000y}{chapter.8}% 37
\BOOKMARK [0][-]{chapter.9}{\376\377\000T\000h\000e\000\040\000T\000e\000n\000s\000o\000r\000\040\000P\000r\000o\000d\000u\000c\000t\000\040\000a\000s\000\040\000t\000h\000e\000\040\000F\000o\000r\000c\000e\000d\000\040\000C\000o\000m\000p\000o\000s\000i\000t\000i\000o\000n\000\040\000R\000u\000l\000e}{part.2}% 38
\BOOKMARK [1][-]{section.9.1}{\376\377\000L\000o\000c\000a\000l\000\040\000B\000a\000s\000e\000s\000\040\000a\000n\000d\000\040\000T\000h\000e\000i\000r\000\040\000P\000r\000o\000d\000u\000c\000t\000s}{chapter.9}% 39
\BOOKMARK [1][-]{section.9.2}{\376\377\000W\000h\000a\000t\000\040\000G\000o\000e\000s\000\040\000M\000i\000s\000s\000i\000n\000g\000\040\000f\000o\000r\000\040\000R\000:\000\040\000a\000n\000\040\000E\000x\000p\000l\000i\000c\000i\000t\000\040\000E\000x\000a\000m\000p\000l\000e}{chapter.9}% 40
\BOOKMARK [0][-]{chapter.10}{\376\377\000P\000o\000s\000i\000t\000i\000v\000i\000t\000y\000\040\000a\000n\000d\000\040\000t\000h\000e\000\040\000S\000t\000a\000t\000e\000\040\000S\000p\000a\000c\000e}{part.2}% 41
\BOOKMARK [1][-]{section.10.1}{\376\377\000P\000o\000s\000i\000t\000i\000v\000i\000t\000y\000\040\000a\000s\000\040\000a\000n\000\040\000A\000d\000m\000i\000s\000s\000i\000b\000i\000l\000i\000t\000y\000\040\000C\000o\000n\000d\000i\000t\000i\000o\000n}{chapter.10}% 42
\BOOKMARK [1][-]{section.10.2}{\376\377\000T\000h\000e\000\040\000R\000e\000a\000l\000\040\000C\000o\000m\000p\000o\000s\000i\000t\000e\000\040\000D\000i\000r\000e\000c\000t\000i\000o\000n\000,\000\040\000R\000e\000v\000i\000s\000i\000t\000e\000d}{chapter.10}% 43
\BOOKMARK [0][-]{chapter.11}{\376\377\000P\000a\000r\000t\000i\000a\000l\000\040\000T\000r\000a\000c\000e\000\040\000a\000n\000d\000\040\000M\000a\000r\000g\000i\000n\000a\000l\000\040\000I\000n\000v\000i\000s\000i\000b\000i\000l\000i\000t\000y}{part.2}% 44
\BOOKMARK [1][-]{section.11.1}{\376\377\000T\000h\000e\000\040\000P\000a\000r\000t\000i\000a\000l\000\040\000T\000r\000a\000c\000e}{chapter.11}% 45
\BOOKMARK [1][-]{section.11.2}{\376\377\000T\000h\000e\000\040\000R\000e\000a\000l\000\040\000C\000o\000m\000p\000o\000s\000i\000t\000e\000\040\000D\000i\000r\000e\000c\000t\000i\000o\000n\000\040\000D\000i\000s\000a\000p\000p\000e\000a\000r\000s\000\040\000o\000n\000\040\000B\000o\000t\000h\000\040\000M\000a\000r\000g\000i\000n\000a\000l\000s}{chapter.11}% 46
\BOOKMARK [0][-]{chapter.12}{\376\377\000S\000e\000p\000a\000r\000a\000b\000i\000l\000i\000t\000y\000\040\000a\000n\000d\000\040\000E\000n\000t\000a\000n\000g\000l\000e\000m\000e\000n\000t}{part.2}% 47
\BOOKMARK [1][-]{section.12.1}{\376\377\000S\000e\000p\000a\000r\000a\000b\000i\000l\000i\000t\000y\000\040\000R\000e\000l\000a\000t\000i\000v\000e\000\040\000t\000o\000\040\000a\000\040\000S\000c\000a\000l\000a\000r\000\040\000F\000i\000e\000l\000d}{chapter.12}% 48
\BOOKMARK [1][-]{section.12.2}{\376\377\000T\000h\000e\000\040\000J\042\227\000J\000\040\000W\000i\000t\000n\000e\000s\000s\000\040\000O\000v\000e\000r\000\040\000R}{chapter.12}% 49
\BOOKMARK [1][-]{section.12.3}{\376\377\000C\000o\000m\000p\000l\000e\000x\000i\000f\000i\000c\000a\000t\000i\000o\000n\000:\000\040\000T\000h\000e\000\040\000S\000a\000m\000e\000\040\000S\000t\000a\000t\000e\000s\000,\000\040\000a\000\040\000D\000i\000f\000f\000e\000r\000e\000n\000t\000\040\000T\000h\000e\000o\000r\000y}{chapter.12}% 50
\BOOKMARK [-1][-]{part.3}{\376\377\000I\000I\000I\000\040\000R\000e\000c\000o\000v\000e\000r\000e\000d\000\040\000S\000t\000r\000u\000c\000t\000u\000r\000e}{}% 51
\BOOKMARK [0][-]{chapter.13}{\376\377\000T\000h\000e\000\040\000A\000s\000s\000u\000m\000p\000t\000i\000o\000n\000\040\000A\000u\000d\000i\000t}{part.3}% 52
\BOOKMARK [1][-]{section.13.1}{\376\377\000W\000h\000a\000t\000\040\000H\000a\000s\000\040\000B\000e\000e\000n\000\040\000E\000s\000t\000a\000b\000l\000i\000s\000h\000e\000d}{chapter.13}% 53
\BOOKMARK [1][-]{section.13.2}{\376\377\000W\000h\000a\000t\000\040\000R\000e\000m\000a\000i\000n\000s}{chapter.13}% 54
\BOOKMARK [1][-]{section.13.3}{\376\377\000R\000o\000a\000d\000m\000a\000p\000\040\000f\000o\000r\000\040\000P\000a\000r\000t\000\040\000I\000I\000I}{chapter.13}% 55
\BOOKMARK [0][-]{chapter.14}{\376\377\000T\000h\000e\000\040\000B\000o\000r\000n\000\040\000H\000i\000e\000r\000a\000r\000c\000h\000y}{part.3}% 56
\BOOKMARK [1][-]{section.14.1}{\376\377\000T\000h\000e\000\040\000G\000e\000n\000e\000r\000a\000l\000\040\000C\000o\000n\000t\000e\000x\000t\000-\000T\000r\000a\000n\000s\000i\000t\000i\000o\000n\000\040\000I\000d\000e\000n\000t\000i\000t\000y}{chapter.14}% 57
\BOOKMARK [1][-]{section.14.2}{\376\377\000F\000r\000o\000m\000\040\000C\000o\000n\000t\000e\000x\000t\000s\000\040\000t\000o\000\040\000P\000u\000r\000e\000\040\000S\000t\000a\000t\000e\000s}{chapter.14}% 58
\BOOKMARK [1][-]{section.14.3}{\376\377\000F\000r\000o\000m\000\040\000P\000u\000r\000e\000\040\000S\000t\000a\000t\000e\000s\000\040\000t\000o\000\040\000D\000e\000n\000s\000i\000t\000y\000\040\000O\000p\000e\000r\000a\000t\000o\000r\000s}{chapter.14}% 59
\BOOKMARK [1][-]{section.14.4}{\376\377\000W\000h\000a\000t\000\040\000I\000s\000\040\000N\000o\000t\000\040\000Y\000e\000t\000\040\000E\000a\000r\000n\000e\000d\000:\000\040\000P\000O\000V\000M\000s}{chapter.14}% 60
\BOOKMARK [0][-]{chapter.15}{\376\377\000O\000b\000s\000e\000r\000v\000a\000b\000l\000e\000s\000\040\000a\000n\000d\000\040\000S\000p\000e\000c\000t\000r\000a\000l\000\040\000D\000e\000c\000o\000m\000p\000o\000s\000i\000t\000i\000o\000n}{part.3}% 61
\BOOKMARK [1][-]{section.15.1}{\376\377\000S\000h\000a\000r\000p\000\040\000M\000e\000a\000s\000u\000r\000e\000m\000e\000n\000t\000s\000\040\000a\000n\000d\000\040\000C\000o\000a\000r\000s\000e\000-\000G\000r\000a\000i\000n\000e\000d\000\040\000O\000u\000t\000c\000o\000m\000e\000s}{chapter.15}% 62
\BOOKMARK [1][-]{section.15.2}{\376\377\000T\000h\000e\000\040\000O\000p\000e\000r\000a\000t\000i\000o\000n\000a\000l\000\040\000B\000r\000i\000d\000g\000e}{chapter.15}% 63
\BOOKMARK [1][-]{section.15.3}{\376\377\000T\000h\000e\000\040\000E\000i\000g\000e\000n\000v\000a\000l\000u\000e\000\040\000R\000u\000l\000e\000\040\000a\000s\000\040\000a\000\040\000C\000o\000r\000o\000l\000l\000a\000r\000y}{chapter.15}% 64
\BOOKMARK [0][-]{chapter.16}{\376\377\000U\000n\000i\000t\000a\000r\000y\000\040\000D\000y\000n\000a\000m\000i\000c\000s\000\040\000a\000n\000d\000\040\000S\000c\000h\000r\000\366\000d\000i\000n\000g\000e\000r\000'\000s\000\040\000E\000q\000u\000a\000t\000i\000o\000n}{part.3}% 65
\BOOKMARK [1][-]{section.16.1}{\376\377\000A\000n\000\040\000E\000x\000p\000l\000i\000c\000i\000t\000\040\000N\000e\000w\000\040\000A\000s\000s\000u\000m\000p\000t\000i\000o\000n\000:\000\040\000C\000o\000n\000t\000i\000n\000u\000o\000u\000s\000\040\000R\000e\000v\000e\000r\000s\000i\000b\000l\000e\000\040\000E\000v\000o\000l\000u\000t\000i\000o\000n}{chapter.16}% 66
\BOOKMARK [1][-]{section.16.2}{\376\377\000T\000h\000e\000\040\000G\000e\000n\000e\000r\000a\000t\000o\000r\000\040\000T\000h\000e\000o\000r\000e\000m}{chapter.16}% 67
\BOOKMARK [1][-]{section.16.3}{\376\377\000S\000c\000h\000r\000\366\000d\000i\000n\000g\000e\000r\000'\000s\000\040\000E\000q\000u\000a\000t\000i\000o\000n}{chapter.16}% 68
\BOOKMARK [1][-]{section.16.4}{\376\377\000W\000h\000a\000t\000\040\000H\000\040\000I\000s\000\040\000N\000o\000t\000\040\000\050\000Y\000e\000t\000\051}{chapter.16}% 69
\BOOKMARK [0][-]{chapter.17}{\376\377\000G\000e\000n\000e\000r\000a\000l\000i\000z\000e\000d\000\040\000M\000e\000a\000s\000u\000r\000e\000m\000e\000n\000t\000\040\000a\000n\000d\000\040\000D\000i\000l\000a\000t\000i\000o\000n}{part.3}% 70
\BOOKMARK [1][-]{section.17.1}{\376\377\000E\000f\000f\000e\000c\000t\000s\000\040\000a\000n\000d\000\040\000P\000O\000V\000M\000s}{chapter.17}% 71
\BOOKMARK [1][-]{section.17.2}{\376\377\000D\000i\000l\000a\000t\000i\000o\000n\000:\000\040\000E\000v\000e\000r\000y\000\040\000P\000O\000V\000M\000\040\000I\000s\000\040\000a\000\040\000S\000h\000a\000r\000p\000\040\000M\000e\000a\000s\000u\000r\000e\000m\000e\000n\000t\000,\000\040\000E\000l\000s\000e\000w\000h\000e\000r\000e}{chapter.17}% 72
\BOOKMARK [1][-]{section.17.3}{\376\377\000T\000h\000e\000\040\000S\000a\000m\000e\000\040\000A\000r\000c\000h\000i\000t\000e\000c\000t\000u\000r\000e\000\040\000a\000s\000\040\000P\000a\000r\000t\000i\000a\000l\000\040\000T\000r\000a\000c\000e}{chapter.17}% 73
\BOOKMARK [0][-]{chapter.18}{\376\377\000F\000i\000n\000a\000l\000\040\000A\000u\000d\000i\000t\000:\000\040\000W\000h\000a\000t\000\040\000T\000h\000i\000s\000\040\000B\000o\000o\000k\000\040\000A\000c\000t\000u\000a\000l\000l\000y\000\040\000E\000s\000t\000a\000b\000l\000i\000s\000h\000e\000d}{part.3}% 74
\BOOKMARK [1][-]{section.18.1}{\376\377\000S\000i\000n\000g\000l\000e\000-\000S\000y\000s\000t\000e\000m\000\040\000F\000o\000u\000n\000d\000a\000t\000i\000o\000n\000s\000\040\000\050\000P\000a\000r\000t\000\040\000I\000\051}{chapter.18}% 75
\BOOKMARK [1][-]{section.18.2}{\376\377\000S\000y\000s\000t\000e\000m\000\040\000C\000o\000m\000p\000o\000s\000i\000t\000i\000o\000n\000\040\000\050\000P\000a\000r\000t\000\040\000I\000I\000\051}{chapter.18}% 76
\BOOKMARK [1][-]{section.18.3}{\376\377\000R\000e\000c\000o\000v\000e\000r\000e\000d\000\040\000F\000o\000r\000m\000a\000l\000i\000s\000m\000\040\000\050\000P\000a\000r\000t\000\040\000I\000I\000I\000\051}{chapter.18}% 77
\BOOKMARK [1][-]{section.18.4}{\376\377\000A\000\040\000N\000o\000t\000e\000\040\000o\000n\000\040\000R\000e\000c\000e\000n\000t\000\040\000L\000i\000t\000e\000r\000a\000t\000u\000r\000e\000:\000\040\000R\000e\000p\000r\000e\000s\000e\000n\000t\000a\000t\000i\000o\000n\000\040\000V\000e\000r\000s\000u\000s\000\040\000S\000t\000r\000u\000c\000t\000u\000r\000e}{chapter.18}% 78
\BOOKMARK [1][-]{section.18.5}{\376\377\000T\000h\000e\000\040\000A\000s\000s\000u\000m\000p\000t\000i\000o\000n\000s\000,\000\040\000C\000o\000l\000l\000e\000c\000t\000e\000d}{chapter.18}% 79
\BOOKMARK [0][-]{chapter.19}{\376\377\000T\000h\000e\000\040\000A\000m\000p\000l\000i\000t\000w\000i\000s\000t\000\040\000F\000o\000u\000n\000d\000a\000t\000i\000o\000n\000s\000\040\000o\000f\000\040\000C\000o\000m\000p\000l\000e\000x\000\040\000S\000t\000r\000u\000c\000t\000u\000r\000e}{part.3}% 80
\BOOKMARK [1][-]{section.19.1}{\376\377\000S\000c\000a\000l\000i\000n\000g\000\040\000a\000n\000d\000\040\000R\000o\000t\000a\000t\000i\000o\000n\000\040\000C\000o\000m\000b\000i\000n\000e\000d}{chapter.19}% 81
\BOOKMARK [1][-]{section.19.2}{\376\377\000A\000m\000p\000l\000i\000t\000w\000i\000s\000t\000s\000\040\000A\000r\000e\000\040\000C\000o\000m\000p\000l\000e\000x\000\040\000M\000u\000l\000t\000i\000p\000l\000i\000c\000a\000t\000i\000o\000n}{chapter.19}% 82
\BOOKMARK [1][-]{section.19.3}{\376\377\000T\000h\000e\000\040\000G\000e\000n\000e\000r\000a\000t\000o\000r\000\040\000J}{chapter.19}% 83
\BOOKMARK [1][-]{section.19.4}{\376\377\000C\000o\000m\000p\000o\000s\000i\000t\000e\000\040\000S\000y\000s\000t\000e\000m\000s\000:\000\040\000A\000\040\000S\000e\000l\000f\000-\000D\000e\000r\000i\000v\000e\000d\000\040\000I\000l\000l\000u\000s\000t\000r\000a\000t\000i\000o\000n}{chapter.19}% 84
\BOOKMARK [-1][-]{part.4}{\376\377\000I\000V\000\040\000D\000e\000e\000p\000e\000n\000i\000n\000g\000\040\000t\000h\000e\000\040\000R\000e\000c\000o\000n\000s\000t\000r\000u\000c\000t\000i\000o\000n}{}% 85
\BOOKMARK [0][-]{chapter.20}{\376\377\000M\000i\000n\000i\000m\000a\000l\000\040\000W\000i\000t\000n\000e\000s\000s\000e\000s\000\040\000i\000n\000\040\000H\000i\000g\000h\000e\000r\000\040\000D\000i\000m\000e\000n\000s\000i\000o\000n\000s}{part.4}% 86
\BOOKMARK [0][-]{chapter.21}{\376\377\000T\000o\000w\000a\000r\000d\000\040\000Q\000u\000a\000t\000e\000r\000n\000i\000o\000n\000i\000c\000\040\000S\000e\000p\000a\000r\000a\000t\000i\000o\000n}{part.4}% 87
\BOOKMARK [1][-]{section.21.1}{\376\377\000W\000h\000a\000t\000\040\000G\000e\000n\000e\000r\000a\000l\000i\000z\000e\000s\000,\000\040\000a\000n\000d\000\040\000W\000h\000y}{chapter.21}% 88
\BOOKMARK [1][-]{section.21.2}{\376\377\000T\000h\000e\000\040\000C\000-\000H\000\040\000M\000i\000n\000i\000m\000a\000l\000\040\000W\000i\000t\000n\000e\000s\000s\000\040\000Q\000u\000e\000s\000t\000i\000o\000n}{chapter.21}% 89
\BOOKMARK [1][-]{section.21.3}{\376\377\000W\000h\000a\000t\000\040\000T\000h\000i\000s\000\040\000C\000h\000a\000p\000t\000e\000r\000\040\000D\000o\000e\000s\000\040\000N\000o\000t\000\040\000E\000s\000t\000a\000b\000l\000i\000s\000h}{chapter.21}% 90
\BOOKMARK [0][-]{chapter.22}{\376\377\000T\000h\000e\000\040\000F\000o\000r\000b\000i\000d\000d\000e\000n\000\040\000S\000u\000b\000g\000r\000a\000p\000h\000,\000\040\000R\000e\000s\000o\000l\000v\000e\000d\000\040\000a\000t\000\040\000d\000=\0002}{part.4}% 91
\BOOKMARK [1][-]{section.22.1}{\376\377\000S\000u\000b\000d\000i\000v\000i\000s\000i\000o\000n\000\040\000P\000r\000e\000s\000e\000r\000v\000e\000s\000\040\000t\000h\000e\000\040\000O\000b\000s\000t\000r\000u\000c\000t\000i\000o\000n}{chapter.22}% 92
\BOOKMARK [1][-]{section.22.2}{\376\377\000T\000h\000e\000\040\000F\000o\000r\000b\000i\000d\000d\000e\000n\000\040\000S\000u\000b\000g\000r\000a\000p\000h\000\040\000T\000h\000e\000o\000r\000e\000m}{chapter.22}% 93
\BOOKMARK [1][-]{section.22.3}{\376\377\000C\000o\000n\000t\000r\000a\000s\000t\000\040\000w\000i\000t\000h\000\040\000d\000>\000=\0003}{chapter.22}% 94
\BOOKMARK [0][-]{chapter.23}{\376\377\000T\000h\000e\000\040\000D\000e\000n\000s\000i\000t\000y\000\040\000Q\000u\000e\000s\000t\000i\000o\000n\000,\000\040\000R\000e\000s\000o\000l\000v\000e\000d\000\040\000S\000h\000a\000r\000p\000l\000y}{part.4}% 95
\BOOKMARK [1][-]{section.23.1}{\376\377\000A\000\040\000N\000a\000t\000u\000r\000a\000l\000\040\000M\000e\000a\000s\000u\000r\000e\000,\000\040\000a\000n\000d\000\040\000a\000\040\000C\000o\000r\000r\000e\000c\000t\000i\000o\000n}{chapter.23}% 96
\BOOKMARK [1][-]{section.23.2}{\376\377\000T\000h\000e\000\040\000S\000h\000a\000r\000p\000\040\000R\000e\000s\000u\000l\000t}{chapter.23}% 97
\BOOKMARK [1][-]{section.23.3}{\376\377\000W\000h\000y\000\040\000T\000h\000i\000s\000\040\000I\000s\000\040\000N\000o\000t\000\040\000a\000n\000\040\000E\000r\000d\001\121\000s\040\023\000R\000\351\000n\000y\000i\000\040\000T\000h\000r\000e\000s\000h\000o\000l\000d}{chapter.23}% 98
\BOOKMARK [0][-]{chapter.24}{\376\377\000A\000\040\000Q\000u\000a\000t\000e\000r\000n\000i\000o\000n\000i\000c\000\040\000M\000u\000t\000u\000a\000l\000l\000y\000-\000U\000n\000b\000i\000a\000s\000e\000d\000-\000B\000a\000s\000i\000s\000\040\000B\000o\000u\000n\000d}{part.4}% 99
\BOOKMARK [1][-]{section.24.1}{\376\377\000T\000w\000o\000\040\000T\000r\000a\000p\000s\000,\000\040\000a\000n\000d\000\040\000W\000h\000y\000\040\000N\000e\000i\000t\000h\000e\000r\000\040\000B\000i\000t\000e\000s}{chapter.24}% 100
\BOOKMARK [1][-]{section.24.2}{\376\377\000T\000h\000e\000\040\000B\000o\000u\000n\000d}{chapter.24}% 101
\BOOKMARK [1][-]{section.24.3}{\376\377\000W\000h\000a\000t\000\040\000T\000h\000i\000s\000\040\000B\000o\000u\000n\000d\000\040\000D\000o\000e\000s\000\040\000a\000n\000d\000\040\000D\000o\000e\000s\000\040\000N\000o\000t\000\040\000E\000s\000t\000a\000b\000l\000i\000s\000h}{chapter.24}% 102
\BOOKMARK [0][-]{appendix.A}{\376\377\000N\000o\000t\000a\000t\000i\000o\000n\000\040\000a\000n\000d\000\040\000C\000o\000n\000v\000e\000n\000t\000i\000o\000n\000s}{part.4}% 103
\BOOKMARK [1][-]{section.A.1}{\376\377\000N\000u\000m\000b\000e\000r\000\040\000S\000y\000s\000t\000e\000m\000s}{appendix.A}% 104
\BOOKMARK [1][-]{section.A.2}{\376\377\000M\000a\000t\000r\000i\000x\000\040\000C\000l\000a\000s\000s\000e\000s}{appendix.A}% 105
\BOOKMARK [1][-]{section.A.3}{\376\377\000T\000h\000e\000\040\000C\000a\000n\000o\000n\000i\000c\000a\000l\000\040\000A\000n\000g\000l\000e\000\040\000\050\000R\000e\000a\000l\000\040\0002\000x\0002\000\040\000C\000a\000s\000e\000\051}{appendix.A}% 106
\BOOKMARK [1][-]{section.A.4}{\376\377\000C\000o\000n\000t\000e\000x\000t\000\040\000G\000r\000a\000p\000h\000s}{appendix.A}% 107
\BOOKMARK [1][-]{section.A.5}{\376\377\000R\000e\000c\000u\000r\000r\000i\000n\000g\000\040\000A\000b\000b\000r\000e\000v\000i\000a\000t\000i\000o\000n\000s}{appendix.A}% 108
\BOOKMARK [0][-]{appendix.B}{\376\377\000Q\000u\000a\000t\000e\000r\000n\000i\000o\000n\000i\000c\000\040\000P\000r\000e\000l\000i\000m\000i\000n\000a\000r\000i\000e\000s}{part.4}% 109
\BOOKMARK [1][-]{section.B.1}{\376\377\000T\000h\000e\000\040\000Q\000u\000a\000t\000e\000r\000n\000i\000o\000n\000\040\000A\000l\000g\000e\000b\000r\000a}{appendix.B}% 110
\BOOKMARK [1][-]{section.B.2}{\376\377\000U\000n\000i\000t\000\040\000Q\000u\000a\000t\000e\000r\000n\000i\000o\000n\000s\000\040\000a\000n\000d\000\040\000R\000o\000t\000a\000t\000i\000o\000n\000s}{appendix.B}% 111
\BOOKMARK [1][-]{section.B.3}{\376\377\000T\000h\000e\000\040\000C\000l\000i\000f\000f\000o\000r\000d\000\040\000A\000l\000g\000e\000b\000r\000a\000\040\000C\000o\000r\000r\000e\000s\000p\000o\000n\000d\000e\000n\000c\000e}{appendix.B}% 112
\BOOKMARK [1][-]{section.B.4}{\376\377\000Q\000u\000a\000t\000e\000r\000n\000i\000o\000n\000i\000c\000\040\000M\000a\000t\000r\000i\000c\000e\000s}{appendix.B}% 113
\BOOKMARK [1][-]{section.B.5}{\376\377\000T\000w\000o\000\040\000T\000r\000a\000p\000s}{appendix.B}% 114
\BOOKMARK [1][-]{section.B.6}{\376\377\000S\000u\000m\000m\000a\000r\000y\000\040\000T\000a\000b\000l\000e}{appendix.B}% 115
