\BOOKMARK [0][-]{chapter*.1}{\376\377\000P\000r\000e\000f\000a\000c\000e}{}% 1
\BOOKMARK [0][-]{chapter*.2}{\376\377\000H\000o\000w\000\040\000t\000o\000\040\000U\000s\000e\000\040\000T\000h\000i\000s\000\040\000B\000o\000o\000k}{}% 2
\BOOKMARK [-1][-]{part.1}{\376\377\000I\000\040\000F\000o\000u\000n\000d\000a\000t\000i\000o\000n\000s\000\040\000o\000f\000\040\000C\000o\000m\000p\000u\000t\000a\000t\000i\000o\000n}{}% 3
\BOOKMARK [0][-]{chapter.1}{\376\377\000B\000o\000o\000l\000e\000a\000n\000\040\000W\000o\000r\000l\000d\000s}{part.1}% 4
\BOOKMARK [1][-]{section.1.1}{\376\377\000S\000i\000g\000n\000a\000l\000s}{chapter.1}% 5
\BOOKMARK [1][-]{section.1.2}{\376\377\000B\000o\000o\000l\000e\000a\000n\000\040\000O\000p\000e\000r\000a\000t\000i\000o\000n\000s}{chapter.1}% 6
\BOOKMARK [1][-]{section.1.3}{\376\377\000N\000A\000N\000D\000\040\000U\000n\000i\000v\000e\000r\000s\000a\000l\000i\000t\000y}{chapter.1}% 7
\BOOKMARK [0][-]{chapter.2}{\376\377\000G\000a\000t\000e\000s\000\040\000a\000n\000d\000\040\000B\000u\000b\000b\000l\000e\000\040\000L\000o\000g\000i\000c}{part.1}% 8
\BOOKMARK [1][-]{section.2.1}{\376\377\000T\000h\000e\000\040\000B\000u\000b\000b\000l\000e\000\040\000M\000o\000d\000e\000l}{chapter.2}% 9
\BOOKMARK [1][-]{section.2.2}{\376\377\000M\000u\000l\000t\000i\000-\000B\000i\000t\000\040\000B\000u\000s\000e\000s}{chapter.2}% 10
\BOOKMARK [1][-]{section.2.3}{\376\377\000B\000u\000b\000b\000l\000e\000s\000\040\000a\000s\000\040\000W\000o\000r\000l\000d\000\040\000O\000b\000j\000e\000c\000t\000s}{chapter.2}% 11
\BOOKMARK [-1][-]{part.2}{\376\377\000I\000I\000\040\000S\000t\000a\000t\000e\000\040\000a\000n\000d\000\040\000M\000e\000m\000o\000r\000y}{}% 12
\BOOKMARK [0][-]{section.2.4}{\376\377\000N\000u\000m\000e\000r\000i\000c\000a\000l\000\040\000R\000e\000p\000r\000e\000s\000e\000n\000t\000a\000t\000i\000o\000n\000\040\000a\000n\000d\000\040\000F\000i\000x\000e\000d\000-\000P\000o\000i\000n\000t\000\040\000A\000r\000i\000t\000h\000m\000e\000t\000i\000c}{part.2}% 13
\BOOKMARK [1][-]{subsection.2.4.1}{\376\377\000U\000n\000s\000i\000g\000n\000e\000d\000\040\000I\000n\000t\000e\000g\000e\000r\000s}{section.2.4}% 14
\BOOKMARK [2][-]{subsection.2.4.2}{\376\377\000F\000i\000x\000e\000d\000-\000P\000o\000i\000n\000t\000\040\000A\000r\000i\000t\000h\000m\000e\000t\000i\000c\000\040\000f\000o\000r\000\040\000S\000i\000m\000u\000l\000a\000t\000i\000o\000n}{subsection.2.4.1}% 15
\BOOKMARK [0][-]{chapter.3}{\376\377\000S\000e\000q\000u\000e\000n\000t\000i\000a\000l\000\040\000M\000e\000m\000o\000r\000y}{part.2}% 16
\BOOKMARK [1][-]{section.3.1}{\376\377\000T\000h\000e\000\040\000S\000R\000\040\000L\000a\000t\000c\000h}{chapter.3}% 17
\BOOKMARK [1][-]{section.3.2}{\376\377\000T\000h\000e\000\040\000D\000a\000t\000a\000\040\000F\000l\000i\000p\000-\000F\000l\000o\000p}{chapter.3}% 18
\BOOKMARK [1][-]{section.3.3}{\376\377\000R\000e\000g\000i\000s\000t\000e\000r\000s\000\040\000a\000n\000d\000\040\000R\000A\000M}{chapter.3}% 19
\BOOKMARK [0][-]{chapter.4}{\376\377\000S\000p\000a\000t\000i\000a\000l\000\040\000S\000t\000a\000t\000e\000\040\000M\000a\000c\000h\000i\000n\000e\000s}{part.2}% 20
\BOOKMARK [1][-]{section.4.1}{\376\377\000C\000e\000l\000l\000u\000l\000a\000r\000\040\000A\000u\000t\000o\000m\000a\000t\000a\000\040\000a\000s\000\040\000W\000o\000r\000l\000d\000\040\000P\000h\000y\000s\000i\000c\000s}{chapter.4}% 21
\BOOKMARK [1][-]{section.4.2}{\376\377\000L\000o\000c\000a\000l\000\040\000R\000u\000l\000e\000s\000\040\000a\000s\000\040\000W\000o\000r\000l\000d\000\040\000L\000a\000w\000s}{chapter.4}% 22
\BOOKMARK [-1][-]{part.3}{\376\377\000I\000I\000I\000\040\000S\000p\000a\000t\000i\000a\000l\000\040\000W\000o\000r\000l\000d\000s}{}% 23
\BOOKMARK [0][-]{chapter.5}{\376\377\000T\000i\000l\000e\000\040\000A\000r\000c\000h\000i\000t\000e\000c\000t\000u\000r\000e\000s}{part.3}% 24
\BOOKMARK [1][-]{section.5.1}{\376\377\000T\000h\000e\000\040\000T\000i\000l\000e\000\040\000a\000s\000\040\000a\000\040\000S\000t\000r\000u\000c\000t\000u\000r\000e\000d\000\040\000B\000u\000b\000b\000l\000e}{chapter.5}% 25
\BOOKMARK [1][-]{section.5.2}{\376\377\000T\000e\000r\000r\000a\000i\000n\000\040\000C\000l\000a\000s\000s\000e\000s}{chapter.5}% 26
\BOOKMARK [0][-]{chapter.6}{\376\377\000R\000e\000s\000o\000u\000r\000c\000e\000\040\000C\000i\000r\000c\000u\000i\000t\000s}{part.3}% 27
\BOOKMARK [1][-]{section.6.1}{\376\377\000R\000e\000s\000o\000u\000r\000c\000e\000\040\000T\000y\000p\000e\000s}{chapter.6}% 28
\BOOKMARK [1][-]{section.6.2}{\376\377\000P\000r\000o\000d\000u\000c\000t\000i\000o\000n\000\040\000a\000s\000\040\000a\000\040\000C\000i\000r\000c\000u\000i\000t}{chapter.6}% 29
\BOOKMARK [0][-]{chapter.7}{\376\377\000V\000i\000s\000i\000b\000i\000l\000i\000t\000y\000\040\000a\000n\000d\000\040\000E\000x\000p\000l\000o\000r\000a\000t\000i\000o\000n}{part.3}% 30
\BOOKMARK [1][-]{section.7.1}{\376\377\000T\000h\000e\000\040\000V\000i\000s\000i\000b\000i\000l\000i\000t\000y\000\040\000S\000y\000s\000t\000e\000m}{chapter.7}% 31
\BOOKMARK [1][-]{section.7.2}{\376\377\000L\000i\000n\000e\000\040\000o\000f\000\040\000S\000i\000g\000h\000t}{chapter.7}% 32
\BOOKMARK [-1][-]{part.4}{\376\377\000I\000V\000\040\000A\000g\000e\000n\000t\000s\000\040\000a\000n\000d\000\040\000E\000c\000o\000n\000o\000m\000i\000e\000s}{}% 33
\BOOKMARK [0][-]{chapter.8}{\376\377\000A\000g\000e\000n\000t\000\040\000M\000a\000c\000h\000i\000n\000e\000s}{part.4}% 34
\BOOKMARK [1][-]{section.8.1}{\376\377\000T\000h\000e\000\040\000A\000g\000e\000n\000t\000\040\000M\000o\000d\000e\000l}{chapter.8}% 35
\BOOKMARK [1][-]{section.8.2}{\376\377\000U\000n\000i\000t\000\040\000a\000s\000\040\000A\000g\000e\000n\000t}{chapter.8}% 36
\BOOKMARK [0][-]{chapter.9}{\376\377\000E\000x\000p\000a\000n\000s\000i\000o\000n\000\040\000D\000y\000n\000a\000m\000i\000c\000s}{part.4}% 37
\BOOKMARK [1][-]{section.9.1}{\376\377\000S\000e\000t\000t\000l\000i\000n\000g}{chapter.9}% 38
\BOOKMARK [1][-]{section.9.2}{\376\377\000B\000o\000r\000d\000e\000r\000\040\000G\000r\000o\000w\000t\000h}{chapter.9}% 39
\BOOKMARK [0][-]{chapter.10}{\376\377\000T\000r\000a\000d\000e\000\040\000a\000n\000d\000\040\000L\000o\000g\000i\000s\000t\000i\000c\000s}{part.4}% 40
\BOOKMARK [1][-]{section.10.1}{\376\377\000T\000r\000a\000d\000e\000\040\000R\000o\000u\000t\000e\000s\000\040\000a\000s\000\040\000W\000i\000r\000e\000s}{chapter.10}% 41
\BOOKMARK [0][-]{chapter.11}{\376\377\000W\000a\000r\000\040\000a\000n\000d\000\040\000C\000o\000n\000f\000l\000i\000c\000t\000\040\000R\000e\000s\000o\000l\000u\000t\000i\000o\000n}{part.4}% 42
\BOOKMARK [1][-]{section.11.1}{\376\377\000C\000o\000m\000b\000a\000t\000\040\000a\000s\000\040\000M\000u\000t\000u\000a\000l\000\040\000E\000x\000c\000l\000u\000s\000i\000o\000n}{chapter.11}% 43
\BOOKMARK [-1][-]{part.5}{\376\377\000V\000\040\000C\000i\000v\000i\000l\000i\000z\000a\000t\000i\000o\000n\000\040\000a\000n\000d\000\040\000E\000m\000e\000r\000g\000e\000n\000c\000e}{}% 44
\BOOKMARK [0][-]{chapter.12}{\376\377\000D\000i\000p\000l\000o\000m\000a\000c\000y\000\040\000a\000n\000d\000\040\000R\000e\000c\000u\000r\000s\000i\000v\000e\000\040\000B\000e\000l\000i\000e\000f}{part.5}% 45
\BOOKMARK [1][-]{section.12.1}{\376\377\000T\000r\000e\000a\000t\000i\000e\000s\000\040\000a\000s\000\040\000S\000h\000a\000r\000e\000d\000\040\000B\000u\000b\000b\000l\000e\000s}{chapter.12}% 46
\BOOKMARK [1][-]{section.12.2}{\376\377\000R\000e\000c\000u\000r\000s\000i\000v\000e\000\040\000B\000e\000l\000i\000e\000f}{chapter.12}% 47
\BOOKMARK [0][-]{chapter.13}{\376\377\000M\000a\000r\000k\000o\000v\000\040\000B\000l\000a\000n\000k\000e\000t\000s\000\040\000a\000n\000d\000\040\000W\000o\000r\000l\000d\000\040\000B\000o\000u\000n\000d\000a\000r\000i\000e\000s}{part.5}% 48
\BOOKMARK [1][-]{section.13.1}{\376\377\000T\000h\000e\000\040\000M\000a\000r\000k\000o\000v\000\040\000B\000l\000a\000n\000k\000e\000t\000\040\000F\000o\000r\000m\000a\000l\000l\000y}{chapter.13}% 49
\BOOKMARK [1][-]{section.13.2}{\376\377\000E\000v\000e\000r\000y\000\040\000B\000u\000b\000b\000l\000e\000\040\000i\000s\000\040\000a\000\040\000M\000a\000r\000k\000o\000v\000\040\000B\000l\000a\000n\000k\000e\000t}{chapter.13}% 50
\BOOKMARK [1][-]{section.13.3}{\376\377\000A\000g\000e\000n\000t\000\040\000P\000e\000r\000c\000e\000p\000t\000i\000o\000n\000\040\000a\000s\000\040\000S\000e\000n\000s\000o\000r\000y\000\040\000P\000r\000o\000j\000e\000c\000t\000i\000o\000n}{chapter.13}% 51
\BOOKMARK [1][-]{section.13.4}{\376\377\000F\000r\000e\000e\000\040\000E\000n\000e\000r\000g\000y\000\040\000a\000n\000d\000\040\000P\000r\000e\000d\000i\000c\000t\000i\000v\000e\000\040\000W\000o\000r\000l\000d\000s}{chapter.13}% 52
\BOOKMARK [1][-]{section.13.5}{\376\377\000I\000n\000t\000e\000r\000a\000c\000t\000i\000n\000g\000\040\000B\000l\000a\000n\000k\000e\000t\000s\000\040\000a\000n\000d\000\040\000C\000o\000l\000l\000e\000c\000t\000i\000v\000e\000\040\000I\000n\000f\000e\000r\000e\000n\000c\000e}{chapter.13}% 53
\BOOKMARK [1][-]{section.13.6}{\376\377\000H\000i\000s\000t\000o\000r\000y\000\040\000a\000s\000\040\000B\000l\000a\000n\000k\000e\000t\000\040\000S\000t\000a\000b\000i\000l\000i\000z\000a\000t\000i\000o\000n}{chapter.13}% 54
\BOOKMARK [1][-]{section.13.7}{\376\377\000S\000e\000l\000f\000\040\000a\000s\000\040\000C\000o\000m\000p\000r\000e\000s\000s\000i\000o\000n\000\040\000A\000r\000t\000i\000f\000a\000c\000t}{chapter.13}% 55
\BOOKMARK [0][-]{chapter.14}{\376\377\000T\000e\000c\000h\000n\000o\000l\000o\000g\000y\000\040\000T\000r\000e\000e\000s}{part.5}% 56
\BOOKMARK [1][-]{section.14.1}{\376\377\000T\000e\000c\000h\000n\000o\000l\000o\000g\000y\000\040\000a\000s\000\040\000D\000A\000G}{chapter.14}% 57
\BOOKMARK [0][-]{chapter.15}{\376\377\000E\000c\000o\000l\000o\000g\000y\000\040\000a\000n\000d\000\040\000E\000n\000t\000r\000o\000p\000y}{part.5}% 58
\BOOKMARK [1][-]{section.15.1}{\376\377\000R\000e\000s\000o\000u\000r\000c\000e\000\040\000D\000e\000p\000l\000e\000t\000i\000o\000n}{chapter.15}% 59
\BOOKMARK [1][-]{section.15.2}{\376\377\000F\000o\000r\000e\000s\000t\000\040\000S\000p\000r\000e\000a\000d\000\040\000a\000n\000d\000\040\000D\000e\000f\000o\000r\000e\000s\000t\000a\000t\000i\000o\000n}{chapter.15}% 60
\BOOKMARK [0][-]{chapter.16}{\376\377\000P\000r\000o\000c\000e\000d\000u\000r\000a\000l\000\040\000H\000i\000s\000t\000o\000r\000y}{part.5}% 61
\BOOKMARK [1][-]{section.16.1}{\376\377\000T\000h\000e\000\040\000E\000v\000e\000n\000t\000\040\000L\000o\000g}{chapter.16}% 62
\BOOKMARK [1][-]{section.16.2}{\376\377\000N\000a\000r\000r\000a\000t\000i\000v\000e\000\040\000G\000e\000n\000e\000r\000a\000t\000i\000o\000n}{chapter.16}% 63
\BOOKMARK [0][-]{chapter.17}{\376\377\000P\000e\000r\000s\000i\000s\000t\000e\000n\000t\000\040\000W\000o\000r\000l\000d\000s}{part.5}% 64
\BOOKMARK [1][-]{section.17.1}{\376\377\000T\000h\000e\000\040\000W\000o\000r\000l\000d\000\040\000a\000s\000\040\000a\000\040\000C\000o\000m\000p\000o\000s\000i\000t\000i\000o\000n\000a\000l\000\040\000D\000y\000n\000a\000m\000i\000c\000a\000l\000\040\000S\000y\000s\000t\000e\000m}{chapter.17}% 65
\BOOKMARK [1][-]{section.17.2}{\376\377\000T\000h\000e\000\040\000F\000u\000l\000l\000\040\000W\000o\000r\000l\000d\000\040\000B\000u\000b\000b\000l\000e}{chapter.17}% 66
\BOOKMARK [1][-]{section.17.3}{\376\377\000T\000h\000e\000\040\000A\000b\000s\000t\000r\000a\000c\000t\000i\000o\000n\000\040\000L\000a\000d\000d\000e\000r}{chapter.17}% 67
\BOOKMARK [1][-]{section.17.4}{\376\377\000V\000i\000c\000t\000o\000r\000y\000\040\000C\000o\000n\000d\000i\000t\000i\000o\000n\000s\000\040\000a\000s\000\040\000G\000l\000o\000b\000a\000l\000\040\000P\000r\000e\000d\000i\000c\000a\000t\000e\000s}{chapter.17}% 68
\BOOKMARK [1][-]{section.17.5}{\376\377\000W\000o\000r\000l\000d\000s\000\040\000T\000h\000a\000t\000\040\000R\000e\000w\000r\000i\000t\000e\000\040\000T\000h\000e\000m\000s\000e\000l\000v\000e\000s}{chapter.17}% 69
\BOOKMARK [-1][-]{part.6}{\376\377\000V\000I\000\040\000P\000e\000r\000s\000i\000s\000t\000e\000n\000c\000e\000\040\000a\000n\000d\000\040\000E\000m\000e\000r\000g\000e\000n\000c\000e}{}% 70
\BOOKMARK [0][-]{chapter.18}{\376\377\000P\000e\000r\000s\000i\000s\000t\000e\000n\000c\000e\000\040\000a\000n\000d\000\040\000S\000a\000v\000e\000\040\000S\000y\000s\000t\000e\000m\000s}{part.6}% 71
\BOOKMARK [1][-]{section.18.1}{\376\377\000W\000h\000a\000t\000\040\000M\000u\000s\000t\000\040\000B\000e\000\040\000S\000a\000v\000e\000d}{chapter.18}% 72
\BOOKMARK [1][-]{section.18.2}{\376\377\000S\000e\000r\000i\000a\000l\000i\000z\000a\000t\000i\000o\000n\000\040\000a\000s\000\040\000W\000o\000r\000l\000d\000\040\000P\000r\000o\000j\000e\000c\000t\000i\000o\000n}{chapter.18}% 73
\BOOKMARK [1][-]{section.18.3}{\376\377\000R\000o\000l\000l\000b\000a\000c\000k\000\040\000a\000n\000d\000\040\000R\000e\000p\000l\000a\000y}{chapter.18}% 74
\BOOKMARK [0][-]{chapter.19}{\376\377\000E\000m\000e\000r\000g\000e\000n\000c\000e}{part.6}% 75
\BOOKMARK [1][-]{section.19.1}{\376\377\000F\000o\000r\000m\000a\000l\000\040\000D\000e\000f\000i\000n\000i\000t\000i\000o\000n\000\040\000o\000f\000\040\000E\000m\000e\000r\000g\000e\000n\000c\000e}{chapter.19}% 76
\BOOKMARK [1][-]{section.19.2}{\376\377\000P\000o\000w\000e\000r\000\040\000L\000a\000w\000s\000\040\000a\000n\000d\000\040\000Z\000i\000p\000f\000'\000s\000\040\000L\000a\000w}{chapter.19}% 77
\BOOKMARK [1][-]{section.19.3}{\376\377\000P\000h\000a\000s\000e\000\040\000T\000r\000a\000n\000s\000i\000t\000i\000o\000n\000s\000\040\000i\000n\000\040\000C\000i\000v\000i\000l\000i\000z\000a\000t\000i\000o\000n}{chapter.19}% 78
\BOOKMARK [-1][-]{part.7}{\376\377\000V\000I\000I\000\040\000H\000i\000s\000t\000o\000r\000y\000\040\000B\000e\000f\000o\000r\000e\000\040\000S\000t\000a\000t\000e}{}% 79
\BOOKMARK [0][-]{chapter.20}{\376\377\000E\000v\000e\000n\000t\000s\000\040\000B\000e\000f\000o\000r\000e\000\040\000O\000b\000j\000e\000c\000t\000s}{part.7}% 80
\BOOKMARK [1][-]{section.20.1}{\376\377\000T\000h\000e\000\040\000E\000v\000e\000n\000t\000-\000C\000e\000n\000t\000r\000i\000c\000\040\000W\000o\000r\000l\000d\000\040\000M\000o\000d\000e\000l}{chapter.20}% 81
\BOOKMARK [1][-]{section.20.2}{\376\377\000E\000v\000e\000n\000t\000\040\000S\000o\000u\000r\000c\000i\000n\000g\000\040\000a\000s\000\040\000I\000n\000f\000o\000r\000m\000a\000t\000i\000o\000n\000\040\000P\000r\000e\000s\000e\000r\000v\000a\000t\000i\000o\000n}{chapter.20}% 82
\BOOKMARK [1][-]{section.20.3}{\376\377\000H\000i\000s\000t\000o\000r\000i\000c\000a\000l\000\040\000I\000d\000e\000n\000t\000i\000t\000y}{chapter.20}% 83
\BOOKMARK [0][-]{chapter.21}{\376\377\000N\000e\000s\000t\000e\000d\000\040\000W\000o\000r\000l\000d\000s\000\040\000a\000n\000d\000\040\000B\000u\000b\000b\000l\000e\000\040\000S\000c\000o\000p\000e}{part.7}% 84
\BOOKMARK [1][-]{section.21.1}{\376\377\000T\000h\000e\000\040\000S\000c\000o\000p\000e\000\040\000H\000i\000e\000r\000a\000r\000c\000h\000y}{chapter.21}% 85
\BOOKMARK [0][-]{chapter.22}{\376\377\000T\000h\000e\000\040\000P\000o\000p\000\040\000O\000p\000e\000r\000a\000t\000o\000r}{part.7}% 86
\BOOKMARK [1][-]{section.22.1}{\376\377\000O\000p\000t\000i\000o\000n\000\040\000S\000p\000a\000c\000e\000s\000\040\000a\000n\000d\000\040\000C\000o\000n\000t\000r\000a\000c\000t\000i\000o\000n}{chapter.22}% 87
\BOOKMARK [0][-]{chapter.23}{\376\377\000M\000e\000r\000g\000e\000\040\000a\000n\000d\000\040\000C\000o\000l\000l\000a\000p\000s\000e}{part.7}% 88
\BOOKMARK [1][-]{section.23.1}{\376\377\000T\000h\000e\000\040\000M\000e\000r\000g\000e\000\040\000S\000e\000m\000i\000l\000a\000t\000t\000i\000c\000e}{chapter.23}% 89
\BOOKMARK [1][-]{section.23.2}{\376\377\000C\000o\000l\000l\000a\000p\000s\000e\000\040\000a\000n\000d\000\040\000C\000a\000n\000o\000n\000i\000c\000a\000l\000i\000z\000a\000t\000i\000o\000n}{chapter.23}% 90
\BOOKMARK [0][-]{chapter.24}{\376\377\000H\000i\000s\000t\000o\000r\000y\000\040\000a\000s\000\040\000I\000d\000e\000n\000t\000i\000t\000y}{part.7}% 91
\BOOKMARK [1][-]{section.24.1}{\376\377\000P\000r\000o\000v\000e\000n\000a\000n\000c\000e\000\040\000a\000n\000d\000\040\000L\000i\000n\000e\000a\000g\000e}{chapter.24}% 92
\BOOKMARK [-1][-]{part.8}{\376\377\000V\000I\000I\000I\000\040\000G\000e\000o\000m\000e\000t\000r\000i\000c\000\040\000C\000o\000m\000p\000u\000t\000a\000t\000i\000o\000n}{}% 93
\BOOKMARK [0][-]{chapter.25}{\376\377\000G\000e\000o\000m\000e\000t\000r\000y\000\040\000a\000s\000\040\000C\000o\000m\000p\000u\000t\000a\000t\000i\000o\000n}{part.8}% 94
\BOOKMARK [1][-]{section.25.1}{\376\377\000T\000i\000l\000e\000\040\000G\000r\000a\000p\000h\000s\000\040\000a\000n\000d\000\040\000S\000p\000a\000t\000i\000a\000l\000\040\000T\000o\000p\000o\000l\000o\000g\000y}{chapter.25}% 95
\BOOKMARK [1][-]{section.25.2}{\376\377\000R\000e\000g\000i\000o\000n\000-\000B\000a\000s\000e\000d\000\040\000T\000e\000r\000r\000i\000t\000o\000r\000i\000a\000l\000\040\000R\000e\000a\000s\000o\000n\000i\000n\000g}{chapter.25}% 96
\BOOKMARK [0][-]{chapter.26}{\376\377\000O\000p\000t\000i\000o\000n\000a\000l\000i\000t\000y\000\040\000a\000n\000d\000\040\000E\000n\000t\000r\000o\000p\000y}{part.8}% 97
\BOOKMARK [1][-]{section.26.1}{\376\377\000T\000h\000e\000\040\000O\000p\000t\000i\000o\000n\000a\000l\000i\000t\000y\000\040\000F\000i\000e\000l\000d}{chapter.26}% 98
\BOOKMARK [0][-]{chapter.27}{\376\377\000T\000r\000a\000j\000e\000c\000t\000o\000r\000y\000\040\000C\000o\000l\000l\000a\000p\000s\000e}{part.8}% 99
\BOOKMARK [1][-]{section.27.1}{\376\377\000H\000y\000p\000o\000t\000h\000e\000s\000i\000s\000\040\000M\000a\000n\000i\000f\000o\000l\000d\000s}{chapter.27}% 100
\BOOKMARK [-1][-]{part.9}{\376\377\000I\000X\000\040\000C\000a\000t\000e\000g\000o\000r\000y\000\040\000T\000h\000e\000o\000r\000y\000\040\000a\000n\000d\000\040\000W\000o\000r\000l\000d\000\040\000C\000o\000n\000s\000t\000r\000u\000c\000t\000i\000o\000n}{}% 101
\BOOKMARK [0][-]{chapter.28}{\376\377\000M\000o\000r\000p\000h\000i\000s\000m\000s\000\040\000a\000n\000d\000\040\000H\000i\000s\000t\000o\000r\000i\000c\000a\000l\000\040\000W\000o\000r\000l\000d\000s}{part.9}% 102
\BOOKMARK [1][-]{section.28.1}{\376\377\000T\000h\000e\000\040\000H\000i\000s\000t\000o\000r\000y\000\040\000C\000a\000t\000e\000g\000o\000r\000y}{chapter.28}% 103
\BOOKMARK [0][-]{chapter.29}{\376\377\000S\000h\000e\000a\000v\000e\000s\000\040\000a\000n\000d\000\040\000L\000o\000c\000a\000l\000\040\000C\000o\000h\000e\000r\000e\000n\000c\000e}{part.9}% 104
\BOOKMARK [1][-]{section.29.1}{\376\377\000T\000h\000e\000\040\000I\000n\000f\000o\000r\000m\000a\000t\000i\000o\000n\000\040\000S\000h\000e\000a\000f}{chapter.29}% 105
\BOOKMARK [0][-]{chapter.30}{\376\377\000S\000e\000m\000a\000n\000t\000i\000c\000\040\000I\000n\000f\000r\000a\000s\000t\000r\000u\000c\000t\000u\000r\000e}{part.9}% 106
\BOOKMARK [1][-]{section.30.1}{\376\377\000W\000o\000r\000l\000d\000\040\000S\000i\000m\000u\000l\000a\000t\000i\000o\000n\000\040\000a\000s\000\040\000D\000i\000s\000t\000r\000i\000b\000u\000t\000e\000d\000\040\000S\000y\000s\000t\000e\000m}{chapter.30}% 107
\BOOKMARK [-1][-]{part.10}{\376\377\000X\000\040\000T\000h\000e\000\040\000P\000h\000i\000l\000o\000s\000o\000p\000h\000y\000\040\000o\000f\000\040\000C\000o\000m\000p\000u\000t\000a\000t\000i\000o\000n\000a\000l\000\040\000W\000o\000r\000l\000d\000s}{}% 108
\BOOKMARK [0][-]{chapter.31}{\376\377\000M\000e\000a\000n\000i\000n\000g\000\040\000a\000s\000\040\000U\000s\000e}{part.10}% 109
\BOOKMARK [1][-]{section.31.1}{\376\377\000G\000a\000m\000e\000\040\000R\000u\000l\000e\000s\000\040\000a\000s\000\040\000S\000e\000m\000a\000n\000t\000i\000c\000\040\000A\000x\000i\000o\000m\000s}{chapter.31}% 110
\BOOKMARK [0][-]{chapter.32}{\376\377\000C\000i\000v\000i\000l\000i\000z\000a\000t\000i\000o\000n\000\040\000a\000s\000\040\000C\000o\000m\000p\000u\000t\000a\000t\000i\000o\000n}{part.10}% 111
\BOOKMARK [1][-]{section.32.1}{\376\377\000T\000h\000e\000\040\000C\000i\000v\000i\000l\000i\000z\000a\000t\000i\000o\000n\000\040\000a\000s\000\040\000a\000\040\000T\000u\000r\000i\000n\000g\000\040\000M\000a\000c\000h\000i\000n\000e}{chapter.32}% 112
\BOOKMARK [0][-]{chapter.33}{\376\377\000T\000h\000e\000\040\000F\000i\000n\000i\000t\000e\000\040\000W\000o\000r\000l\000d}{part.10}% 113
\BOOKMARK [1][-]{section.33.1}{\376\377\000I\000r\000r\000e\000v\000e\000r\000s\000i\000b\000i\000l\000i\000t\000y\000\040\000a\000n\000d\000\040\000P\000a\000t\000h\000\040\000D\000e\000p\000e\000n\000d\000e\000n\000c\000e}{chapter.33}% 114
\BOOKMARK [1][-]{section.33.2}{\376\377\000H\000i\000s\000t\000o\000r\000i\000c\000a\000l\000\040\000L\000o\000c\000k\000-\000I\000n}{chapter.33}% 115
\BOOKMARK [1][-]{section.33.3}{\376\377\000T\000h\000e\000\040\000F\000i\000n\000a\000l\000\040\000P\000e\000r\000s\000p\000e\000c\000t\000i\000v\000e}{chapter.33}% 116
\BOOKMARK [0][-]{appendix.A}{\376\377\000S\000p\000h\000e\000r\000e\000p\000o\000p\000\040\000L\000a\000n\000g\000u\000a\000g\000e\000\040\000R\000e\000f\000e\000r\000e\000n\000c\000e}{part.10}% 117
\BOOKMARK [1][-]{section.A.1}{\376\377\000P\000r\000i\000m\000i\000t\000i\000v\000e\000\040\000B\000u\000b\000b\000l\000e\000s}{appendix.A}% 118
\BOOKMARK [1][-]{section.A.2}{\376\377\000S\000y\000n\000t\000a\000x\000\040\000S\000u\000m\000m\000a\000r\000y}{appendix.A}% 119
\BOOKMARK [1][-]{section.A.3}{\376\377\000B\000u\000i\000l\000t\000-\000i\000n\000\040\000E\000x\000p\000r\000e\000s\000s\000i\000o\000n\000s}{appendix.A}% 120
\BOOKMARK [0][-]{appendix.B}{\376\377\000T\000r\000u\000t\000h\000\040\000T\000a\000b\000l\000e\000s\000\040\000a\000n\000d\000\040\000G\000a\000t\000e\000\040\000D\000i\000a\000g\000r\000a\000m\000s}{part.10}% 121
\BOOKMARK [1][-]{section.B.1}{\376\377\000F\000u\000n\000d\000a\000m\000e\000n\000t\000a\000l\000\040\000G\000a\000t\000e\000s}{appendix.B}% 122
\BOOKMARK [0][-]{appendix.C}{\376\377\000T\000h\000e\000\040\0004\000X\000\040\000D\000e\000s\000i\000g\000n\000\040\000P\000a\000t\000t\000e\000r\000n\000\040\000G\000l\000o\000s\000s\000a\000r\000y}{part.10}% 123
\BOOKMARK [0][-]{appendix.D}{\376\377\000F\000o\000r\000m\000a\000l\000\040\000B\000u\000b\000b\000l\000e\000\040\000S\000e\000m\000a\000n\000t\000i\000c\000s}{part.10}% 124
\BOOKMARK [1][-]{section.D.1}{\376\377\000B\000u\000b\000b\000l\000e\000s\000\040\000a\000s\000\040\000M\000e\000a\000l\000y\000\040\000M\000a\000c\000h\000i\000n\000e\000s}{appendix.D}% 125
\BOOKMARK [1][-]{section.D.2}{\376\377\000B\000u\000b\000b\000l\000e\000\040\000C\000o\000m\000p\000o\000s\000i\000t\000i\000o\000n}{appendix.D}% 126
\BOOKMARK [1][-]{section.D.3}{\376\377\000T\000h\000e\000\040\000C\000a\000t\000e\000g\000o\000r\000y\000\040\000o\000f\000\040\000B\000u\000b\000b\000l\000e\000s}{appendix.D}% 127
\BOOKMARK [1][-]{section.D.4}{\376\377\000C\000o\000n\000n\000e\000c\000t\000i\000o\000n\000\040\000t\000o\000\040\000M\000a\000r\000k\000o\000v\000\040\000B\000l\000a\000n\000k\000e\000t\000s}{appendix.D}% 128
\BOOKMARK [0][-]{appendix.E}{\376\377\000B\000o\000o\000l\000e\000a\000n\000\040\000F\000o\000u\000n\000d\000a\000t\000i\000o\000n\000s\000\040\000o\000f\000\040\000S\000p\000h\000e\000r\000e\000p\000o\000p\000\040\000G\000a\000t\000e\000s}{part.10}% 129
\BOOKMARK [1][-]{section.E.1}{\376\377\000P\000r\000i\000m\000i\000t\000i\000v\000e\000\040\000B\000i\000n\000a\000r\000y\000\040\000A\000l\000g\000e\000b\000r\000a}{appendix.E}% 130
\BOOKMARK [1][-]{section.E.2}{\376\377\000E\000v\000a\000l\000u\000a\000t\000i\000o\000n\000\040\000S\000e\000m\000a\000n\000t\000i\000c\000s}{appendix.E}% 131
\BOOKMARK [0][-]{appendix.F}{\376\377\000E\000v\000e\000n\000t\000\040\000H\000i\000s\000t\000o\000r\000i\000e\000s\000\040\000a\000n\000d\000\040\000O\000p\000t\000i\000o\000n\000\040\000S\000p\000a\000c\000e\000s}{part.10}% 132
\BOOKMARK [1][-]{section.F.1}{\376\377\000H\000i\000s\000t\000o\000r\000i\000c\000a\000l\000\040\000S\000t\000a\000t\000e\000\040\000S\000p\000a\000c\000e\000s}{appendix.F}% 133
\BOOKMARK [1][-]{section.F.2}{\376\377\000H\000i\000s\000t\000o\000r\000i\000c\000a\000l\000\040\000I\000d\000e\000n\000t\000i\000t\000y\000\040\000a\000s\000\040\000E\000q\000u\000i\000v\000a\000l\000e\000n\000c\000e\000\040\000R\000e\000l\000a\000t\000i\000o\000n}{appendix.F}% 134
\BOOKMARK [0][-]{appendix.G}{\376\377\000M\000e\000r\000g\000e\040\023\000C\000o\000l\000l\000a\000p\000s\000e\000\040\000A\000l\000g\000e\000b\000r\000a}{part.10}% 135
\BOOKMARK [1][-]{section.G.1}{\376\377\000M\000e\000r\000g\000e\000\040\000L\000a\000t\000t\000i\000c\000e}{appendix.G}% 136
\BOOKMARK [0][-]{appendix.H}{\376\377\000S\000e\000q\000u\000e\000n\000t\000i\000a\000l\000\040\000B\000u\000b\000b\000l\000e\000\040\000M\000a\000c\000h\000i\000n\000e\000s}{part.10}% 137
\BOOKMARK [1][-]{section.H.1}{\376\377\000B\000u\000b\000b\000l\000e\000\040\000A\000u\000t\000o\000m\000a\000t\000a}{appendix.H}% 138
\BOOKMARK [0][-]{appendix.I}{\376\377\000E\000n\000t\000r\000o\000p\000y\000\040\000a\000n\000d\000\040\000O\000p\000t\000i\000o\000n\000a\000l\000i\000t\000y}{part.10}% 139
\BOOKMARK [1][-]{section.I.1}{\376\377\000H\000i\000s\000t\000o\000r\000i\000c\000a\000l\000\040\000E\000n\000t\000r\000o\000p\000y}{appendix.I}% 140
\BOOKMARK [1][-]{section.I.2}{\376\377\000C\000o\000l\000l\000a\000p\000s\000e\000\040\000C\000r\000i\000t\000e\000r\000i\000o\000n}{appendix.I}% 141
\BOOKMARK [0][-]{appendix.J}{\376\377\000C\000a\000t\000e\000g\000o\000r\000y\000-\000T\000h\000e\000o\000r\000e\000t\000i\000c\000\040\000S\000e\000m\000a\000n\000t\000i\000c\000s}{part.10}% 142
\BOOKMARK [1][-]{section.J.1}{\376\377\000T\000h\000e\000\040\000H\000i\000s\000t\000o\000r\000y\000\040\000C\000a\000t\000e\000g\000o\000r\000y}{appendix.J}% 143
\BOOKMARK [1][-]{section.J.2}{\376\377\000M\000o\000n\000o\000t\000o\000n\000e\000\040\000V\000i\000c\000t\000o\000r\000y\000\040\000C\000o\000n\000d\000i\000t\000i\000o\000n\000s}{appendix.J}% 144
\BOOKMARK [0][-]{appendix.K}{\376\377\000P\000r\000o\000c\000e\000d\000u\000r\000a\000l\000\040\000W\000o\000r\000l\000d\000\040\000D\000y\000n\000a\000m\000i\000c\000s}{part.10}% 145
\BOOKMARK [1][-]{section.K.1}{\376\377\000T\000i\000l\000e\000\040\000E\000v\000o\000l\000u\000t\000i\000o\000n\000\040\000P\000D\000E}{appendix.K}% 146
\BOOKMARK [0][-]{appendix.L}{\376\377\000T\000r\000a\000j\000e\000c\000t\000o\000r\000y\000\040\000C\000o\000l\000l\000a\000p\000s\000e\000\040\000G\000e\000o\000m\000e\000t\000r\000y}{part.10}% 147
\BOOKMARK [1][-]{section.L.1}{\376\377\000H\000y\000p\000o\000t\000h\000e\000s\000i\000s\000\040\000M\000a\000n\000i\000f\000o\000l\000d\000s}{appendix.L}% 148
\BOOKMARK [1][-]{section.L.2}{\376\377\000I\000n\000f\000o\000r\000m\000a\000t\000i\000o\000n\000\040\000G\000a\000i\000n\000\040\000f\000r\000o\000m\000\040\000S\000t\000r\000a\000t\000e\000g\000i\000c\000\040\000I\000n\000t\000e\000l\000l\000i\000g\000e\000n\000c\000e}{appendix.L}% 149
\BOOKMARK [0][-]{appendix*.11}{\376\377\000B\000i\000b\000l\000i\000o\000g\000r\000a\000p\000h\000y}{part.10}% 150
\BOOKMARK [0][-]{appendix*.13}{\376\377\000I\000n\000d\000e\000x\000\040\000o\000f\000\040\000S\000p\000h\000e\000r\000e\000p\000o\000p\000\040\000B\000u\000b\000b\000l\000e\000s}{part.10}% 151
