\BOOKMARK [0][-]{chapter.1}{\376\377\000F\000o\000u\000n\000d\000a\000t\000i\000o\000n\000s}{}% 1
\BOOKMARK [1][-]{section.1.1}{\376\377\000D\000i\000s\000t\000i\000n\000c\000t\000i\000o\000n\000\040\000B\000e\000f\000o\000r\000e\000\040\000O\000b\000j\000e\000c\000t}{chapter.1}% 2
\BOOKMARK [1][-]{section.1.2}{\376\377\000A\000d\000m\000i\000s\000s\000i\000b\000i\000l\000i\000t\000y}{chapter.1}% 3
\BOOKMARK [1][-]{section.1.3}{\376\377\000I\000d\000e\000n\000t\000i\000t\000y\000\040\000V\000e\000r\000s\000u\000s\000\040\000C\000o\000n\000t\000i\000n\000u\000a\000t\000i\000o\000n}{chapter.1}% 4
\BOOKMARK [1][-]{section.1.4}{\376\377\000R\000e\000p\000a\000i\000r\000\040\000a\000n\000d\000\040\000R\000e\000c\000o\000n\000s\000t\000r\000u\000c\000t\000i\000o\000n}{chapter.1}% 5
\BOOKMARK [1][-]{section.1.5}{\376\377\000C\000h\000a\000i\000n\000\040\000o\000f\000\040\000M\000e\000m\000o\000r\000y}{chapter.1}% 6
\BOOKMARK [1][-]{section.1.6}{\376\377\000O\000p\000e\000r\000a\000t\000o\000r\000\040\000E\000c\000o\000l\000o\000g\000y}{chapter.1}% 7
\BOOKMARK [1][-]{section.1.7}{\376\377\000R\000S\000V\000P\000\040\000a\000s\000\040\000P\000h\000y\000s\000i\000c\000a\000l\000\040\000S\000u\000b\000s\000t\000r\000a\000t\000e}{chapter.1}% 8
\BOOKMARK [0][-]{chapter.2}{\376\377\000S\000e\000l\000f\000-\000I\000m\000p\000r\000o\000v\000i\000n\000g\000\040\000C\000o\000d\000e\000\040\000a\000s\000\040\000C\000o\000n\000t\000i\000n\000u\000a\000t\000i\000o\000n\000\040\000G\000e\000o\000m\000e\000t\000r\000y}{}% 9
\BOOKMARK [1][-]{section.2.1}{\376\377\000W\000h\000y\000\040\000`\000`\000S\000e\000l\000f\000-\000I\000m\000p\000r\000o\000v\000i\000n\000g\000'\000'\000\040\000I\000s\000\040\000U\000n\000d\000e\000r\000s\000p\000e\000c\000i\000f\000i\000e\000d}{chapter.2}% 10
\BOOKMARK [1][-]{section.2.2}{\376\377\000C\000o\000n\000t\000i\000n\000u\000a\000t\000i\000o\000n\000\040\000a\000s\000\040\000O\000p\000e\000r\000a\000t\000o\000r\000\040\000C\000o\000m\000p\000o\000s\000i\000t\000i\000o\000n}{chapter.2}% 11
\BOOKMARK [1][-]{section.2.3}{\376\377\000R\000e\000c\000u\000r\000s\000i\000o\000n\000\040\000W\000i\000t\000h\000o\000u\000t\000\040\000A\000m\000n\000e\000s\000i\000a}{chapter.2}% 12
\BOOKMARK [1][-]{section.2.4}{\376\377\000W\000h\000y\000\040\000F\000i\000t\000n\000e\000s\000s\000\040\000I\000s\000\040\000I\000n\000s\000u\000f\000f\000i\000c\000i\000e\000n\000t}{chapter.2}% 13
\BOOKMARK [1][-]{section.2.5}{\376\377\000T\000h\000e\000\040\000B\000r\000i\000d\000g\000e\000\040\000t\000o\000\040\000M\000e\000d\000i\000a\000\040\000Q\000u\000i\000n\000e\000s}{chapter.2}% 14
\BOOKMARK [0][-]{chapter.3}{\376\377\000Q\000u\000i\000n\000e\000s\000\040\000G\000e\000n\000e\000r\000a\000l\000i\000z\000e\000d}{}% 15
\BOOKMARK [1][-]{section.3.1}{\376\377\000T\000h\000e\000\040\000C\000l\000a\000s\000s\000i\000c\000a\000l\000\040\000Q\000u\000i\000n\000e}{chapter.3}% 16
\BOOKMARK [1][-]{section.3.2}{\376\377\000F\000r\000o\000m\000\040\000S\000o\000u\000r\000c\000e\000-\000C\000o\000d\000e\000\040\000S\000e\000l\000f\000-\000R\000e\000p\000r\000o\000d\000u\000c\000t\000i\000o\000n\000\040\000t\000o\000\040\000M\000e\000d\000i\000a\000\040\000Q\000u\000i\000n\000e\000s}{chapter.3}% 17
\BOOKMARK [1][-]{section.3.3}{\376\377\000M\000e\000d\000i\000a\000\040\000Q\000u\000i\000n\000e\000s\000\040\000a\000s\000\040\000G\000e\000n\000e\000r\000a\000l\000i\000z\000e\000d\000\040\000F\000i\000x\000e\000d\000\040\000P\000o\000i\000n\000t\000s}{chapter.3}% 18
\BOOKMARK [1][-]{section.3.4}{\376\377\000T\000h\000e\000\040\000T\000h\000r\000e\000e\000-\000L\000e\000v\000e\000l\000\040\000H\000i\000e\000r\000a\000r\000c\000h\000y}{chapter.3}% 19
\BOOKMARK [1][-]{section.3.5}{\376\377\000P\000a\000r\000t\000i\000a\000l\000\040\000M\000e\000d\000i\000a\000\040\000Q\000u\000i\000n\000e\000s}{chapter.3}% 20
\BOOKMARK [1][-]{section.3.6}{\376\377\000A\000d\000m\000i\000s\000s\000i\000b\000i\000l\000i\000t\000y\000,\000\040\000N\000o\000t\000\040\000F\000i\000d\000e\000l\000i\000t\000y}{chapter.3}% 21
\BOOKMARK [1][-]{section.3.7}{\376\377\000A\000r\000c\000h\000i\000v\000e\000s\000\040\000a\000s\000\040\000C\000o\000m\000p\000u\000t\000a\000t\000i\000o\000n\000a\000l\000\040\000S\000u\000b\000s\000t\000r\000a\000t\000e\000s}{chapter.3}% 22
\BOOKMARK [1][-]{section.3.8}{\376\377\000C\000o\000m\000p\000r\000e\000s\000s\000i\000o\000n\000\040\000a\000n\000d\000\040\000L\000a\000t\000e\000n\000t\000\040\000O\000p\000e\000r\000a\000t\000o\000r\000s}{chapter.3}% 23
\BOOKMARK [0][-]{chapter.4}{\376\377\000T\000h\000e\000\040\000M\000e\000d\000i\000a\000\040\000Q\000u\000i\000n\000e\000\040\000a\000s\000\040\000O\000p\000e\000r\000a\000t\000o\000r\000\040\000F\000a\000c\000t\000o\000r\000y}{}% 24
\BOOKMARK [1][-]{section.4.1}{\376\377\000R\000e\000a\000d\000i\000n\000g\000\040\000a\000s\000\040\000I\000n\000s\000t\000a\000l\000l\000a\000t\000i\000o\000n}{chapter.4}% 25
\BOOKMARK [1][-]{section.4.2}{\376\377\000I\000n\000t\000e\000r\000p\000r\000e\000t\000a\000t\000i\000o\000n\000\040\000a\000s\000\040\000E\000x\000e\000c\000u\000t\000i\000o\000n}{chapter.4}% 26
\BOOKMARK [1][-]{section.4.3}{\376\377\000S\000p\000h\000e\000r\000e\000p\000o\000p\000\040\000a\000s\000\040\000a\000\040\000P\000r\000i\000m\000i\000t\000i\000v\000e\000\040\000A\000l\000p\000h\000a\000b\000e\000t}{chapter.4}% 27
\BOOKMARK [1][-]{section.4.4}{\376\377\000M\000i\000n\000i\000m\000a\000l\000\040\000O\000p\000e\000r\000a\000t\000o\000r\000\040\000B\000a\000s\000e\000s}{chapter.4}% 28
\BOOKMARK [1][-]{section.4.5}{\376\377\000S\000e\000l\000e\000c\000t\000i\000o\000n\000,\000\040\000E\000x\000c\000l\000u\000s\000i\000o\000n\000,\000\040\000C\000o\000u\000p\000l\000i\000n\000g\000,\000\040\000P\000r\000o\000j\000e\000c\000t\000i\000o\000n\000\040\000i\000n\000\040\000t\000h\000e\000\040\000I\000n\000t\000e\000r\000p\000r\000e\000t\000e\000r}{chapter.4}% 29
\BOOKMARK [1][-]{section.4.6}{\376\377\000O\000p\000e\000r\000a\000t\000o\000r\000\040\000F\000a\000c\000t\000o\000r\000i\000e\000s\000\040\000a\000n\000d\000\040\000O\000p\000e\000r\000a\000t\000o\000r\000\040\000E\000c\000o\000l\000o\000g\000y}{chapter.4}% 30
\BOOKMARK [0][-]{chapter.5}{\376\377\000R\000e\000c\000o\000n\000s\000t\000r\000u\000c\000t\000i\000o\000n\000\040\000U\000n\000d\000e\000r\000\040\000R\000e\000c\000u\000r\000s\000i\000v\000e\000\040\000S\000e\000l\000f\000-\000M\000o\000d\000i\000f\000i\000c\000a\000t\000i\000o\000n}{}% 31
\BOOKMARK [1][-]{section.5.1}{\376\377\000T\000h\000e\000\040\000M\000o\000v\000i\000n\000g\000-\000T\000a\000r\000g\000e\000t\000\040\000P\000r\000o\000b\000l\000e\000m}{chapter.5}% 32
\BOOKMARK [1][-]{section.5.2}{\376\377\000S\000e\000l\000f\000-\000M\000o\000d\000i\000f\000i\000c\000a\000t\000i\000o\000n\000\040\000L\000i\000n\000e\000a\000g\000e\000s}{chapter.5}% 33
\BOOKMARK [1][-]{section.5.3}{\376\377\000L\000o\000c\000a\000l\000\040\000V\000e\000r\000s\000u\000s\000\040\000G\000l\000o\000b\000a\000l\000\040\000R\000e\000c\000o\000n\000s\000t\000r\000u\000c\000t\000i\000o\000n}{chapter.5}% 34
\BOOKMARK [1][-]{section.5.4}{\376\377\000D\000r\000i\000f\000t\000,\000\040\000R\000e\000p\000a\000i\000r\000,\000\040\000a\000n\000d\000\040\000t\000h\000e\000\040\000C\000o\000s\000t\000\040\000o\000f\000\040\000A\000m\000n\000e\000s\000i\000a}{chapter.5}% 35
\BOOKMARK [1][-]{section.5.5}{\376\377\000R\000e\000p\000a\000i\000r\000\040\000O\000p\000e\000r\000a\000t\000o\000r\000s\000\040\000M\000u\000s\000t\000\040\000T\000h\000e\000m\000s\000e\000l\000v\000e\000s\000\040\000S\000u\000r\000v\000i\000v\000e}{chapter.5}% 36
\BOOKMARK [1][-]{section.5.6}{\376\377\000T\000h\000e\000\040\000C\000o\000n\000t\000i\000n\000u\000a\000t\000i\000o\000n\000\040\000C\000r\000i\000t\000e\000r\000i\000o\000n}{chapter.5}% 37
\BOOKMARK [1][-]{section.5.7}{\376\377\000N\000e\000c\000e\000s\000s\000a\000r\000y\000\040\000V\000e\000r\000s\000u\000s\000\040\000S\000u\000f\000f\000i\000c\000i\000e\000n\000t\000\040\000C\000o\000n\000d\000i\000t\000i\000o\000n\000s}{chapter.5}% 38
\BOOKMARK [0][-]{chapter.6}{\376\377\000B\000u\000i\000l\000d\000i\000n\000g\000\040\000t\000h\000e\000\040\000T\000h\000i\000n\000g}{}% 39
\BOOKMARK [1][-]{section.6.1}{\376\377\000D\000e\000s\000i\000g\000n\000\040\000R\000e\000q\000u\000i\000r\000e\000m\000e\000n\000t\000s\000\040\000R\000e\000s\000t\000a\000t\000e\000d}{chapter.6}% 40
\BOOKMARK [1][-]{section.6.2}{\376\377\000A\000\040\000G\000e\000n\000e\000r\000a\000t\000i\000o\000n\000\040\000a\000s\000\040\000a\000\040\000S\000p\000h\000e\000r\000e\000p\000o\000p\000\040\000H\000i\000s\000t\000o\000r\000y}{chapter.6}% 41
\BOOKMARK [1][-]{section.6.3}{\376\377\000T\000h\000e\000\040\000M\000o\000d\000i\000f\000i\000c\000a\000t\000i\000o\000n\000\040\000O\000p\000e\000r\000a\000t\000o\000r\000\040\000a\000s\000\040\000B\000i\000n\000d\040\023\000C\000o\000l\000l\000a\000p\000s\000e}{chapter.6}% 42
\BOOKMARK [1][-]{section.6.4}{\376\377\000T\000h\000e\000\040\000V\000e\000r\000i\000f\000i\000c\000a\000t\000i\000o\000n\000\040\000O\000p\000e\000r\000a\000t\000o\000r\000\040\000a\000s\000\040\000P\000o\000p\040\023\000R\000e\000f\000u\000s\000e}{chapter.6}% 43
\BOOKMARK [1][-]{section.6.5}{\376\377\000T\000r\000u\000s\000t\000\040\000B\000o\000u\000n\000d\000a\000r\000i\000e\000s}{chapter.6}% 44
\BOOKMARK [1][-]{section.6.6}{\376\377\000A\000\040\000W\000o\000r\000k\000e\000d\000\040\000T\000o\000y\000\040\000L\000i\000n\000e\000a\000g\000e}{chapter.6}% 45
\BOOKMARK [1][-]{section.6.7}{\376\377\000E\000x\000t\000e\000r\000n\000a\000l\000i\000z\000e\000d\000\040\000C\000h\000a\000i\000n\000\040\000o\000f\000\040\000M\000e\000m\000o\000r\000y}{chapter.6}% 46
\BOOKMARK [1][-]{section.6.8}{\376\377\000W\000h\000e\000r\000e\000\040\000T\000h\000i\000s\000\040\000M\000e\000e\000t\000s\000\040\000O\000p\000e\000r\000a\000t\000o\000r\000\040\000E\000c\000o\000l\000o\000g\000y\000\040\000i\000n\000\040\000P\000r\000a\000c\000t\000i\000c\000e}{chapter.6}% 47
\BOOKMARK [0][-]{chapter.7}{\376\377\000F\000a\000i\000l\000u\000r\000e\000\040\000M\000o\000d\000e\000s\000\040\000a\000n\000d\000\040\000L\000i\000m\000i\000t\000s}{}% 48
\BOOKMARK [1][-]{section.7.1}{\376\377\000F\000o\000r\000m\000a\000l\000\040\000S\000a\000t\000i\000s\000f\000a\000c\000t\000i\000o\000n\000\040\000W\000i\000t\000h\000o\000u\000t\000\040\000P\000r\000a\000c\000t\000i\000c\000a\000l\000\040\000R\000e\000c\000o\000n\000s\000t\000r\000u\000c\000t\000i\000b\000i\000l\000i\000t\000y}{chapter.7}% 49
\BOOKMARK [1][-]{section.7.2}{\376\377\000N\000o\000n\000-\000A\000d\000m\000i\000s\000s\000i\000b\000l\000e\000\040\000M\000u\000t\000a\000t\000i\000o\000n\000\040\000P\000a\000s\000s\000i\000n\000g\000\040\000a\000s\000\040\000A\000d\000m\000i\000s\000s\000i\000b\000l\000e}{chapter.7}% 50
\BOOKMARK [1][-]{section.7.3}{\376\377\000G\000r\000a\000d\000u\000a\000l\000\040\000C\000a\000t\000a\000s\000t\000r\000o\000p\000h\000e}{chapter.7}% 51
\BOOKMARK [1][-]{section.7.4}{\376\377\000L\000o\000s\000s\000\040\000o\000f\000\040\000t\000h\000e\000\040\000C\000h\000a\000i\000n\000-\000o\000f\000-\000M\000e\000m\000o\000r\000y\000\040\000F\000i\000x\000e\000d\000\040\000P\000o\000i\000n\000t}{chapter.7}% 52
\BOOKMARK [1][-]{section.7.5}{\376\377\000G\000o\000o\000d\000h\000a\000r\000t\000'\000s\000\040\000L\000a\000w\000\040\000a\000n\000d\000\040\000R\000e\000c\000u\000r\000s\000i\000v\000e\000\040\000I\000m\000p\000r\000o\000v\000e\000m\000e\000n\000t}{chapter.7}% 53
\BOOKMARK [1][-]{section.7.6}{\376\377\000T\000h\000e\000\040\000C\000o\000s\000t\000\040\000o\000f\000\040\000M\000a\000i\000n\000t\000a\000i\000n\000i\000n\000g\000\040\000F\000u\000l\000l\000\040\000H\000i\000s\000t\000o\000r\000y}{chapter.7}% 54
\BOOKMARK [1][-]{section.7.7}{\376\377\000S\000c\000o\000p\000e\000\040\000o\000f\000\040\000t\000h\000e\000\040\000C\000l\000a\000i\000m\000s}{chapter.7}% 55
\BOOKMARK [0][-]{chapter.8}{\376\377\000C\000i\000v\000i\000l\000i\000z\000a\000t\000i\000o\000n\000a\000l\000\040\000a\000n\000d\000\040\000C\000o\000g\000n\000i\000t\000i\000v\000e\000\040\000I\000m\000p\000l\000i\000c\000a\000t\000i\000o\000n\000s}{}% 56
\BOOKMARK [1][-]{section.8.1}{\376\377\000B\000e\000y\000o\000n\000d\000\040\000t\000h\000e\000\040\000S\000i\000n\000g\000l\000e\000\040\000L\000i\000n\000e\000a\000g\000e}{chapter.8}% 57
\BOOKMARK [1][-]{section.8.2}{\376\377\000K\000e\000y\000s\000t\000o\000n\000e\000\040\000O\000p\000e\000r\000a\000t\000o\000r\000s\000\040\000R\000e\000v\000i\000s\000i\000t\000e\000d}{chapter.8}% 58
\BOOKMARK [1][-]{section.8.3}{\376\377\000C\000o\000g\000n\000i\000t\000i\000o\000n\000\040\000a\000s\000\040\000a\000\040\000S\000e\000l\000f\000-\000M\000o\000d\000i\000f\000i\000c\000a\000t\000i\000o\000n\000\040\000L\000i\000n\000e\000a\000g\000e}{chapter.8}% 59
\BOOKMARK [1][-]{section.8.4}{\376\377\000M\000e\000d\000i\000a\000\040\000Q\000u\000i\000n\000e\000s\000\040\000A\000c\000r\000o\000s\000s\000\040\000D\000o\000m\000a\000i\000n\000s}{chapter.8}% 60
\BOOKMARK [1][-]{section.8.5}{\376\377\000C\000l\000o\000s\000i\000n\000g\000\040\000R\000e\000m\000a\000r\000k}{chapter.8}% 61
\BOOKMARK [0][-]{appendix.A}{\376\377\000A\000d\000m\000i\000s\000s\000i\000b\000i\000l\000i\000t\000y\000\040\000S\000p\000a\000c\000e\000s\000\040\000a\000n\000d\000\040\000C\000o\000n\000t\000i\000n\000u\000a\000t\000i\000o\000n\000\040\000G\000e\000o\000m\000e\000t\000r\000y}{}% 62
\BOOKMARK [0][-]{appendix.B}{\376\377\000M\000e\000d\000i\000a\000\040\000Q\000u\000i\000n\000e\000s\000\040\000a\000s\000\040\000F\000i\000x\000e\000d\000\040\000P\000o\000i\000n\000t\000s}{}% 63
\BOOKMARK [0][-]{appendix.C}{\376\377\000R\000e\000c\000o\000n\000s\000t\000r\000u\000c\000t\000i\000o\000n\000\040\000M\000e\000t\000r\000i\000c\000s}{}% 64
\BOOKMARK [0][-]{appendix.D}{\376\377\000C\000a\000t\000e\000g\000o\000r\000y\000-\000T\000h\000e\000o\000r\000e\000t\000i\000c\000\040\000F\000o\000r\000m\000u\000l\000a\000t\000i\000o\000n}{}% 65
\BOOKMARK [0][-]{appendix.E}{\376\377\000S\000p\000h\000e\000r\000e\000p\000o\000p\000\040\000A\000l\000g\000e\000b\000r\000a}{}% 66
\BOOKMARK [0][-]{appendix.F}{\376\377\000D\000y\000n\000a\000m\000i\000c\000a\000l\000\040\000S\000y\000s\000t\000e\000m\000s}{}% 67
\BOOKMARK [0][-]{appendix.G}{\376\377\000I\000n\000f\000o\000r\000m\000a\000t\000i\000o\000n\000\040\000W\000i\000t\000h\000o\000u\000t\000\040\000R\000e\000p\000r\000e\000s\000e\000n\000t\000a\000t\000i\000o\000n}{}% 68
\BOOKMARK [0][-]{appendix*.2}{\376\377\000B\000i\000b\000l\000i\000o\000g\000r\000a\000p\000h\000y}{}% 69
