\BOOKMARK [0][-]{chapter*.1}{\376\377\000I\000n\000t\000r\000o\000d\000u\000c\000t\000i\000o\000n\000:\000\040\000O\000n\000\040\000t\000h\000e\000\040\000T\000e\000a\000c\000h\000i\000n\000g\000\040\000o\000f\000\040\000T\000r\000i\000g\000o\000n\000o\000m\000e\000t\000r\000y}{}% 1
\BOOKMARK [0][-]{chapter*.2}{\376\377\000P\000r\000e\000f\000a\000c\000e}{}% 2
\BOOKMARK [0][-]{chapter.0}{\376\377\000S\000t\000r\000u\000c\000t\000u\000r\000e\000\040\000f\000r\000o\000m\000\040\000C\000o\000n\000s\000t\000r\000a\000i\000n\000t}{}% 3
\BOOKMARK [1][-]{section.0.1}{\376\377\000D\000i\000s\000c\000r\000e\000t\000e\000\040\000S\000t\000a\000t\000e\000\040\000S\000p\000a\000c\000e\000s}{chapter.0}% 4
\BOOKMARK [1][-]{section.0.2}{\376\377\000C\000o\000n\000s\000t\000r\000a\000i\000n\000t\000s\000\040\000G\000e\000n\000e\000r\000a\000t\000e\000\040\000S\000t\000r\000u\000c\000t\000u\000r\000e}{chapter.0}% 5
\BOOKMARK [1][-]{section.0.3}{\376\377\000F\000r\000o\000m\000\040\000D\000i\000s\000c\000r\000e\000t\000e\000\040\000C\000o\000n\000s\000t\000r\000a\000i\000n\000t\000\040\000t\000o\000\040\000C\000o\000n\000t\000i\000n\000u\000o\000u\000s\000\040\000I\000n\000v\000a\000r\000i\000a\000n\000c\000e}{chapter.0}% 6
\BOOKMARK [1][-]{section.0.4}{\376\377\000E\000x\000e\000r\000c\000i\000s\000e\000s}{chapter.0}% 7
\BOOKMARK [-1][-]{part.1}{\376\377\000I\000\040\000S\000i\000m\000i\000l\000a\000r\000i\000t\000y\000,\000\040\000R\000a\000t\000i\000o\000s\000,\000\040\000a\000n\000d\000\040\000C\000o\000o\000r\000d\000i\000n\000a\000t\000e\000s}{}% 8
\BOOKMARK [0][-]{chapter.1}{\376\377\000S\000i\000m\000i\000l\000a\000r\000i\000t\000y\000,\000\040\000R\000a\000t\000i\000o\000s\000,\000\040\000a\000n\000d\000\040\000S\000c\000a\000l\000e}{part.1}% 9
\BOOKMARK [1][-]{section.1.1}{\376\377\000W\000h\000y\000\040\000S\000i\000z\000e\000\040\000M\000a\000t\000t\000e\000r\000s}{chapter.1}% 10
\BOOKMARK [1][-]{section.1.2}{\376\377\000S\000c\000a\000l\000e\000\040\000T\000r\000a\000n\000s\000f\000o\000r\000m\000a\000t\000i\000o\000n\000s}{chapter.1}% 11
\BOOKMARK [1][-]{section.1.3}{\376\377\000S\000i\000m\000i\000l\000a\000r\000\040\000F\000i\000g\000u\000r\000e\000s}{chapter.1}% 12
\BOOKMARK [1][-]{section.1.4}{\376\377\000S\000i\000m\000i\000l\000a\000r\000\040\000T\000r\000i\000a\000n\000g\000l\000e\000s}{chapter.1}% 13
\BOOKMARK [1][-]{section.1.5}{\376\377\000D\000e\000r\000i\000v\000a\000t\000i\000o\000n\000:\000\040\000W\000h\000y\000\040\000R\000a\000t\000i\000o\000s\000\040\000S\000u\000r\000v\000i\000v\000e\000\040\000S\000c\000a\000l\000i\000n\000g}{chapter.1}% 14
\BOOKMARK [1][-]{section.1.6}{\376\377\000T\000h\000e\000\040\000G\000e\000o\000m\000e\000t\000r\000y\000\040\000o\000f\000\040\000I\000n\000v\000a\000r\000i\000a\000n\000c\000e}{chapter.1}% 15
\BOOKMARK [1][-]{section.1.7}{\376\377\000S\000i\000m\000i\000l\000a\000r\000i\000t\000y\000\040\000C\000r\000i\000t\000e\000r\000i\000a}{chapter.1}% 16
\BOOKMARK [1][-]{section.1.8}{\376\377\000A\000p\000p\000l\000i\000c\000a\000t\000i\000o\000n\000s\000:\000\040\000S\000i\000m\000i\000l\000a\000r\000i\000t\000y\000\040\000a\000s\000\040\000a\000\040\000T\000o\000o\000l\000\040\000f\000o\000r\000\040\000M\000e\000a\000s\000u\000r\000e\000m\000e\000n\000t}{chapter.1}% 17
\BOOKMARK [1][-]{section.1.9}{\376\377\000L\000o\000o\000k\000i\000n\000g\000\040\000A\000h\000e\000a\000d}{chapter.1}% 18
\BOOKMARK [1][-]{section.1.10}{\376\377\000E\000x\000e\000r\000c\000i\000s\000e\000s}{chapter.1}% 19
\BOOKMARK [0][-]{chapter.2}{\376\377\000C\000o\000o\000r\000d\000i\000n\000a\000t\000e\000s\000\040\000a\000n\000d\000\040\000V\000e\000c\000t\000o\000r\000s}{part.1}% 20
\BOOKMARK [1][-]{section.2.1}{\376\377\000W\000h\000y\000\040\000P\000o\000s\000i\000t\000i\000o\000n\000\040\000I\000s\000\040\000N\000o\000t\000\040\000E\000n\000o\000u\000g\000h}{chapter.2}% 21
\BOOKMARK [1][-]{section.2.2}{\376\377\000C\000o\000o\000r\000d\000i\000n\000a\000t\000e\000s\000\040\000a\000s\000\040\000a\000\040\000S\000y\000s\000t\000e\000m\000\040\000o\000f\000\040\000D\000e\000s\000c\000r\000i\000p\000t\000i\000o\000n}{chapter.2}% 22
\BOOKMARK [1][-]{section.2.3}{\376\377\000V\000e\000c\000t\000o\000r\000s}{chapter.2}% 23
\BOOKMARK [1][-]{section.2.4}{\376\377\000V\000e\000c\000t\000o\000r\000\040\000A\000d\000d\000i\000t\000i\000o\000n}{chapter.2}% 24
\BOOKMARK [1][-]{section.2.5}{\376\377\000S\000c\000a\000l\000a\000r\000\040\000M\000u\000l\000t\000i\000p\000l\000i\000c\000a\000t\000i\000o\000n}{chapter.2}% 25
\BOOKMARK [1][-]{section.2.6}{\376\377\000D\000e\000r\000i\000v\000a\000t\000i\000o\000n\000:\000\040\000T\000h\000e\000\040\000L\000e\000n\000g\000t\000h\000\040\000o\000f\000\040\000a\000\040\000V\000e\000c\000t\000o\000r}{chapter.2}% 26
\BOOKMARK [1][-]{section.2.7}{\376\377\000C\000o\000m\000p\000o\000n\000e\000n\000t\000s\000\040\000a\000n\000d\000\040\000D\000e\000c\000o\000m\000p\000o\000s\000i\000t\000i\000o\000n}{chapter.2}% 27
\BOOKMARK [1][-]{section.2.8}{\376\377\000A\000p\000p\000l\000i\000c\000a\000t\000i\000o\000n\000s}{chapter.2}% 28
\BOOKMARK [1][-]{section.2.9}{\376\377\000L\000o\000o\000k\000i\000n\000g\000\040\000A\000h\000e\000a\000d}{chapter.2}% 29
\BOOKMARK [1][-]{section.2.10}{\376\377\000E\000x\000e\000r\000c\000i\000s\000e\000s}{chapter.2}% 30
\BOOKMARK [0][-]{chapter.3}{\376\377\000R\000i\000g\000h\000t\000\040\000T\000r\000i\000a\000n\000g\000l\000e\000\040\000T\000r\000i\000g\000o\000n\000o\000m\000e\000t\000r\000y}{part.1}% 31
\BOOKMARK [1][-]{section.3.1}{\376\377\000M\000o\000t\000i\000v\000a\000t\000i\000o\000n\000:\000\040\000T\000h\000e\000\040\000P\000r\000o\000b\000l\000e\000m\000\040\000o\000f\000\040\000D\000i\000r\000e\000c\000t\000i\000o\000n}{chapter.3}% 32
\BOOKMARK [1][-]{section.3.2}{\376\377\000S\000i\000m\000i\000l\000a\000r\000\040\000R\000i\000g\000h\000t\000\040\000T\000r\000i\000a\000n\000g\000l\000e\000s}{chapter.3}% 33
\BOOKMARK [1][-]{section.3.3}{\376\377\000N\000a\000m\000i\000n\000g\000\040\000t\000h\000e\000\040\000I\000n\000v\000a\000r\000i\000a\000n\000t\000s}{chapter.3}% 34
\BOOKMARK [1][-]{section.3.4}{\376\377\000T\000h\000e\000\040\000R\000e\000m\000a\000i\000n\000i\000n\000g\000\040\000T\000h\000r\000e\000e\000\040\000F\000u\000n\000c\000t\000i\000o\000n\000s}{chapter.3}% 35
\BOOKMARK [1][-]{section.3.5}{\376\377\000F\000i\000n\000d\000i\000n\000g\000\040\000U\000n\000k\000n\000o\000w\000n\000\040\000S\000i\000d\000e\000s}{chapter.3}% 36
\BOOKMARK [1][-]{section.3.6}{\376\377\000F\000i\000n\000d\000i\000n\000g\000\040\000U\000n\000k\000n\000o\000w\000n\000\040\000A\000n\000g\000l\000e\000s}{chapter.3}% 37
\BOOKMARK [1][-]{section.3.7}{\376\377\000S\000p\000e\000c\000i\000a\000l\000\040\000R\000i\000g\000h\000t\000\040\000T\000r\000i\000a\000n\000g\000l\000e\000s}{chapter.3}% 38
\BOOKMARK [1][-]{section.3.8}{\376\377\000A\000p\000p\000l\000i\000c\000a\000t\000i\000o\000n\000s}{chapter.3}% 39
\BOOKMARK [1][-]{section.3.9}{\376\377\000L\000o\000o\000k\000i\000n\000g\000\040\000A\000h\000e\000a\000d}{chapter.3}% 40
\BOOKMARK [1][-]{section.3.10}{\376\377\000E\000x\000e\000r\000c\000i\000s\000e\000s}{chapter.3}% 41
\BOOKMARK [-1][-]{part.2}{\376\377\000I\000I\000\040\000T\000h\000e\000\040\000U\000n\000i\000t\000\040\000C\000i\000r\000c\000l\000e\000\040\000a\000n\000d\000\040\000C\000i\000r\000c\000u\000l\000a\000r\000\040\000M\000o\000t\000i\000o\000n}{}% 42
\BOOKMARK [0][-]{chapter.4}{\376\377\000T\000h\000e\000\040\000U\000n\000i\000t\000\040\000C\000i\000r\000c\000l\000e\000\040\000a\000n\000d\000\040\000G\000e\000n\000e\000r\000a\000l\000\040\000A\000n\000g\000l\000e\000s}{part.2}% 43
\BOOKMARK [1][-]{section.4.1}{\376\377\000B\000e\000y\000o\000n\000d\000\040\000R\000i\000g\000h\000t\000\040\000T\000r\000i\000a\000n\000g\000l\000e\000s}{chapter.4}% 44
\BOOKMARK [1][-]{section.4.2}{\376\377\000T\000h\000e\000\040\000U\000n\000i\000t\000\040\000C\000i\000r\000c\000l\000e}{chapter.4}% 45
\BOOKMARK [1][-]{section.4.3}{\376\377\000A\000n\000g\000l\000e\000s\000\040\000a\000s\000\040\000R\000o\000t\000a\000t\000i\000o\000n\000s}{chapter.4}% 46
\BOOKMARK [1][-]{section.4.4}{\376\377\000D\000e\000g\000r\000e\000e\000\040\000M\000e\000a\000s\000u\000r\000e\000\040\000a\000n\000d\000\040\000R\000a\000d\000i\000a\000n\000\040\000M\000e\000a\000s\000u\000r\000e}{chapter.4}% 47
\BOOKMARK [1][-]{section.4.5}{\376\377\000E\000x\000t\000e\000n\000d\000i\000n\000g\000\040\000S\000i\000n\000e\000\040\000a\000n\000d\000\040\000C\000o\000s\000i\000n\000e}{chapter.4}% 48
\BOOKMARK [1][-]{section.4.6}{\376\377\000T\000a\000n\000g\000e\000n\000t\000\040\000a\000n\000d\000\040\000t\000h\000e\000\040\000R\000e\000m\000a\000i\000n\000i\000n\000g\000\040\000F\000u\000n\000c\000t\000i\000o\000n\000s}{chapter.4}% 49
\BOOKMARK [1][-]{section.4.7}{\376\377\000C\000o\000t\000e\000r\000m\000i\000n\000a\000l\000\040\000A\000n\000g\000l\000e\000s}{chapter.4}% 50
\BOOKMARK [1][-]{section.4.8}{\376\377\000R\000e\000f\000e\000r\000e\000n\000c\000e\000\040\000A\000n\000g\000l\000e\000s}{chapter.4}% 51
\BOOKMARK [1][-]{section.4.9}{\376\377\000E\000x\000a\000c\000t\000\040\000V\000a\000l\000u\000e\000s\000\040\000o\000n\000\040\000t\000h\000e\000\040\000U\000n\000i\000t\000\040\000C\000i\000r\000c\000l\000e}{chapter.4}% 52
\BOOKMARK [1][-]{section.4.10}{\376\377\000A\000p\000p\000l\000i\000c\000a\000t\000i\000o\000n\000s}{chapter.4}% 53
\BOOKMARK [1][-]{section.4.11}{\376\377\000L\000o\000o\000k\000i\000n\000g\000\040\000A\000h\000e\000a\000d}{chapter.4}% 54
\BOOKMARK [1][-]{section.4.12}{\376\377\000E\000x\000e\000r\000c\000i\000s\000e\000s}{chapter.4}% 55
\BOOKMARK [0][-]{chapter.5}{\376\377\000C\000i\000r\000c\000u\000l\000a\000r\000\040\000M\000o\000t\000i\000o\000n\000\040\000a\000n\000d\000\040\000C\000o\000n\000t\000i\000n\000u\000o\000u\000s\000\040\000C\000h\000a\000n\000g\000e}{part.2}% 56
\BOOKMARK [1][-]{section.5.1}{\376\377\000W\000h\000e\000n\000\040\000A\000n\000g\000l\000e\000s\000\040\000M\000o\000v\000e}{chapter.5}% 57
\BOOKMARK [1][-]{section.5.2}{\376\377\000A\000r\000c\000\040\000L\000e\000n\000g\000t\000h}{chapter.5}% 58
\BOOKMARK [1][-]{section.5.3}{\376\377\000S\000e\000c\000t\000o\000r\000\040\000A\000r\000e\000a}{chapter.5}% 59
\BOOKMARK [1][-]{section.5.4}{\376\377\000A\000n\000g\000u\000l\000a\000r\000\040\000V\000e\000l\000o\000c\000i\000t\000y}{chapter.5}% 60
\BOOKMARK [1][-]{section.5.5}{\376\377\000L\000i\000n\000e\000a\000r\000\040\000V\000e\000l\000o\000c\000i\000t\000y}{chapter.5}% 61
\BOOKMARK [1][-]{section.5.6}{\376\377\000U\000n\000i\000f\000o\000r\000m\000\040\000C\000i\000r\000c\000u\000l\000a\000r\000\040\000M\000o\000t\000i\000o\000n}{chapter.5}% 62
\BOOKMARK [1][-]{section.5.7}{\376\377\000C\000o\000o\000r\000d\000i\000n\000a\000t\000e\000s\000\040\000o\000f\000\040\000U\000n\000i\000f\000o\000r\000m\000\040\000C\000i\000r\000c\000u\000l\000a\000r\000\040\000M\000o\000t\000i\000o\000n}{chapter.5}% 63
\BOOKMARK [1][-]{section.5.8}{\376\377\000A\000p\000p\000l\000i\000c\000a\000t\000i\000o\000n\000s}{chapter.5}% 64
\BOOKMARK [1][-]{section.5.9}{\376\377\000L\000o\000o\000k\000i\000n\000g\000\040\000A\000h\000e\000a\000d}{chapter.5}% 65
\BOOKMARK [1][-]{section.5.10}{\376\377\000E\000x\000e\000r\000c\000i\000s\000e\000s}{chapter.5}% 66
\BOOKMARK [0][-]{chapter.6}{\376\377\000G\000r\000a\000p\000h\000s\000\040\000o\000f\000\040\000t\000h\000e\000\040\000T\000r\000i\000g\000o\000n\000o\000m\000e\000t\000r\000i\000c\000\040\000F\000u\000n\000c\000t\000i\000o\000n\000s}{part.2}% 67
\BOOKMARK [1][-]{section.6.1}{\376\377\000F\000r\000o\000m\000\040\000M\000o\000t\000i\000o\000n\000\040\000t\000o\000\040\000G\000r\000a\000p\000h\000s}{chapter.6}% 68
\BOOKMARK [1][-]{section.6.2}{\376\377\000B\000u\000i\000l\000d\000i\000n\000g\000\040\000t\000h\000e\000\040\000S\000i\000n\000e\000\040\000C\000u\000r\000v\000e}{chapter.6}% 69
\BOOKMARK [1][-]{section.6.3}{\376\377\000B\000u\000i\000l\000d\000i\000n\000g\000\040\000t\000h\000e\000\040\000C\000o\000s\000i\000n\000e\000\040\000C\000u\000r\000v\000e}{chapter.6}% 70
\BOOKMARK [1][-]{section.6.4}{\376\377\000P\000e\000r\000i\000o\000d\000i\000c\000\040\000F\000u\000n\000c\000t\000i\000o\000n\000s}{chapter.6}% 71
\BOOKMARK [1][-]{section.6.5}{\376\377\000P\000e\000r\000i\000o\000d\000\040\000a\000n\000d\000\040\000A\000m\000p\000l\000i\000t\000u\000d\000e\000\040\000o\000f\000\040\000S\000i\000n\000e\000\040\000a\000n\000d\000\040\000C\000o\000s\000i\000n\000e}{chapter.6}% 72
\BOOKMARK [1][-]{section.6.6}{\376\377\000S\000y\000m\000m\000e\000t\000r\000y}{chapter.6}% 73
\BOOKMARK [1][-]{section.6.7}{\376\377\000T\000h\000e\000\040\000T\000a\000n\000g\000e\000n\000t\000\040\000F\000u\000n\000c\000t\000i\000o\000n}{chapter.6}% 74
\BOOKMARK [1][-]{section.6.8}{\376\377\000T\000r\000a\000n\000s\000f\000o\000r\000m\000a\000t\000i\000o\000n\000s\000\040\000o\000f\000\040\000T\000r\000i\000g\000o\000n\000o\000m\000e\000t\000r\000i\000c\000\040\000G\000r\000a\000p\000h\000s}{chapter.6}% 75
\BOOKMARK [1][-]{section.6.9}{\376\377\000A\000p\000p\000l\000i\000c\000a\000t\000i\000o\000n\000s}{chapter.6}% 76
\BOOKMARK [1][-]{section.6.10}{\376\377\000L\000o\000o\000k\000i\000n\000g\000\040\000A\000h\000e\000a\000d}{chapter.6}% 77
\BOOKMARK [1][-]{section.6.11}{\376\377\000E\000x\000e\000r\000c\000i\000s\000e\000s}{chapter.6}% 78
\BOOKMARK [0][-]{chapter.7}{\376\377\000I\000n\000v\000e\000r\000s\000e\000\040\000T\000r\000i\000g\000o\000n\000o\000m\000e\000t\000r\000i\000c\000\040\000F\000u\000n\000c\000t\000i\000o\000n\000s}{part.2}% 79
\BOOKMARK [1][-]{section.7.1}{\376\377\000W\000h\000y\000\040\000O\000r\000d\000i\000n\000a\000r\000y\000\040\000I\000n\000v\000e\000r\000s\000e\000s\000\040\000F\000a\000i\000l}{chapter.7}% 80
\BOOKMARK [1][-]{section.7.2}{\376\377\000O\000n\000e\000-\000t\000o\000-\000O\000n\000e\000\040\000F\000u\000n\000c\000t\000i\000o\000n\000s\000\040\000a\000n\000d\000\040\000I\000n\000v\000e\000r\000t\000i\000b\000i\000l\000i\000t\000y}{chapter.7}% 81
\BOOKMARK [1][-]{section.7.3}{\376\377\000R\000e\000s\000t\000r\000i\000c\000t\000i\000n\000g\000\040\000t\000h\000e\000\040\000D\000o\000m\000a\000i\000n\000\040\000o\000f\000\040\000S\000i\000n\000e}{chapter.7}% 82
\BOOKMARK [1][-]{section.7.4}{\376\377\000T\000h\000e\000\040\000A\000r\000c\000s\000i\000n\000e\000\040\000F\000u\000n\000c\000t\000i\000o\000n}{chapter.7}% 83
\BOOKMARK [1][-]{section.7.5}{\376\377\000A\000r\000c\000c\000o\000s\000i\000n\000e\000\040\000a\000n\000d\000\040\000A\000r\000c\000t\000a\000n\000g\000e\000n\000t}{chapter.7}% 84
\BOOKMARK [1][-]{section.7.6}{\376\377\000C\000o\000m\000p\000o\000s\000i\000t\000i\000o\000n\000\040\000I\000d\000e\000n\000t\000i\000t\000i\000e\000s}{chapter.7}% 85
\BOOKMARK [1][-]{section.7.7}{\376\377\000F\000i\000n\000d\000i\000n\000g\000\040\000A\000n\000g\000l\000e\000s\000\040\000f\000r\000o\000m\000\040\000R\000a\000t\000i\000o\000s}{chapter.7}% 86
\BOOKMARK [1][-]{section.7.8}{\376\377\000R\000i\000g\000h\000t\000-\000T\000r\000i\000a\000n\000g\000l\000e\000\040\000I\000n\000t\000e\000r\000p\000r\000e\000t\000a\000t\000i\000o\000n}{chapter.7}% 87
\BOOKMARK [1][-]{section.7.9}{\376\377\000A\000p\000p\000l\000i\000c\000a\000t\000i\000o\000n\000s}{chapter.7}% 88
\BOOKMARK [1][-]{section.7.10}{\376\377\000L\000o\000o\000k\000i\000n\000g\000\040\000A\000h\000e\000a\000d}{chapter.7}% 89
\BOOKMARK [1][-]{section.7.11}{\376\377\000E\000x\000e\000r\000c\000i\000s\000e\000s}{chapter.7}% 90
\BOOKMARK [-1][-]{part.3}{\376\377\000I\000I\000I\000\040\000R\000o\000t\000a\000t\000i\000o\000n\000\040\000a\000n\000d\000\040\000T\000r\000a\000n\000s\000f\000o\000r\000m\000a\000t\000i\000o\000n}{}% 91
\BOOKMARK [0][-]{chapter.8}{\376\377\000R\000o\000t\000a\000t\000i\000o\000n\000\040\000G\000e\000o\000m\000e\000t\000r\000y}{part.3}% 92
\BOOKMARK [1][-]{section.8.1}{\376\377\000C\000o\000m\000b\000i\000n\000i\000n\000g\000\040\000R\000o\000t\000a\000t\000i\000o\000n\000s}{chapter.8}% 93
\BOOKMARK [1][-]{section.8.2}{\376\377\000R\000o\000t\000a\000t\000i\000o\000n\000s\000\040\000a\000s\000\040\000T\000r\000a\000n\000s\000f\000o\000r\000m\000a\000t\000i\000o\000n\000s}{chapter.8}% 94
\BOOKMARK [1][-]{section.8.3}{\376\377\000C\000o\000m\000p\000o\000s\000i\000t\000i\000o\000n\000\040\000o\000f\000\040\000R\000o\000t\000a\000t\000i\000o\000n\000s}{chapter.8}% 95
\BOOKMARK [1][-]{section.8.4}{\376\377\000D\000e\000r\000i\000v\000i\000n\000g\000\040\000t\000h\000e\000\040\000S\000u\000m\000\040\000F\000o\000r\000m\000u\000l\000a\000s}{chapter.8}% 96
\BOOKMARK [1][-]{section.8.5}{\376\377\000D\000i\000f\000f\000e\000r\000e\000n\000c\000e\000\040\000F\000o\000r\000m\000u\000l\000a\000s}{chapter.8}% 97
\BOOKMARK [1][-]{section.8.6}{\376\377\000R\000o\000t\000a\000t\000i\000o\000n\000\040\000M\000a\000t\000r\000i\000c\000e\000s}{chapter.8}% 98
\BOOKMARK [1][-]{section.8.7}{\376\377\000A\000p\000p\000l\000i\000c\000a\000t\000i\000o\000n\000s}{chapter.8}% 99
\BOOKMARK [1][-]{section.8.8}{\376\377\000L\000o\000o\000k\000i\000n\000g\000\040\000A\000h\000e\000a\000d}{chapter.8}% 100
\BOOKMARK [1][-]{section.8.9}{\376\377\000E\000x\000e\000r\000c\000i\000s\000e\000s}{chapter.8}% 101
\BOOKMARK [0][-]{chapter.9}{\376\377\000F\000u\000n\000d\000a\000m\000e\000n\000t\000a\000l\000\040\000I\000d\000e\000n\000t\000i\000t\000i\000e\000s}{part.3}% 102
\BOOKMARK [1][-]{section.9.1}{\376\377\000A\000\040\000S\000m\000a\000l\000l\000\040\000T\000o\000o\000l\000k\000i\000t\000\040\000f\000r\000o\000m\000\040\000t\000h\000e\000\040\000U\000n\000i\000t\000\040\000C\000i\000r\000c\000l\000e}{chapter.9}% 103
\BOOKMARK [1][-]{section.9.2}{\376\377\000T\000h\000e\000\040\000P\000y\000t\000h\000a\000g\000o\000r\000e\000a\000n\000\040\000I\000d\000e\000n\000t\000i\000t\000y}{chapter.9}% 104
\BOOKMARK [1][-]{section.9.3}{\376\377\000D\000e\000r\000i\000v\000e\000d\000\040\000P\000y\000t\000h\000a\000g\000o\000r\000e\000a\000n\000\040\000I\000d\000e\000n\000t\000i\000t\000i\000e\000s}{chapter.9}% 105
\BOOKMARK [1][-]{section.9.4}{\376\377\000R\000e\000c\000i\000p\000r\000o\000c\000a\000l\000\040\000a\000n\000d\000\040\000Q\000u\000o\000t\000i\000e\000n\000t\000\040\000I\000d\000e\000n\000t\000i\000t\000i\000e\000s}{chapter.9}% 106
\BOOKMARK [1][-]{section.9.5}{\376\377\000C\000o\000f\000u\000n\000c\000t\000i\000o\000n\000\040\000I\000d\000e\000n\000t\000i\000t\000i\000e\000s}{chapter.9}% 107
\BOOKMARK [1][-]{section.9.6}{\376\377\000E\000v\000e\000n\000\040\000a\000n\000d\000\040\000O\000d\000d\000\040\000I\000d\000e\000n\000t\000i\000t\000i\000e\000s}{chapter.9}% 108
\BOOKMARK [1][-]{section.9.7}{\376\377\000H\000o\000w\000\040\000t\000o\000\040\000P\000r\000o\000v\000e\000\040\000a\000\040\000T\000r\000i\000g\000o\000n\000o\000m\000e\000t\000r\000i\000c\000\040\000I\000d\000e\000n\000t\000i\000t\000y}{chapter.9}% 109
\BOOKMARK [1][-]{section.9.8}{\376\377\000I\000d\000e\000n\000t\000i\000t\000y\000\040\000V\000e\000r\000s\000u\000s\000\040\000E\000q\000u\000a\000t\000i\000o\000n}{chapter.9}% 110
\BOOKMARK [1][-]{section.9.9}{\376\377\000A\000p\000p\000l\000i\000c\000a\000t\000i\000o\000n\000s}{chapter.9}% 111
\BOOKMARK [1][-]{section.9.10}{\376\377\000L\000o\000o\000k\000i\000n\000g\000\040\000A\000h\000e\000a\000d}{chapter.9}% 112
\BOOKMARK [1][-]{section.9.11}{\376\377\000E\000x\000e\000r\000c\000i\000s\000e\000s}{chapter.9}% 113
\BOOKMARK [0][-]{chapter.10}{\376\377\000M\000u\000l\000t\000i\000p\000l\000e\000-\000A\000n\000g\000l\000e\000\040\000a\000n\000d\000\040\000P\000r\000o\000d\000u\000c\000t\000\040\000I\000d\000e\000n\000t\000i\000t\000i\000e\000s}{part.3}% 114
\BOOKMARK [1][-]{section.10.1}{\376\377\000N\000o\000t\000h\000i\000n\000g\000\040\000N\000e\000w\000,\000\040\000O\000n\000l\000y\000\040\000C\000o\000n\000s\000e\000q\000u\000e\000n\000c\000e\000s}{chapter.10}% 115
\BOOKMARK [1][-]{section.10.2}{\376\377\000D\000o\000u\000b\000l\000e\000-\000A\000n\000g\000l\000e\000\040\000F\000o\000r\000m\000u\000l\000a\000s}{chapter.10}% 116
\BOOKMARK [1][-]{section.10.3}{\376\377\000T\000h\000r\000e\000e\000\040\000F\000o\000r\000m\000s\000\040\000o\000f\000\040\000t\000h\000e\000\040\000C\000o\000s\000i\000n\000e\000\040\000D\000o\000u\000b\000l\000e\000-\000A\000n\000g\000l\000e\000\040\000F\000o\000r\000m\000u\000l\000a}{chapter.10}% 117
\BOOKMARK [1][-]{section.10.4}{\376\377\000H\000a\000l\000f\000-\000A\000n\000g\000l\000e\000\040\000F\000o\000r\000m\000u\000l\000a\000s}{chapter.10}% 118
\BOOKMARK [1][-]{section.10.5}{\376\377\000C\000h\000o\000o\000s\000i\000n\000g\000\040\000t\000h\000e\000\040\000C\000o\000r\000r\000e\000c\000t\000\040\000S\000i\000g\000n}{chapter.10}% 119
\BOOKMARK [1][-]{section.10.6}{\376\377\000P\000r\000o\000d\000u\000c\000t\000-\000t\000o\000-\000S\000u\000m\000\040\000F\000o\000r\000m\000u\000l\000a\000s}{chapter.10}% 120
\BOOKMARK [1][-]{section.10.7}{\376\377\000S\000u\000m\000-\000t\000o\000-\000P\000r\000o\000d\000u\000c\000t\000\040\000F\000o\000r\000m\000u\000l\000a\000s}{chapter.10}% 121
\BOOKMARK [1][-]{section.10.8}{\376\377\000A\000p\000p\000l\000i\000c\000a\000t\000i\000o\000n\000s}{chapter.10}% 122
\BOOKMARK [1][-]{section.10.9}{\376\377\000L\000o\000o\000k\000i\000n\000g\000\040\000A\000h\000e\000a\000d}{chapter.10}% 123
\BOOKMARK [1][-]{section.10.10}{\376\377\000E\000x\000e\000r\000c\000i\000s\000e\000s}{chapter.10}% 124
\BOOKMARK [0][-]{chapter.11}{\376\377\000T\000r\000i\000g\000o\000n\000o\000m\000e\000t\000r\000i\000c\000\040\000E\000q\000u\000a\000t\000i\000o\000n\000s}{part.3}% 125
\BOOKMARK [1][-]{section.11.1}{\376\377\000F\000r\000o\000m\000\040\000I\000d\000e\000n\000t\000i\000t\000i\000e\000s\000\040\000t\000o\000\040\000E\000q\000u\000a\000t\000i\000o\000n\000s}{chapter.11}% 126
\BOOKMARK [1][-]{section.11.2}{\376\377\000T\000h\000e\000\040\000S\000i\000m\000p\000l\000e\000s\000t\000\040\000E\000q\000u\000a\000t\000i\000o\000n\000s}{chapter.11}% 127
\BOOKMARK [1][-]{section.11.3}{\376\377\000A\000\040\000G\000e\000n\000e\000r\000a\000l\000\040\000S\000t\000r\000a\000t\000e\000g\000y}{chapter.11}% 128
\BOOKMARK [1][-]{section.11.4}{\376\377\000Q\000u\000a\000d\000r\000a\000t\000i\000c\000\040\000T\000r\000i\000g\000o\000n\000o\000m\000e\000t\000r\000i\000c\000\040\000E\000q\000u\000a\000t\000i\000o\000n\000s}{chapter.11}% 129
\BOOKMARK [1][-]{section.11.5}{\376\377\000W\000h\000y\000\040\000t\000h\000e\000\040\000I\000d\000e\000n\000t\000i\000t\000y\000\040\000T\000o\000o\000l\000k\000i\000t\000\040\000W\000a\000s\000\040\000N\000e\000c\000e\000s\000s\000a\000r\000y}{chapter.11}% 130
\BOOKMARK [1][-]{section.11.6}{\376\377\000E\000x\000t\000r\000a\000n\000e\000o\000u\000s\000\040\000S\000o\000l\000u\000t\000i\000o\000n\000s\000\040\000a\000n\000d\000\040\000t\000h\000e\000\040\000I\000m\000p\000o\000r\000t\000a\000n\000c\000e\000\040\000o\000f\000\040\000C\000h\000e\000c\000k\000i\000n\000g}{chapter.11}% 131
\BOOKMARK [1][-]{section.11.7}{\376\377\000S\000o\000l\000v\000i\000n\000g\000\040\000o\000n\000\040\000a\000\040\000R\000e\000s\000t\000r\000i\000c\000t\000e\000d\000\040\000D\000o\000m\000a\000i\000n}{chapter.11}% 132
\BOOKMARK [1][-]{section.11.8}{\376\377\000A\000p\000p\000l\000i\000c\000a\000t\000i\000o\000n\000s\000\040\000o\000f\000\040\000T\000r\000i\000g\000o\000n\000o\000m\000e\000t\000r\000i\000c\000\040\000E\000q\000u\000a\000t\000i\000o\000n\000s}{chapter.11}% 133
\BOOKMARK [1][-]{section.11.9}{\376\377\000L\000o\000o\000k\000i\000n\000g\000\040\000B\000a\000c\000k\000\040\000a\000n\000d\000\040\000L\000o\000o\000k\000i\000n\000g\000\040\000A\000h\000e\000a\000d}{chapter.11}% 134
\BOOKMARK [1][-]{section.11.10}{\376\377\000E\000x\000e\000r\000c\000i\000s\000e\000s}{chapter.11}% 135
\BOOKMARK [-1][-]{part.4}{\376\377\000I\000V\000\040\000V\000e\000c\000t\000o\000r\000s\000,\000\040\000C\000o\000m\000p\000l\000e\000x\000\040\000N\000u\000m\000b\000e\000r\000s\000,\000\040\000a\000n\000d\000\040\000U\000n\000i\000f\000i\000c\000a\000t\000i\000o\000n}{}% 136
\BOOKMARK [0][-]{chapter.12}{\376\377\000T\000h\000e\000\040\000L\000a\000w\000\040\000o\000f\000\040\000S\000i\000n\000e\000s\000\040\000a\000n\000d\000\040\000t\000h\000e\000\040\000L\000a\000w\000\040\000o\000f\000\040\000C\000o\000s\000i\000n\000e\000s}{part.4}% 137
\BOOKMARK [1][-]{section.12.1}{\376\377\000B\000e\000y\000o\000n\000d\000\040\000t\000h\000e\000\040\000R\000i\000g\000h\000t\000\040\000T\000r\000i\000a\000n\000g\000l\000e}{chapter.12}% 138
\BOOKMARK [1][-]{section.12.2}{\376\377\000D\000e\000r\000i\000v\000i\000n\000g\000\040\000t\000h\000e\000\040\000L\000a\000w\000\040\000o\000f\000\040\000S\000i\000n\000e\000s}{chapter.12}% 139
\BOOKMARK [1][-]{section.12.3}{\376\377\000T\000h\000e\000\040\000A\000m\000b\000i\000g\000u\000o\000u\000s\000\040\000C\000a\000s\000e}{chapter.12}% 140
\BOOKMARK [1][-]{section.12.4}{\376\377\000T\000o\000w\000a\000r\000d\000\040\000t\000h\000e\000\040\000L\000a\000w\000\040\000o\000f\000\040\000C\000o\000s\000i\000n\000e\000s}{chapter.12}% 141
\BOOKMARK [1][-]{section.12.5}{\376\377\000D\000e\000r\000i\000v\000i\000n\000g\000\040\000t\000h\000e\000\040\000L\000a\000w\000\040\000o\000f\000\040\000C\000o\000s\000i\000n\000e\000s}{chapter.12}% 142
\BOOKMARK [1][-]{section.12.6}{\376\377\000S\000o\000l\000v\000i\000n\000g\000\040\000T\000r\000i\000a\000n\000g\000l\000e\000s\000\040\000w\000i\000t\000h\000\040\000t\000h\000e\000\040\000L\000a\000w\000\040\000o\000f\000\040\000C\000o\000s\000i\000n\000e\000s}{chapter.12}% 143
\BOOKMARK [1][-]{section.12.7}{\376\377\000T\000h\000e\000\040\000C\000o\000s\000i\000n\000e\000\040\000C\000o\000r\000r\000e\000c\000t\000i\000o\000n\000\040\000T\000e\000r\000m}{chapter.12}% 144
\BOOKMARK [1][-]{section.12.8}{\376\377\000A\000r\000e\000a\000\040\000f\000r\000o\000m\000\040\000T\000r\000i\000g\000o\000n\000o\000m\000e\000t\000r\000y}{chapter.12}% 145
\BOOKMARK [1][-]{section.12.9}{\376\377\000A\000p\000p\000l\000i\000c\000a\000t\000i\000o\000n\000s}{chapter.12}% 146
\BOOKMARK [1][-]{section.12.10}{\376\377\000L\000o\000o\000k\000i\000n\000g\000\040\000A\000h\000e\000a\000d}{chapter.12}% 147
\BOOKMARK [1][-]{section.12.11}{\376\377\000E\000x\000e\000r\000c\000i\000s\000e\000s}{chapter.12}% 148
\BOOKMARK [0][-]{chapter.13}{\376\377\000V\000e\000c\000t\000o\000r\000s\000\040\000a\000n\000d\000\040\000D\000o\000t\000\040\000P\000r\000o\000d\000u\000c\000t\000s}{part.4}% 149
\BOOKMARK [1][-]{section.13.1}{\376\377\000F\000r\000o\000m\000\040\000T\000r\000i\000a\000n\000g\000l\000e\000s\000\040\000t\000o\000\040\000V\000e\000c\000t\000o\000r\000\040\000O\000p\000e\000r\000a\000t\000i\000o\000n\000s}{chapter.13}% 150
\BOOKMARK [1][-]{section.13.2}{\376\377\000T\000h\000e\000\040\000A\000l\000g\000e\000b\000r\000a\000i\000c\000\040\000D\000e\000f\000i\000n\000i\000t\000i\000o\000n}{chapter.13}% 151
\BOOKMARK [1][-]{section.13.3}{\376\377\000T\000h\000e\000\040\000G\000e\000o\000m\000e\000t\000r\000i\000c\000\040\000F\000o\000r\000m\000u\000l\000a}{chapter.13}% 152
\BOOKMARK [1][-]{section.13.4}{\376\377\000A\000\040\000W\000o\000r\000k\000e\000d\000\040\000E\000x\000a\000m\000p\000l\000e}{chapter.13}% 153
\BOOKMARK [1][-]{section.13.5}{\376\377\000O\000r\000t\000h\000o\000g\000o\000n\000a\000l\000i\000t\000y}{chapter.13}% 154
\BOOKMARK [1][-]{section.13.6}{\376\377\000F\000i\000n\000d\000i\000n\000g\000\040\000t\000h\000e\000\040\000A\000n\000g\000l\000e\000\040\000B\000e\000t\000w\000e\000e\000n\000\040\000T\000w\000o\000\040\000V\000e\000c\000t\000o\000r\000s}{chapter.13}% 155
\BOOKMARK [1][-]{section.13.7}{\376\377\000P\000r\000o\000j\000e\000c\000t\000i\000o\000n}{chapter.13}% 156
\BOOKMARK [1][-]{section.13.8}{\376\377\000A\000p\000p\000l\000i\000c\000a\000t\000i\000o\000n\000s}{chapter.13}% 157
\BOOKMARK [1][-]{section.13.9}{\376\377\000L\000o\000o\000k\000i\000n\000g\000\040\000A\000h\000e\000a\000d}{chapter.13}% 158
\BOOKMARK [1][-]{section.13.10}{\376\377\000E\000x\000e\000r\000c\000i\000s\000e\000s}{chapter.13}% 159
\BOOKMARK [0][-]{chapter.14}{\376\377\000P\000o\000l\000a\000r\000\040\000C\000o\000o\000r\000d\000i\000n\000a\000t\000e\000s}{part.4}% 160
\BOOKMARK [1][-]{section.14.1}{\376\377\000A\000\040\000D\000i\000f\000f\000e\000r\000e\000n\000t\000\040\000W\000a\000y\000\040\000t\000o\000\040\000L\000o\000c\000a\000t\000e\000\040\000a\000\040\000P\000o\000i\000n\000t}{chapter.14}% 161
\BOOKMARK [1][-]{section.14.2}{\376\377\000P\000o\000l\000a\000r\000\040\000C\000o\000o\000r\000d\000i\000n\000a\000t\000e\000s}{chapter.14}% 162
\BOOKMARK [1][-]{section.14.3}{\376\377\000C\000o\000n\000v\000e\000r\000t\000i\000n\000g\000\040\000P\000o\000l\000a\000r\000\040\000C\000o\000o\000r\000d\000i\000n\000a\000t\000e\000s\000\040\000t\000o\000\040\000R\000e\000c\000t\000a\000n\000g\000u\000l\000a\000r\000\040\000C\000o\000o\000r\000d\000i\000n\000a\000t\000e\000s}{chapter.14}% 163
\BOOKMARK [1][-]{section.14.4}{\376\377\000C\000o\000n\000v\000e\000r\000t\000i\000n\000g\000\040\000R\000e\000c\000t\000a\000n\000g\000u\000l\000a\000r\000\040\000C\000o\000o\000r\000d\000i\000n\000a\000t\000e\000s\000\040\000t\000o\000\040\000P\000o\000l\000a\000r\000\040\000C\000o\000o\000r\000d\000i\000n\000a\000t\000e\000s}{chapter.14}% 164
\BOOKMARK [1][-]{section.14.5}{\376\377\000N\000o\000n\000-\000U\000n\000i\000q\000u\000e\000n\000e\000s\000s\000\040\000o\000f\000\040\000P\000o\000l\000a\000r\000\040\000C\000o\000o\000r\000d\000i\000n\000a\000t\000e\000s}{chapter.14}% 165
\BOOKMARK [1][-]{section.14.6}{\376\377\000G\000r\000a\000p\000h\000i\000n\000g\000\040\000i\000n\000\040\000P\000o\000l\000a\000r\000\040\000C\000o\000o\000r\000d\000i\000n\000a\000t\000e\000s}{chapter.14}% 166
\BOOKMARK [1][-]{section.14.7}{\376\377\000P\000e\000r\000i\000o\000d\000i\000c\000\040\000F\000u\000n\000c\000t\000i\000o\000n\000s\000\040\000a\000s\000\040\000C\000u\000r\000v\000e\000s}{chapter.14}% 167
\BOOKMARK [1][-]{section.14.8}{\376\377\000A\000p\000p\000l\000i\000c\000a\000t\000i\000o\000n\000s}{chapter.14}% 168
\BOOKMARK [1][-]{section.14.9}{\376\377\000L\000o\000o\000k\000i\000n\000g\000\040\000A\000h\000e\000a\000d}{chapter.14}% 169
\BOOKMARK [1][-]{section.14.10}{\376\377\000E\000x\000e\000r\000c\000i\000s\000e\000s}{chapter.14}% 170
\BOOKMARK [0][-]{chapter.15}{\376\377\000A\000m\000p\000l\000i\000t\000w\000i\000s\000t\000s\000:\000\040\000S\000c\000a\000l\000i\000n\000g\000\040\000a\000n\000d\000\040\000R\000o\000t\000a\000t\000i\000o\000n\000\040\000C\000o\000m\000b\000i\000n\000e\000d}{part.4}% 171
\BOOKMARK [1][-]{section.15.1}{\376\377\000S\000c\000a\000l\000i\000n\000g\000\040\000a\000n\000d\000\040\000R\000o\000t\000a\000t\000i\000o\000n\000\040\000a\000s\000\040\000a\000\040\000S\000i\000n\000g\000l\000e\000\040\000T\000r\000a\000n\000s\000f\000o\000r\000m\000a\000t\000i\000o\000n}{chapter.15}% 172
\BOOKMARK [1][-]{section.15.2}{\376\377\000S\000c\000a\000l\000i\000n\000g\000\040\000a\000s\000\040\000a\000\040\000M\000a\000t\000r\000i\000x}{chapter.15}% 173
\BOOKMARK [1][-]{section.15.3}{\376\377\000R\000o\000t\000a\000t\000i\000o\000n\000\040\000R\000e\000v\000i\000s\000i\000t\000e\000d}{chapter.15}% 174
\BOOKMARK [1][-]{section.15.4}{\376\377\000T\000h\000e\000\040\000A\000m\000p\000l\000i\000t\000w\000i\000s\000t}{chapter.15}% 175
\BOOKMARK [1][-]{section.15.5}{\376\377\000G\000e\000o\000m\000e\000t\000r\000i\000c\000\040\000M\000e\000a\000n\000i\000n\000g}{chapter.15}% 176
\BOOKMARK [1][-]{section.15.6}{\376\377\000C\000o\000m\000p\000o\000s\000i\000t\000i\000o\000n\000\040\000o\000f\000\040\000A\000m\000p\000l\000i\000t\000w\000i\000s\000t\000s}{chapter.15}% 177
\BOOKMARK [1][-]{section.15.7}{\376\377\000I\000d\000e\000n\000t\000i\000t\000y\000\040\000a\000n\000d\000\040\000I\000n\000v\000e\000r\000s\000e\000s}{chapter.15}% 178
\BOOKMARK [1][-]{section.15.8}{\376\377\000A\000m\000p\000l\000i\000t\000w\000i\000s\000t\000\040\000C\000o\000o\000r\000d\000i\000n\000a\000t\000e\000s}{chapter.15}% 179
\BOOKMARK [1][-]{section.15.9}{\376\377\000R\000e\000p\000e\000a\000t\000e\000d\000\040\000A\000m\000p\000l\000i\000t\000w\000i\000s\000t\000s\000\040\000a\000n\000d\000\040\000S\000p\000i\000r\000a\000l\000s}{chapter.15}% 180
\BOOKMARK [1][-]{section.15.10}{\376\377\000A\000p\000p\000l\000i\000c\000a\000t\000i\000o\000n\000s}{chapter.15}% 181
\BOOKMARK [1][-]{section.15.11}{\376\377\000L\000o\000o\000k\000i\000n\000g\000\040\000A\000h\000e\000a\000d}{chapter.15}% 182
\BOOKMARK [1][-]{section.15.12}{\376\377\000E\000x\000e\000r\000c\000i\000s\000e\000s}{chapter.15}% 183
\BOOKMARK [0][-]{chapter.16}{\376\377\000C\000o\000m\000p\000l\000e\000x\000\040\000N\000u\000m\000b\000e\000r\000s\000\040\000a\000n\000d\000\040\000E\000u\000l\000e\000r\000'\000s\000\040\000F\000o\000r\000m\000u\000l\000a}{part.4}% 184
\BOOKMARK [1][-]{section.16.1}{\376\377\000E\000x\000t\000e\000n\000d\000i\000n\000g\000\040\000t\000h\000e\000\040\000N\000u\000m\000b\000e\000r\000\040\000S\000y\000s\000t\000e\000m}{chapter.16}% 185
\BOOKMARK [1][-]{section.16.2}{\376\377\000T\000h\000e\000\040\000I\000m\000a\000g\000i\000n\000a\000r\000y\000\040\000U\000n\000i\000t}{chapter.16}% 186
\BOOKMARK [1][-]{section.16.3}{\376\377\000C\000o\000m\000p\000l\000e\000x\000\040\000N\000u\000m\000b\000e\000r\000s}{chapter.16}% 187
\BOOKMARK [1][-]{section.16.4}{\376\377\000T\000h\000e\000\040\000C\000o\000m\000p\000l\000e\000x\000\040\000P\000l\000a\000n\000e}{chapter.16}% 188
\BOOKMARK [1][-]{section.16.5}{\376\377\000M\000u\000l\000t\000i\000p\000l\000i\000c\000a\000t\000i\000o\000n\000\040\000a\000s\000\040\000T\000r\000a\000n\000s\000f\000o\000r\000m\000a\000t\000i\000o\000n}{chapter.16}% 189
\BOOKMARK [1][-]{section.16.6}{\376\377\000P\000o\000l\000a\000r\000\040\000F\000o\000r\000m}{chapter.16}% 190
\BOOKMARK [1][-]{section.16.7}{\376\377\000M\000u\000l\000t\000i\000p\000l\000i\000c\000a\000t\000i\000o\000n\000\040\000i\000n\000\040\000P\000o\000l\000a\000r\000\040\000F\000o\000r\000m}{chapter.16}% 191
\BOOKMARK [1][-]{section.16.8}{\376\377\000E\000u\000l\000e\000r\000'\000s\000\040\000F\000o\000r\000m\000u\000l\000a}{chapter.16}% 192
\BOOKMARK [1][-]{section.16.9}{\376\377\000E\000u\000l\000e\000r\000'\000s\000\040\000I\000d\000e\000n\000t\000i\000t\000y}{chapter.16}% 193
\BOOKMARK [1][-]{section.16.10}{\376\377\000R\000e\000p\000e\000a\000t\000e\000d\000\040\000M\000u\000l\000t\000i\000p\000l\000i\000c\000a\000t\000i\000o\000n\000\040\000a\000n\000d\000\040\000D\000e\000\040\000M\000o\000i\000v\000r\000e\000'\000s\000\040\000T\000h\000e\000o\000r\000e\000m}{chapter.16}% 194
\BOOKMARK [1][-]{section.16.11}{\376\377\000R\000o\000o\000t\000s\000\040\000o\000f\000\040\000U\000n\000i\000t\000y}{chapter.16}% 195
\BOOKMARK [1][-]{section.16.12}{\376\377\000A\000p\000p\000l\000i\000c\000a\000t\000i\000o\000n\000s}{chapter.16}% 196
\BOOKMARK [1][-]{section.16.13}{\376\377\000L\000o\000o\000k\000i\000n\000g\000\040\000A\000h\000e\000a\000d}{chapter.16}% 197
\BOOKMARK [1][-]{section.16.14}{\376\377\000E\000x\000e\000r\000c\000i\000s\000e\000s}{chapter.16}% 198
\BOOKMARK [-1][-]{part.5}{\376\377\000V\000\040\000T\000o\000w\000a\000r\000d\000\040\000A\000n\000a\000l\000y\000s\000i\000s}{}% 199
\BOOKMARK [0][-]{chapter.17}{\376\377\000S\000m\000a\000l\000l\000-\000A\000n\000g\000l\000e\000\040\000L\000i\000m\000i\000t\000s\000\040\000a\000n\000d\000\040\000T\000r\000i\000g\000o\000n\000o\000m\000e\000t\000r\000i\000c\000\040\000D\000e\000r\000i\000v\000a\000t\000i\000v\000e\000s}{part.5}% 200
\BOOKMARK [1][-]{section.17.1}{\376\377\000F\000r\000o\000m\000\040\000G\000e\000o\000m\000e\000t\000r\000y\000\040\000t\000o\000\040\000A\000n\000a\000l\000y\000s\000i\000s}{chapter.17}% 201
\BOOKMARK [1][-]{section.17.2}{\376\377\000T\000h\000e\000\040\000G\000e\000o\000m\000e\000t\000r\000y\000\040\000o\000f\000\040\000S\000m\000a\000l\000l\000\040\000A\000n\000g\000l\000e\000s}{chapter.17}% 202
\BOOKMARK [1][-]{section.17.3}{\376\377\000T\000h\000e\000\040\000S\000e\000c\000t\000o\000r\000-\000A\000r\000e\000a\000\040\000S\000a\000n\000d\000w\000i\000c\000h}{chapter.17}% 203
\BOOKMARK [1][-]{section.17.4}{\376\377\000T\000h\000e\000\040\000F\000u\000n\000d\000a\000m\000e\000n\000t\000a\000l\000\040\000S\000m\000a\000l\000l\000-\000A\000n\000g\000l\000e\000\040\000L\000i\000m\000i\000t}{chapter.17}% 204
\BOOKMARK [1][-]{section.17.5}{\376\377\000C\000o\000r\000o\000l\000l\000a\000r\000y\000\040\000L\000i\000m\000i\000t\000s}{chapter.17}% 205
\BOOKMARK [1][-]{section.17.6}{\376\377\000T\000h\000e\000\040\000D\000e\000r\000i\000v\000a\000t\000i\000v\000e}{chapter.17}% 206
\BOOKMARK [1][-]{section.17.7}{\376\377\000T\000h\000e\000\040\000D\000e\000r\000i\000v\000a\000t\000i\000v\000e\000\040\000o\000f\000\040\000S\000i\000n\000e}{chapter.17}% 207
\BOOKMARK [1][-]{section.17.8}{\376\377\000T\000h\000e\000\040\000D\000e\000r\000i\000v\000a\000t\000i\000v\000e\000\040\000o\000f\000\040\000C\000o\000s\000i\000n\000e}{chapter.17}% 208
\BOOKMARK [1][-]{section.17.9}{\376\377\000C\000i\000r\000c\000u\000l\000a\000r\000\040\000M\000o\000t\000i\000o\000n\000\040\000R\000e\000v\000i\000s\000i\000t\000e\000d}{chapter.17}% 209
\BOOKMARK [1][-]{section.17.10}{\376\377\000W\000h\000y\000\040\000R\000a\000d\000i\000a\000n\000s\000\040\000M\000a\000t\000t\000e\000r}{chapter.17}% 210
\BOOKMARK [1][-]{section.17.11}{\376\377\000A\000p\000p\000l\000i\000c\000a\000t\000i\000o\000n\000s}{chapter.17}% 211
\BOOKMARK [1][-]{section.17.12}{\376\377\000L\000o\000o\000k\000i\000n\000g\000\040\000A\000h\000e\000a\000d}{chapter.17}% 212
\BOOKMARK [1][-]{section.17.13}{\376\377\000E\000x\000e\000r\000c\000i\000s\000e\000s}{chapter.17}% 213
\BOOKMARK [0][-]{chapter.18}{\376\377\000A\000r\000i\000t\000h\000m\000e\000t\000i\000c\000\040\000a\000n\000d\000\040\000G\000e\000o\000m\000e\000t\000r\000i\000c\000\040\000S\000e\000q\000u\000e\000n\000c\000e\000s\000\040\000a\000n\000d\000\040\000S\000e\000r\000i\000e\000s}{part.5}% 214
\BOOKMARK [1][-]{section.18.1}{\376\377\000F\000r\000o\000m\000\040\000C\000h\000a\000n\000g\000e\000\040\000t\000o\000\040\000A\000c\000c\000u\000m\000u\000l\000a\000t\000i\000o\000n}{chapter.18}% 215
\BOOKMARK [1][-]{section.18.2}{\376\377\000S\000e\000q\000u\000e\000n\000c\000e\000s}{chapter.18}% 216
\BOOKMARK [1][-]{section.18.3}{\376\377\000A\000r\000i\000t\000h\000m\000e\000t\000i\000c\000\040\000S\000e\000q\000u\000e\000n\000c\000e\000s\000\040\000a\000n\000d\000\040\000S\000e\000r\000i\000e\000s}{chapter.18}% 217
\BOOKMARK [1][-]{section.18.4}{\376\377\000G\000e\000o\000m\000e\000t\000r\000i\000c\000\040\000S\000e\000q\000u\000e\000n\000c\000e\000s}{chapter.18}% 218
\BOOKMARK [1][-]{section.18.5}{\376\377\000T\000h\000e\000\040\000F\000i\000n\000i\000t\000e\000\040\000G\000e\000o\000m\000e\000t\000r\000i\000c\000\040\000S\000e\000r\000i\000e\000s}{chapter.18}% 219
\BOOKMARK [1][-]{section.18.6}{\376\377\000I\000n\000f\000i\000n\000i\000t\000e\000\040\000G\000e\000o\000m\000e\000t\000r\000i\000c\000\040\000S\000e\000r\000i\000e\000s}{chapter.18}% 220
\BOOKMARK [1][-]{section.18.7}{\376\377\000T\000h\000e\000\040\000C\000o\000m\000p\000l\000e\000x\000\040\000G\000e\000o\000m\000e\000t\000r\000i\000c\000\040\000S\000e\000r\000i\000e\000s}{chapter.18}% 221
\BOOKMARK [1][-]{section.18.8}{\376\377\000C\000o\000n\000n\000e\000c\000t\000i\000o\000n\000s\000\040\000t\000o\000\040\000E\000a\000r\000l\000i\000e\000r\000\040\000C\000h\000a\000p\000t\000e\000r\000s}{chapter.18}% 222
\BOOKMARK [1][-]{section.18.9}{\376\377\000A\000p\000p\000l\000i\000c\000a\000t\000i\000o\000n\000s}{chapter.18}% 223
\BOOKMARK [1][-]{section.18.10}{\376\377\000L\000o\000o\000k\000i\000n\000g\000\040\000A\000h\000e\000a\000d}{chapter.18}% 224
\BOOKMARK [1][-]{section.18.11}{\376\377\000E\000x\000e\000r\000c\000i\000s\000e\000s}{chapter.18}% 225
\BOOKMARK [0][-]{chapter.19}{\376\377\000F\000o\000u\000r\000i\000e\000r\000\040\000I\000n\000t\000u\000i\000t\000i\000o\000n}{part.5}% 226
\BOOKMARK [1][-]{section.19.1}{\376\377\000P\000e\000r\000i\000o\000d\000i\000c\000\040\000C\000y\000c\000l\000e\000s\000\040\000a\000n\000d\000\040\000H\000i\000d\000d\000e\000n\000\040\000P\000a\000t\000t\000e\000r\000n\000s}{chapter.19}% 227
\BOOKMARK [1][-]{section.19.2}{\376\377\000F\000r\000o\000m\000\040\000S\000i\000m\000p\000l\000e\000\040\000O\000s\000c\000i\000l\000l\000a\000t\000i\000o\000n\000s\000\040\000t\000o\000\040\000C\000o\000m\000p\000l\000e\000x\000\040\000P\000a\000t\000t\000e\000r\000n\000s}{chapter.19}% 228
\BOOKMARK [1][-]{section.19.3}{\376\377\000F\000r\000e\000q\000u\000e\000n\000c\000y\000\040\000R\000e\000v\000i\000s\000i\000t\000e\000d}{chapter.19}% 229
\BOOKMARK [1][-]{section.19.4}{\376\377\000H\000a\000r\000m\000o\000n\000i\000c\000s}{chapter.19}% 230
\BOOKMARK [1][-]{section.19.5}{\376\377\000S\000u\000p\000e\000r\000p\000o\000s\000i\000t\000i\000o\000n}{chapter.19}% 231
\BOOKMARK [1][-]{section.19.6}{\376\377\000C\000o\000m\000p\000l\000e\000x\000\040\000E\000x\000p\000o\000n\000e\000n\000t\000i\000a\000l\000s\000\040\000a\000n\000d\000\040\000H\000a\000r\000m\000o\000n\000i\000c\000\040\000S\000u\000m\000s}{chapter.19}% 232
\BOOKMARK [1][-]{section.19.7}{\376\377\000T\000h\000e\000\040\000F\000o\000u\000r\000i\000e\000r\000\040\000I\000d\000e\000a}{chapter.19}% 233
\BOOKMARK [1][-]{section.19.8}{\376\377\000W\000h\000y\000\040\000O\000r\000t\000h\000o\000g\000o\000n\000a\000l\000i\000t\000y\000\040\000M\000a\000t\000t\000e\000r\000s}{chapter.19}% 234
\BOOKMARK [1][-]{section.19.9}{\376\377\000V\000i\000s\000u\000a\000l\000i\000z\000i\000n\000g\000\040\000D\000e\000c\000o\000m\000p\000o\000s\000i\000t\000i\000o\000n}{chapter.19}% 235
\BOOKMARK [1][-]{section.19.10}{\376\377\000A\000p\000p\000l\000i\000c\000a\000t\000i\000o\000n\000s}{chapter.19}% 236
\BOOKMARK [1][-]{section.19.11}{\376\377\000A\000\040\000H\000i\000s\000t\000o\000r\000i\000c\000a\000l\000\040\000P\000e\000r\000s\000p\000e\000c\000t\000i\000v\000e}{chapter.19}% 237
\BOOKMARK [1][-]{section.19.12}{\376\377\000L\000o\000o\000k\000i\000n\000g\000\040\000B\000a\000c\000k}{chapter.19}% 238
\BOOKMARK [1][-]{section.19.13}{\376\377\000E\000x\000e\000r\000c\000i\000s\000e\000s}{chapter.19}% 239
\BOOKMARK [-1][-]{part.6}{\376\377\000V\000I\000\040\000C\000o\000d\000a\000:\000\040\000P\000r\000o\000j\000e\000c\000t\000i\000o\000n\000\040\000a\000n\000d\000\040\000I\000n\000t\000e\000r\000p\000r\000e\000t\000a\000t\000i\000o\000n}{}% 240
\BOOKMARK [0][-]{chapter.20}{\376\377\000P\000r\000o\000j\000e\000c\000t\000i\000o\000n\000,\000\040\000I\000n\000t\000e\000r\000p\000r\000e\000t\000a\000t\000i\000o\000n\000,\000\040\000a\000n\000d\000\040\000L\000i\000v\000i\000n\000g\000\040\000D\000y\000n\000a\000m\000i\000c\000s}{part.6}% 241
\BOOKMARK [1][-]{section.20.1}{\376\377\000R\000e\000p\000r\000e\000s\000e\000n\000t\000a\000t\000i\000o\000n\000\040\000a\000s\000\040\000a\000\040\000M\000a\000t\000h\000e\000m\000a\000t\000i\000c\000a\000l\000\040\000R\000e\000l\000a\000t\000i\000o\000n}{chapter.20}% 242
\BOOKMARK [1][-]{section.20.2}{\376\377\000P\000r\000o\000j\000e\000c\000t\000i\000o\000n\000\040\000a\000n\000d\000\040\000t\000h\000e\000\040\000K\000e\000r\000n\000e\000l}{chapter.20}% 243
\BOOKMARK [1][-]{section.20.3}{\376\377\000M\000u\000l\000t\000i\000p\000l\000e\000\040\000I\000n\000t\000e\000r\000p\000r\000e\000t\000a\000b\000i\000l\000i\000t\000y}{chapter.20}% 244
\BOOKMARK [1][-]{section.20.4}{\376\377\000S\000p\000a\000r\000s\000e\000\040\000P\000r\000o\000j\000e\000c\000t\000i\000o\000n\000s\000\040\000a\000n\000d\000\040\000A\000p\000p\000a\000r\000e\000n\000t\000\040\000R\000e\000p\000r\000e\000s\000e\000n\000t\000a\000t\000i\000o\000n}{chapter.20}% 245
\BOOKMARK [1][-]{section.20.5}{\376\377\000I\000n\000v\000a\000r\000i\000a\000n\000c\000e\000\040\000W\000i\000t\000h\000o\000u\000t\000\040\000S\000y\000m\000b\000o\000l\000i\000s\000m}{chapter.20}% 246
\BOOKMARK [1][-]{section.20.6}{\376\377\000F\000o\000u\000r\000i\000e\000r\000\040\000D\000e\000c\000o\000m\000p\000o\000s\000i\000t\000i\000o\000n\000\040\000a\000n\000d\000\040\000O\000b\000s\000e\000r\000v\000e\000r\000\040\000C\000h\000o\000i\000c\000e}{chapter.20}% 247
\BOOKMARK [1][-]{section.20.7}{\376\377\000T\000h\000e\000\040\000C\000o\000m\000m\000u\000t\000a\000t\000i\000v\000i\000t\000y\000\040\000T\000e\000s\000t}{chapter.20}% 248
\BOOKMARK [1][-]{section.20.8}{\376\377\000T\000h\000e\000\040\000R\000e\000p\000r\000e\000s\000e\000n\000t\000a\000t\000i\000o\000n\000\040\000T\000h\000e\000o\000r\000e\000m}{chapter.20}% 249
\BOOKMARK [1][-]{section.20.9}{\376\377\000F\000u\000r\000t\000h\000e\000r\000\040\000D\000i\000r\000e\000c\000t\000i\000o\000n\000s}{chapter.20}% 250
\BOOKMARK [1][-]{section.20.10}{\376\377\000L\000o\000o\000k\000i\000n\000g\000\040\000B\000a\000c\000k}{chapter.20}% 251
\BOOKMARK [1][-]{section.20.11}{\376\377\000E\000x\000e\000r\000c\000i\000s\000e\000s}{chapter.20}% 252
\BOOKMARK [0][-]{appendix*.4}{\376\377\000R\000e\000v\000i\000e\000w\000\040\000o\000f\000\040\000A\000l\000g\000e\000b\000r\000a\000i\000c\000\040\000P\000r\000e\000r\000e\000q\000u\000i\000s\000i\000t\000e\000s}{part.6}% 253
\BOOKMARK [1][-]{section.Alph0.1}{\376\377\000E\000x\000p\000o\000n\000e\000n\000t\000s\000\040\000a\000n\000d\000\040\000R\000a\000d\000i\000c\000a\000l\000s}{appendix*.4}% 254
\BOOKMARK [1][-]{section.Alph0.2}{\376\377\000F\000a\000c\000t\000o\000r\000i\000n\000g}{appendix*.4}% 255
\BOOKMARK [1][-]{section.Alph0.3}{\376\377\000S\000o\000l\000v\000i\000n\000g\000\040\000E\000q\000u\000a\000t\000i\000o\000n\000s}{appendix*.4}% 256
\BOOKMARK [0][-]{appendix*.5}{\376\377\000T\000a\000b\000l\000e\000\040\000o\000f\000\040\000I\000d\000e\000n\000t\000i\000t\000i\000e\000s}{part.6}% 257
\BOOKMARK [1][-]{section.Alph0.4}{\376\377\000R\000e\000c\000i\000p\000r\000o\000c\000a\000l\000\040\000a\000n\000d\000\040\000Q\000u\000o\000t\000i\000e\000n\000t\000\040\000I\000d\000e\000n\000t\000i\000t\000i\000e\000s}{appendix*.5}% 258
\BOOKMARK [1][-]{section.Alph0.5}{\376\377\000P\000y\000t\000h\000a\000g\000o\000r\000e\000a\000n\000\040\000I\000d\000e\000n\000t\000i\000t\000i\000e\000s}{appendix*.5}% 259
\BOOKMARK [1][-]{section.Alph0.6}{\376\377\000C\000o\000f\000u\000n\000c\000t\000i\000o\000n\000\040\000I\000d\000e\000n\000t\000i\000t\000i\000e\000s}{appendix*.5}% 260
\BOOKMARK [1][-]{section.Alph0.7}{\376\377\000E\000v\000e\000n\000\040\000a\000n\000d\000\040\000O\000d\000d\000\040\000I\000d\000e\000n\000t\000i\000t\000i\000e\000s}{appendix*.5}% 261
\BOOKMARK [1][-]{section.Alph0.8}{\376\377\000S\000u\000m\000\040\000a\000n\000d\000\040\000D\000i\000f\000f\000e\000r\000e\000n\000c\000e\000\040\000F\000o\000r\000m\000u\000l\000a\000s}{appendix*.5}% 262
\BOOKMARK [1][-]{section.Alph0.9}{\376\377\000D\000o\000u\000b\000l\000e\000-\000A\000n\000g\000l\000e\000\040\000F\000o\000r\000m\000u\000l\000a\000s}{appendix*.5}% 263
\BOOKMARK [1][-]{section.Alph0.10}{\376\377\000H\000a\000l\000f\000-\000A\000n\000g\000l\000e\000\040\000F\000o\000r\000m\000u\000l\000a\000s}{appendix*.5}% 264
\BOOKMARK [1][-]{section.Alph0.11}{\376\377\000P\000r\000o\000d\000u\000c\000t\000-\000t\000o\000-\000S\000u\000m\000\040\000F\000o\000r\000m\000u\000l\000a\000s}{appendix*.5}% 265
\BOOKMARK [1][-]{section.Alph0.12}{\376\377\000S\000u\000m\000-\000t\000o\000-\000P\000r\000o\000d\000u\000c\000t\000\040\000F\000o\000r\000m\000u\000l\000a\000s}{appendix*.5}% 266
\BOOKMARK [1][-]{section.Alph0.13}{\376\377\000L\000a\000w\000\040\000o\000f\000\040\000S\000i\000n\000e\000s\000\040\000a\000n\000d\000\040\000L\000a\000w\000\040\000o\000f\000\040\000C\000o\000s\000i\000n\000e\000s}{appendix*.5}% 267
\BOOKMARK [1][-]{section.Alph0.14}{\376\377\000E\000x\000a\000c\000t\000\040\000V\000a\000l\000u\000e\000s\000\040\000o\000f\000\040\000C\000o\000m\000m\000o\000n\000\040\000A\000n\000g\000l\000e\000s}{appendix*.5}% 268
\BOOKMARK [1][-]{section.Alph0.15}{\376\377\000E\000u\000l\000e\000r\000'\000s\000\040\000F\000o\000r\000m\000u\000l\000a\000\040\000a\000n\000d\000\040\000R\000e\000l\000a\000t\000e\000d\000\040\000I\000d\000e\000n\000t\000i\000t\000i\000e\000s}{appendix*.5}% 269
\BOOKMARK [0][-]{appendix*.6}{\376\377\000A\000n\000s\000w\000e\000r\000s\000\040\000t\000o\000\040\000S\000e\000l\000e\000c\000t\000e\000d\000\040\000E\000x\000e\000r\000c\000i\000s\000e\000s}{part.6}% 270
