This is XeTeX, Version 3.141592653-2.6-0.999995 (TeX Live 2023/Debian) (preloaded format=xelatex 2026.5.3)  17 JUL 2026 08:48
entering extended mode
 restricted \write18 enabled.
 %&-line parsing enabled.
**restorability-boundaries.tex
(./restorability-boundaries.tex
LaTeX2e <2023-11-01> patch level 1
L3 programming layer <2024-01-22>
(/usr/share/texlive/texmf-dist/tex/latex/base/report.cls
Document Class: report 2023/05/17 v1.4n Standard LaTeX document class
(/usr/share/texlive/texmf-dist/tex/latex/base/size12.clo
File: size12.clo 2023/05/17 v1.4n Standard LaTeX file (size option)
)
\c@part=\count183
\c@chapter=\count184
\c@section=\count185
\c@subsection=\count186
\c@subsubsection=\count187
\c@paragraph=\count188
\c@subparagraph=\count189
\c@figure=\count190
\c@table=\count191
\abovecaptionskip=\skip48
\belowcaptionskip=\skip49
\bibindent=\dimen140
)
(/usr/share/texlive/texmf-dist/tex/latex/fontspec/fontspec.sty
(/usr/share/texlive/texmf-dist/tex/latex/l3packages/xparse/xparse.sty
(/usr/share/texlive/texmf-dist/tex/latex/l3kernel/expl3.sty
Package: expl3 2024-01-22 L3 programming layer (loader) 

(/usr/share/texlive/texmf-dist/tex/latex/l3backend/l3backend-xetex.def
File: l3backend-xetex.def 2024-01-04 L3 backend support: XeTeX
\g__graphics_track_int=\count192
\l__pdf_internal_box=\box51
\g__pdf_backend_object_int=\count193
\g__pdf_backend_annotation_int=\count194
\g__pdf_backend_link_int=\count195
))
Package: xparse 2023-10-10 L3 Experimental document command parser
)
Package: fontspec 2022/01/15 v2.8a Font selection for XeLaTeX and LuaLaTeX

(/usr/share/texlive/texmf-dist/tex/latex/fontspec/fontspec-xetex.sty
Package: fontspec-xetex 2022/01/15 v2.8a Font selection for XeLaTeX and LuaLaTe
X
\l__fontspec_script_int=\count196
\l__fontspec_language_int=\count197
\l__fontspec_strnum_int=\count198
\l__fontspec_tmp_int=\count199
\l__fontspec_tmpa_int=\count266
\l__fontspec_tmpb_int=\count267
\l__fontspec_tmpc_int=\count268
\l__fontspec_em_int=\count269
\l__fontspec_emdef_int=\count270
\l__fontspec_strong_int=\count271
\l__fontspec_strongdef_int=\count272
\l__fontspec_tmpa_dim=\dimen141
\l__fontspec_tmpb_dim=\dimen142
\l__fontspec_tmpc_dim=\dimen143

(/usr/share/texlive/texmf-dist/tex/latex/base/fontenc.sty
Package: fontenc 2021/04/29 v2.0v Standard LaTeX package
)
(/usr/share/texlive/texmf-dist/tex/latex/fontspec/fontspec.cfg)))

Package fontspec Info: Font family 'TeXGyrePagella(0)' created for font 'TeX
(fontspec)             Gyre Pagella' with options [Ligatures=TeX].
(fontspec)              
(fontspec)              This font family consists of the following NFSS
(fontspec)             series/shapes:
(fontspec)              
(fontspec)             - 'normal' (m/n) with NFSS spec.: <->"TeX Gyre
(fontspec)             Pagella/OT:script=latn;language=dflt;mapping=tex-text;"
(fontspec)             - 'small caps'  (m/sc) with NFSS spec.: <->"TeX Gyre
(fontspec)             Pagella/OT:script=latn;language=dflt;+smcp;mapping=tex-t
ext;"
(fontspec)             - 'bold' (b/n) with NFSS spec.: <->"TeX Gyre
(fontspec)             Pagella/B/OT:script=latn;language=dflt;mapping=tex-text;
"
(fontspec)             - 'bold small caps'  (b/sc) with NFSS spec.: <->"TeX
(fontspec)             Gyre
(fontspec)             Pagella/B/OT:script=latn;language=dflt;+smcp;mapping=tex
-text;"
(fontspec)             - 'italic' (m/it) with NFSS spec.: <->"TeX Gyre
(fontspec)             Pagella/I/OT:script=latn;language=dflt;mapping=tex-text;
"
(fontspec)             - 'italic small caps'  (m/scit) with NFSS spec.:
(fontspec)             <->"TeX Gyre
(fontspec)             Pagella/I/OT:script=latn;language=dflt;+smcp;mapping=tex
-text;"
(fontspec)             - 'bold italic' (b/it) with NFSS spec.: <->"TeX Gyre
(fontspec)             Pagella/BI/OT:script=latn;language=dflt;mapping=tex-text
;"
(fontspec)             - 'bold italic small caps'  (b/scit) with NFSS spec.:
(fontspec)             <->"TeX Gyre
(fontspec)             Pagella/BI/OT:script=latn;language=dflt;+smcp;mapping=te
x-text;"


(/usr/share/texlive/texmf-dist/tex/latex/amsmath/amsmath.sty
Package: amsmath 2023/05/13 v2.17o AMS math features
\@mathmargin=\skip50

For additional information on amsmath, use the `?' option.
(/usr/share/texlive/texmf-dist/tex/latex/amsmath/amstext.sty
Package: amstext 2021/08/26 v2.01 AMS text

(/usr/share/texlive/texmf-dist/tex/latex/amsmath/amsgen.sty
File: amsgen.sty 1999/11/30 v2.0 generic functions
\@emptytoks=\toks17
\ex@=\dimen144
))
(/usr/share/texlive/texmf-dist/tex/latex/amsmath/amsbsy.sty
Package: amsbsy 1999/11/29 v1.2d Bold Symbols
\pmbraise@=\dimen145
)
(/usr/share/texlive/texmf-dist/tex/latex/amsmath/amsopn.sty
Package: amsopn 2022/04/08 v2.04 operator names
)
\inf@bad=\count273
LaTeX Info: Redefining \frac on input line 234.
\uproot@=\count274
\leftroot@=\count275
LaTeX Info: Redefining \overline on input line 399.
LaTeX Info: Redefining \colon on input line 410.
\classnum@=\count276
\DOTSCASE@=\count277
LaTeX Info: Redefining \ldots on input line 496.
LaTeX Info: Redefining \dots on input line 499.
LaTeX Info: Redefining \cdots on input line 620.
\Mathstrutbox@=\box52
\strutbox@=\box53
LaTeX Info: Redefining \big on input line 722.
LaTeX Info: Redefining \Big on input line 723.
LaTeX Info: Redefining \bigg on input line 724.
LaTeX Info: Redefining \Bigg on input line 725.
\big@size=\dimen146
LaTeX Font Info:    Redeclaring font encoding OML on input line 743.
LaTeX Font Info:    Redeclaring font encoding OMS on input line 744.
\macc@depth=\count278
LaTeX Info: Redefining \bmod on input line 905.
LaTeX Info: Redefining \pmod on input line 910.
LaTeX Info: Redefining \smash on input line 940.
LaTeX Info: Redefining \relbar on input line 970.
LaTeX Info: Redefining \Relbar on input line 971.
\c@MaxMatrixCols=\count279
\dotsspace@=\muskip16
\c@parentequation=\count280
\dspbrk@lvl=\count281
\tag@help=\toks18
\row@=\count282
\column@=\count283
\maxfields@=\count284
\andhelp@=\toks19
\eqnshift@=\dimen147
\alignsep@=\dimen148
\tagshift@=\dimen149
\tagwidth@=\dimen150
\totwidth@=\dimen151
\lineht@=\dimen152
\@envbody=\toks20
\multlinegap=\skip51
\multlinetaggap=\skip52
\mathdisplay@stack=\toks21
LaTeX Info: Redefining \[ on input line 2953.
LaTeX Info: Redefining \] on input line 2954.
)
(/usr/share/texlive/texmf-dist/tex/latex/amsfonts/amssymb.sty
Package: amssymb 2013/01/14 v3.01 AMS font symbols

(/usr/share/texlive/texmf-dist/tex/latex/amsfonts/amsfonts.sty
Package: amsfonts 2013/01/14 v3.01 Basic AMSFonts support
\symAMSa=\mathgroup4
\symAMSb=\mathgroup5
LaTeX Font Info:    Redeclaring math symbol \hbar on input line 98.
LaTeX Font Info:    Overwriting math alphabet `\mathfrak' in version `bold'
(Font)                  U/euf/m/n --> U/euf/b/n on input line 106.
))
(/usr/share/texlive/texmf-dist/tex/latex/amscls/amsthm.sty
Package: amsthm 2020/05/29 v2.20.6
\thm@style=\toks22
\thm@bodyfont=\toks23
\thm@headfont=\toks24
\thm@notefont=\toks25
\thm@headpunct=\toks26
\thm@preskip=\skip53
\thm@postskip=\skip54
\thm@headsep=\skip55
\dth@everypar=\toks27
)
(/usr/share/texlive/texmf-dist/tex/latex/caption/caption.sty
Package: caption 2023/08/05 v3.6o Customizing captions (AR)

(/usr/share/texlive/texmf-dist/tex/latex/caption/caption3.sty
Package: caption3 2023/07/31 v2.4d caption3 kernel (AR)

(/usr/share/texlive/texmf-dist/tex/latex/graphics/keyval.sty
Package: keyval 2022/05/29 v1.15 key=value parser (DPC)
\KV@toks@=\toks28
)
\caption@tempdima=\dimen153
\captionmargin=\dimen154
\caption@leftmargin=\dimen155
\caption@rightmargin=\dimen156
\caption@width=\dimen157
\caption@indent=\dimen158
\caption@parindent=\dimen159
\caption@hangindent=\dimen160
Package caption Info: Standard document class detected.
)
\c@caption@flags=\count285
\c@continuedfloat=\count286
)
(/usr/share/texlive/texmf-dist/tex/latex/geometry/geometry.sty
Package: geometry 2020/01/02 v5.9 Page Geometry

(/usr/share/texlive/texmf-dist/tex/generic/iftex/ifvtex.sty
Package: ifvtex 2019/10/25 v1.7 ifvtex legacy package. Use iftex instead.

(/usr/share/texlive/texmf-dist/tex/generic/iftex/iftex.sty
Package: iftex 2022/02/03 v1.0f TeX engine tests
))
\Gm@cnth=\count287
\Gm@cntv=\count288
\c@Gm@tempcnt=\count289
\Gm@bindingoffset=\dimen161
\Gm@wd@mp=\dimen162
\Gm@odd@mp=\dimen163
\Gm@even@mp=\dimen164
\Gm@layoutwidth=\dimen165
\Gm@layoutheight=\dimen166
\Gm@layouthoffset=\dimen167
\Gm@layoutvoffset=\dimen168
\Gm@dimlist=\toks29
)
(/usr/share/texlive/texmf-dist/tex/latex/hyperref/hyperref.sty
Package: hyperref 2024-01-20 v7.01h Hypertext links for LaTeX

(/usr/share/texlive/texmf-dist/tex/latex/kvsetkeys/kvsetkeys.sty
Package: kvsetkeys 2022-10-05 v1.19 Key value parser (HO)
)
(/usr/share/texlive/texmf-dist/tex/generic/kvdefinekeys/kvdefinekeys.sty
Package: kvdefinekeys 2019-12-19 v1.6 Define keys (HO)
)
(/usr/share/texlive/texmf-dist/tex/generic/pdfescape/pdfescape.sty
Package: pdfescape 2019/12/09 v1.15 Implements pdfTeX's escape features (HO)

(/usr/share/texlive/texmf-dist/tex/generic/ltxcmds/ltxcmds.sty
Package: ltxcmds 2023-12-04 v1.26 LaTeX kernel commands for general use (HO)
)
(/usr/share/texlive/texmf-dist/tex/generic/pdftexcmds/pdftexcmds.sty
Package: pdftexcmds 2020-06-27 v0.33 Utility functions of pdfTeX for LuaTeX (HO
)

(/usr/share/texlive/texmf-dist/tex/generic/infwarerr/infwarerr.sty
Package: infwarerr 2019/12/03 v1.5 Providing info/warning/error messages (HO)
)
Package pdftexcmds Info: \pdf@primitive is available.
Package pdftexcmds Info: \pdf@ifprimitive is available.
Package pdftexcmds Info: \pdfdraftmode not found.
))
(/usr/share/texlive/texmf-dist/tex/latex/hycolor/hycolor.sty
Package: hycolor 2020-01-27 v1.10 Color options for hyperref/bookmark (HO)
)
(/usr/share/texlive/texmf-dist/tex/latex/auxhook/auxhook.sty
Package: auxhook 2019-12-17 v1.6 Hooks for auxiliary files (HO)
)
(/usr/share/texlive/texmf-dist/tex/latex/hyperref/nameref.sty
Package: nameref 2023-11-26 v2.56 Cross-referencing by name of section

(/usr/share/texlive/texmf-dist/tex/latex/refcount/refcount.sty
Package: refcount 2019/12/15 v3.6 Data extraction from label references (HO)
)
(/usr/share/texlive/texmf-dist/tex/generic/gettitlestring/gettitlestring.sty
Package: gettitlestring 2019/12/15 v1.6 Cleanup title references (HO)

(/usr/share/texlive/texmf-dist/tex/latex/kvoptions/kvoptions.sty
Package: kvoptions 2022-06-15 v3.15 Key value format for package options (HO)
))
\c@section@level=\count290
)
(/usr/share/texlive/texmf-dist/tex/latex/etoolbox/etoolbox.sty
Package: etoolbox 2020/10/05 v2.5k e-TeX tools for LaTeX (JAW)
\etb@tempcnta=\count291
)
\@linkdim=\dimen169
\Hy@linkcounter=\count292
\Hy@pagecounter=\count293

(/usr/share/texlive/texmf-dist/tex/latex/hyperref/pd1enc.def
File: pd1enc.def 2024-01-20 v7.01h Hyperref: PDFDocEncoding definition (HO)
)
(/usr/share/texlive/texmf-dist/tex/generic/intcalc/intcalc.sty
Package: intcalc 2019/12/15 v1.3 Expandable calculations with integers (HO)
)
\Hy@SavedSpaceFactor=\count294

(/usr/share/texlive/texmf-dist/tex/latex/hyperref/puenc.def
File: puenc.def 2024-01-20 v7.01h Hyperref: PDF Unicode definition (HO)
)
Package hyperref Info: Option `colorlinks' set `true' on input line 4062.
Package hyperref Info: Hyper figures OFF on input line 4179.
Package hyperref Info: Link nesting OFF on input line 4184.
Package hyperref Info: Hyper index ON on input line 4187.
Package hyperref Info: Plain pages OFF on input line 4194.
Package hyperref Info: Backreferencing OFF on input line 4199.
Package hyperref Info: Implicit mode ON; LaTeX internals redefined.
Package hyperref Info: Bookmarks ON on input line 4446.
\c@Hy@tempcnt=\count295

(/usr/share/texlive/texmf-dist/tex/latex/url/url.sty
\Urlmuskip=\muskip17
Package: url 2013/09/16  ver 3.4  Verb mode for urls, etc.
)
LaTeX Info: Redefining \url on input line 4784.
\XeTeXLinkMargin=\dimen170

(/usr/share/texlive/texmf-dist/tex/generic/bitset/bitset.sty
Package: bitset 2019/12/09 v1.3 Handle bit-vector datatype (HO)

(/usr/share/texlive/texmf-dist/tex/generic/bigintcalc/bigintcalc.sty
Package: bigintcalc 2019/12/15 v1.5 Expandable calculations on big integers (HO
)
))
\Fld@menulength=\count296
\Field@Width=\dimen171
\Fld@charsize=\dimen172
Package hyperref Info: Hyper figures OFF on input line 6063.
Package hyperref Info: Link nesting OFF on input line 6068.
Package hyperref Info: Hyper index ON on input line 6071.
Package hyperref Info: backreferencing OFF on input line 6078.
Package hyperref Info: Link coloring ON on input line 6081.
Package hyperref Info: Link coloring with OCG OFF on input line 6088.
Package hyperref Info: PDF/A mode OFF on input line 6093.

(/usr/share/texlive/texmf-dist/tex/latex/base/atbegshi-ltx.sty
Package: atbegshi-ltx 2021/01/10 v1.0c Emulation of the original atbegshi
package with kernel methods
)
\Hy@abspage=\count297
\c@Item=\count298
\c@Hfootnote=\count299
)
Package hyperref Info: Driver (autodetected): hxetex.

(/usr/share/texlive/texmf-dist/tex/latex/hyperref/hxetex.def
File: hxetex.def 2024-01-20 v7.01h Hyperref driver for XeTeX

(/usr/share/texlive/texmf-dist/tex/generic/stringenc/stringenc.sty
Package: stringenc 2019/11/29 v1.12 Convert strings between diff. encodings (HO
)
)
\pdfm@box=\box54
\c@Hy@AnnotLevel=\count300
\HyField@AnnotCount=\count301
\Fld@listcount=\count302
\c@bookmark@seq@number=\count303

(/usr/share/texlive/texmf-dist/tex/latex/rerunfilecheck/rerunfilecheck.sty
Package: rerunfilecheck 2022-07-10 v1.10 Rerun checks for auxiliary files (HO)

(/usr/share/texlive/texmf-dist/tex/latex/base/atveryend-ltx.sty
Package: atveryend-ltx 2020/08/19 v1.0a Emulation of the original atveryend pac
kage
with kernel methods
)
(/usr/share/texlive/texmf-dist/tex/generic/uniquecounter/uniquecounter.sty
Package: uniquecounter 2019/12/15 v1.4 Provide unlimited unique counter (HO)
)
Package uniquecounter Info: New unique counter `rerunfilecheck' on input line 2
85.
)
\Hy@SectionHShift=\skip56
)
(/usr/share/texlive/texmf-dist/tex/latex/cleveref/cleveref.sty
Package: cleveref 2018/03/27 v0.21.4 Intelligent cross-referencing
Package cleveref Info: `hyperref' support loaded on input line 2370.
LaTeX Info: Redefining \cref on input line 2370.
LaTeX Info: Redefining \Cref on input line 2370.
LaTeX Info: Redefining \crefrange on input line 2370.
LaTeX Info: Redefining \Crefrange on input line 2370.
LaTeX Info: Redefining \cpageref on input line 2370.
LaTeX Info: Redefining \Cpageref on input line 2370.
LaTeX Info: Redefining \cpagerefrange on input line 2370.
LaTeX Info: Redefining \Cpagerefrange on input line 2370.
LaTeX Info: Redefining \labelcref on input line 2370.
LaTeX Info: Redefining \labelcpageref on input line 2370.
Package cleveref Info: `amsthm' support loaded on input line 3026.
)
\c@definition=\count304

(./restorability-boundaries.aux)
\openout1 = `restorability-boundaries.aux'.

LaTeX Font Info:    Checking defaults for OML/cmm/m/it on input line 56.
LaTeX Font Info:    ... okay on input line 56.
LaTeX Font Info:    Checking defaults for OMS/cmsy/m/n on input line 56.
LaTeX Font Info:    ... okay on input line 56.
LaTeX Font Info:    Checking defaults for OT1/cmr/m/n on input line 56.
LaTeX Font Info:    ... okay on input line 56.
LaTeX Font Info:    Checking defaults for T1/cmr/m/n on input line 56.
LaTeX Font Info:    ... okay on input line 56.
LaTeX Font Info:    Checking defaults for TS1/cmr/m/n on input line 56.
LaTeX Font Info:    Trying to load font information for TS1+cmr on input line 5
6.

(/usr/share/texlive/texmf-dist/tex/latex/base/ts1cmr.fd
File: ts1cmr.fd 2023/04/13 v2.5m Standard LaTeX font definitions
)
LaTeX Font Info:    ... okay on input line 56.
LaTeX Font Info:    Checking defaults for TU/lmr/m/n on input line 56.
LaTeX Font Info:    ... okay on input line 56.
LaTeX Font Info:    Checking defaults for OMX/cmex/m/n on input line 56.
LaTeX Font Info:    ... okay on input line 56.
LaTeX Font Info:    Checking defaults for U/cmr/m/n on input line 56.
LaTeX Font Info:    ... okay on input line 56.
LaTeX Font Info:    Checking defaults for PD1/pdf/m/n on input line 56.
LaTeX Font Info:    ... okay on input line 56.
LaTeX Font Info:    Checking defaults for PU/pdf/m/n on input line 56.
LaTeX Font Info:    ... okay on input line 56.

Package fontspec Info: Adjusting the maths setup (use [no-math] to avoid
(fontspec)             this).

\symlegacymaths=\mathgroup6
LaTeX Font Info:    Overwriting symbol font `legacymaths' in version `bold'
(Font)                  OT1/cmr/m/n --> OT1/cmr/bx/n on input line 56.
LaTeX Font Info:    Redeclaring math accent \acute on input line 56.
LaTeX Font Info:    Redeclaring math accent \grave on input line 56.
LaTeX Font Info:    Redeclaring math accent \ddot on input line 56.
LaTeX Font Info:    Redeclaring math accent \tilde on input line 56.
LaTeX Font Info:    Redeclaring math accent \bar on input line 56.
LaTeX Font Info:    Redeclaring math accent \breve on input line 56.
LaTeX Font Info:    Redeclaring math accent \check on input line 56.
LaTeX Font Info:    Redeclaring math accent \hat on input line 56.
LaTeX Font Info:    Redeclaring math accent \dot on input line 56.
LaTeX Font Info:    Redeclaring math accent \mathring on input line 56.
LaTeX Font Info:    Redeclaring math symbol \Gamma on input line 56.
LaTeX Font Info:    Redeclaring math symbol \Delta on input line 56.
LaTeX Font Info:    Redeclaring math symbol \Theta on input line 56.
LaTeX Font Info:    Redeclaring math symbol \Lambda on input line 56.
LaTeX Font Info:    Redeclaring math symbol \Xi on input line 56.
LaTeX Font Info:    Redeclaring math symbol \Pi on input line 56.
LaTeX Font Info:    Redeclaring math symbol \Sigma on input line 56.
LaTeX Font Info:    Redeclaring math symbol \Upsilon on input line 56.
LaTeX Font Info:    Redeclaring math symbol \Phi on input line 56.
LaTeX Font Info:    Redeclaring math symbol \Psi on input line 56.
LaTeX Font Info:    Redeclaring math symbol \Omega on input line 56.
LaTeX Font Info:    Redeclaring math symbol \mathdollar on input line 56.
LaTeX Font Info:    Redeclaring symbol font `operators' on input line 56.
LaTeX Font Info:    Encoding `OT1' has changed to `TU' for symbol font
(Font)              `operators' in the math version `normal' on input line 56.
LaTeX Font Info:    Overwriting symbol font `operators' in version `normal'
(Font)                  OT1/cmr/m/n --> TU/TeXGyrePagella(0)/m/n on input line 
56.
LaTeX Font Info:    Encoding `OT1' has changed to `TU' for symbol font
(Font)              `operators' in the math version `bold' on input line 56.
LaTeX Font Info:    Overwriting symbol font `operators' in version `bold'
(Font)                  OT1/cmr/bx/n --> TU/TeXGyrePagella(0)/m/n on input line
 56.
LaTeX Font Info:    Overwriting symbol font `operators' in version `normal'
(Font)                  TU/TeXGyrePagella(0)/m/n --> TU/TeXGyrePagella(0)/m/n o
n input line 56.
LaTeX Font Info:    Overwriting math alphabet `\mathit' in version `normal'
(Font)                  OT1/cmr/m/it --> TU/TeXGyrePagella(0)/m/it on input lin
e 56.
LaTeX Font Info:    Overwriting math alphabet `\mathbf' in version `normal'
(Font)                  OT1/cmr/bx/n --> TU/TeXGyrePagella(0)/b/n on input line
 56.
LaTeX Font Info:    Overwriting math alphabet `\mathsf' in version `normal'
(Font)                  OT1/cmss/m/n --> TU/lmss/m/n on input line 56.
LaTeX Font Info:    Overwriting math alphabet `\mathtt' in version `normal'
(Font)                  OT1/cmtt/m/n --> TU/lmtt/m/n on input line 56.
LaTeX Font Info:    Overwriting symbol font `operators' in version `bold'
(Font)                  TU/TeXGyrePagella(0)/m/n --> TU/TeXGyrePagella(0)/b/n o
n input line 56.
LaTeX Font Info:    Overwriting math alphabet `\mathit' in version `bold'
(Font)                  OT1/cmr/bx/it --> TU/TeXGyrePagella(0)/b/it on input li
ne 56.
LaTeX Font Info:    Overwriting math alphabet `\mathsf' in version `bold'
(Font)                  OT1/cmss/bx/n --> TU/lmss/b/n on input line 56.
LaTeX Font Info:    Overwriting math alphabet `\mathtt' in version `bold'
(Font)                  OT1/cmtt/m/n --> TU/lmtt/b/n on input line 56.
Package caption Info: Begin \AtBeginDocument code.
Package caption Info: hyperref package is loaded.
Package caption Info: End \AtBeginDocument code.

*geometry* driver: auto-detecting
*geometry* detected driver: xetex
*geometry* verbose mode - [ preamble ] result:
* driver: xetex
* paper: <default>
* layout: <same size as paper>
* layoutoffset:(h,v)=(0.0pt,0.0pt)
* modes: 
* h-part:(L,W,R)=(97.56493pt, 419.16515pt, 97.56493pt)
* v-part:(T,H,B)=(97.56493pt, 599.84013pt, 97.56493pt)
* \paperwidth=614.295pt
* \paperheight=794.96999pt
* \textwidth=419.16515pt
* \textheight=599.84013pt
* \oddsidemargin=25.29494pt
* \evensidemargin=25.29494pt
* \topmargin=-11.70506pt
* \headheight=12.0pt
* \headsep=25.0pt
* \topskip=12.0pt
* \footskip=30.0pt
* \marginparwidth=44.0pt
* \marginparsep=10.0pt
* \columnsep=10.0pt
* \skip\footins=10.8pt plus 4.0pt minus 2.0pt
* \hoffset=0.0pt
* \voffset=0.0pt
* \mag=1000
* \@twocolumnfalse
* \@twosidefalse
* \@mparswitchfalse
* \@reversemarginfalse
* (1in=72.27pt=25.4mm, 1cm=28.453pt)

(/usr/share/texlive/texmf-dist/tex/latex/graphics/color.sty
Package: color 2022/01/06 v1.3d Standard LaTeX Color (DPC)

(/usr/share/texlive/texmf-dist/tex/latex/graphics-cfg/color.cfg
File: color.cfg 2016/01/02 v1.6 sample color configuration
)
Package color Info: Driver file: xetex.def on input line 149.

(/usr/share/texlive/texmf-dist/tex/latex/graphics-def/xetex.def
File: xetex.def 2022/09/22 v5.0n Graphics/color driver for xetex
)
(/usr/share/texlive/texmf-dist/tex/latex/graphics/mathcolor.ltx))
Package hyperref Info: Link coloring ON on input line 56.

(./restorability-boundaries.out) (./restorability-boundaries.out)
\@outlinefile=\write3
\openout3 = `restorability-boundaries.out'.

LaTeX Font Info:    Trying to load font information for U+msa on input line 59.


(/usr/share/texlive/texmf-dist/tex/latex/amsfonts/umsa.fd
File: umsa.fd 2013/01/14 v3.01 AMS symbols A
)
LaTeX Font Info:    Trying to load font information for U+msb on input line 59.


(/usr/share/texlive/texmf-dist/tex/latex/amsfonts/umsb.fd
File: umsb.fd 2013/01/14 v3.01 AMS symbols B
) [1

]
Overfull \hbox (0.18687pt too wide) in paragraph at lines 61--81
\TU/TeXGyrePagella(0)/m/n/12 pensive to recover but structurally unrecoverable 
by any allocation of time, space,
 []

[1]
Overfull \hbox (2.87224pt too wide) in paragraph at lines 86--94
\TU/TeXGyrePagella(0)/m/n/12 continuation; and reconstruction studies what surv
ives, and what does not, when
 []

[1

] (./restorability-boundaries.toc [2

] [3])
\tf@toc=\write4
\openout4 = `restorability-boundaries.toc'.

 [4]
Chapter 1.
[5

] [6] [7] [8] [9] [10]
Chapter 2.

Overfull \hbox (3.22675pt too wide) in paragraph at lines 463--466
[]\TU/TeXGyrePagella(0)/b/n/12 Definition 2.2.1 \TU/TeXGyrePagella(0)/m/n/12 (D
istinguishability space)\TU/TeXGyrePagella(0)/b/n/12 . []\TU/TeXGyrePagella(0)/
m/it/12 A distinguishability space is a pair $\OT1/cmr/m/n/12 (\OML/cmm/m/it/12
 X; \OMS/cmsy/m/n/12 ^^X
 []

[11

] [12]
Overfull \hbox (1.74686pt too wide) in paragraph at lines 590--602
\TU/TeXGyrePagella(0)/m/n/12 This chapter develops information as a Shannon-sty
le and representational quan-
 []

[13] [14]
Chapter 3.

Overfull \hbox (11.24287pt too wide) in paragraph at lines 644--647
[]\TU/TeXGyrePagella(0)/m/n/12 Both definitions describe the same underlying id
ea: which states can be reached
 []

[15

] [16] [17] [18] [19]
Chapter 4.
[20

]
Overfull \hbox (5.89886pt too wide) in paragraph at lines 942--945
[]\TU/TeXGyrePagella(0)/m/n/12 Immediate from definition [][]4.2.1[][]: the pop
ulation’s update structure is stated
 []

[21]
Overfull \hbox (22.32735pt too wide) in paragraph at lines 1015--1015
[]\TU/TeXGyrePagella(0)/b/n/17.28 Feasibility Constrains Measured Diversity — S
ome-
 []

[22] [23]
Overfull \hbox (0.77917pt too wide) in paragraph at lines 1125--1127
[]\TU/TeXGyrePagella(0)/b/n/12 Definition 4.5.1 \TU/TeXGyrePagella(0)/m/n/12 (M
arginal diversity contribution)\TU/TeXGyrePagella(0)/b/n/12 . []\TU/TeXGyrePage
lla(0)/m/it/12 For a constraint population $\OML/cmm/m/it/12 C \OT1/cmr/m/n/12 
=
 []

[24] [25] [26] [27]
Chapter 5.

Overfull \hbox (14.31088pt too wide) in paragraph at lines 1330--1335
\TU/TeXGyrePagella(0)/m/n/12 is the expected surprisal of an observation identi
fying a cell, interpreted distinction-
 []

[28

] [29] [30]
Overfull \hbox (15.72372pt too wide) in paragraph at lines 1483--1487
\TU/TeXGyrePagella(0)/m/n/12 which, by action-monotonicity, was already availab
le at $\OML/cmm/m/it/12 t[]$\TU/TeXGyrePagella(0)/m/n/12 . Hence every $\OML/cm
m/m/it/12 t[]$\TU/TeXGyrePagella(0)/m/n/12 -trajectory
 []

[31] [32] [33]
Overfull \hbox (2.17886pt too wide) in paragraph at lines 1690--1698
[]\TU/TeXGyrePagella(0)/m/it/12 Reconstructive irreversibility — the fiber non-
injectivity of a transition function, a purely
 []

[34]
Overfull \hbox (35.73091pt too wide) in paragraph at lines 1704--1715
 [] 
 []


Overfull \hbox (10.00285pt too wide) in paragraph at lines 1717--1723
[]\TU/TeXGyrePagella(0)/m/n/12 Of five candidates, four are reduced above to a 
single underlying partition/fiber
 []

[35]
Chapter 6.
[36

]
Overfull \hbox (3.13487pt too wide) in paragraph at lines 1819--1822
\TU/TeXGyrePagella(0)/m/it/12 Operator Ecology \TU/TeXGyrePagella(0)/m/n/12 dev
elops a hierarchy of increasingly demanding notions of same-
 []

[37] [38]
Overfull \hbox (32.66559pt too wide) detected at line 1919
\OMS/cmsy/m/n/12 R[]\OT1/cmr/m/n/12 (\OML/cmm/m/it/12 x\OT1/cmr/m/n/12 ) = []\O
ML/cmm/m/it/12 o[] \OMS/cmsy/m/n/12 ^^N [] ^^N \OML/cmm/m/it/12 o[]\OT1/cmr/m/n
/12 (\OML/cmm/m/it/12 x\OT1/cmr/m/n/12 ) : 0 \OMS/cmsy/m/n/12 ^^T \OML/cmm/m/it
/12 k \OMS/cmsy/m/n/12 ^^T \OML/cmm/m/it/12 n;  o[] \OMS/cmsy/m/n/12 2 O[]\OML/
cmm/m/it/12 ;  [][];
 []


Overfull \hbox (4.82687pt too wide) in paragraph at lines 1941--1946
[]\TU/TeXGyrePagella(0)/b/n/12 Claim 6.6.4 \TU/TeXGyrePagella(0)/m/n/12 (Repert
oire–Reachability Monotonicity)\TU/TeXGyrePagella(0)/b/n/12 . []\TU/TeXGyrePage
lla(0)/m/it/12 For extension-monotone ecolo-
 []

[39]
Overfull \hbox (12.67435pt too wide) in paragraph at lines 1996--2002
[]\TU/TeXGyrePagella(0)/m/n/12 Let $\OML/cmm/m/it/12 r \OT1/cmr/m/n/12 = [] \OM
L/cmm/m/it/12 C[]\OT1/cmr/m/n/12 (\OML/cmm/m/it/12 x\OT1/cmr/m/n/12 )$ \TU/TeXG
yrePagella(0)/m/n/12 with nonzero eigenvalues $\OML/cmm/m/it/12 ^^U[]; [] ; ^^U
[] > \OT1/cmr/m/n/12 0$\TU/TeXGyrePagella(0)/m/n/12 . Since $[][] \OMS/cmsy/m/n
/12 ^^U
 []


Overfull \hbox (1.30687pt too wide) in paragraph at lines 2025--2027
[]\TU/TeXGyrePagella(0)/m/n/12 Definition [][]6.6.2[][] also gives keystone imp
act a second, more consequential mea-
 []

[40] [41] [42] [43]
Overfull \hbox (1.59888pt too wide) in paragraph at lines 2245--2254
\TU/TeXGyrePagella(0)/m/n/12 Chapter 1 closed with a remark that a distinction-
preserving transformation need
 []

[44] [45] [46]
Chapter 7.
[47

]
Overfull \hbox (18.83676pt too wide) in paragraph at lines 2423--2423
[]\TU/TeXGyrePagella(0)/b/n/17.28 The Signal–Diagnosis–Repair–Continuation Chai
n 
 []

[48] [49]
Overfull \hbox (47.7543pt too wide) in paragraph at lines 2542--2546
[]\TU/TeXGyrePagella(0)/b/n/12 Definition 7.3.3 \TU/TeXGyrePagella(0)/m/n/12 (H
istory-indexed restorability boundary)\TU/TeXGyrePagella(0)/b/n/12 . []\TU/TeXG
yrePagella(0)/m/it/12 Let $\OML/cmm/m/it/12 H[] \OT1/cmr/m/n/12 = (\OML/cmm/m/i
t/12 "[]; R[]; "[]; [] ; R[]; "[]\OT1/cmr/m/n/12 )$
 []

[50]
Overfull \hbox (17.12288pt too wide) in paragraph at lines 2630--2644
[]\TU/TeXGyrePagella(0)/b/n/12 Remark 7.3.8 \TU/TeXGyrePagella(0)/m/n/12 (Sharp
ening Mercury and Banik)\TU/TeXGyrePagella(0)/b/n/12 . []\TU/TeXGyrePagella(0)/
m/it/12 This distinction refines example [][]7.3.2[][]’s
 []

[51] [52]
Overfull \hbox (0.56007pt too wide) in paragraph at lines 2699--2707
\OML/cmm/m/it/12 D[]$ \TU/TeXGyrePagella(0)/m/it/12 while the diagnostic ecolog
y processes at most $\OML/cmm/m/it/12 D[]$\TU/TeXGyrePagella(0)/m/it/12 , and l
et $\OML/cmm/m/it/12 ^^Z \OT1/cmr/m/n/12 = [](1\OML/cmm/m/it/12 ; D[]\OT1/cmr/m
/n/12 /\OML/cmm/m/it/12 D[]\OT1/cmr/m/n/12 )$
 []

[53]
Overfull \hbox (3.3931pt too wide) in paragraph at lines 2783--2798
\TU/TeXGyrePagella(0)/m/it/12 LAMOST DR7 spectroscopy and Gaia astrometry. The 
reconstructed $\OML/cmm/m/it/12 P\OT1/cmr/m/n/12 (\OML/cmm/m/it/12 A\OT1/cmr/m/
n/12 )$ \TU/TeXGyrePagella(0)/m/it/12 never reaches
 []

[54] [55] [56] [57] [58]
Overfull \hbox (1.4986pt too wide) in paragraph at lines 3072--3075
[]\TU/TeXGyrePagella(0)/m/n/12 A global repair corresponds to local reparameter
izations $\OML/cmm/m/it/12 h[]$ \TU/TeXGyrePagella(0)/m/n/12 satisfying $\OML/c
mm/m/it/12 g[] \OT1/cmr/m/n/12 =
 []


Overfull \hbox (5.74286pt too wide) in paragraph at lines 3101--3108
[]\TU/TeXGyrePagella(0)/b/n/12 Open Problem 7.4.21. []\TU/TeXGyrePagella(0)/m/i
t/12 The treatment of the “existential expiatory gap” in sheaf-theoretic
 []

[59]

Package caption Warning: The option `hypcap=true' will be ignored for this
(caption)                particular \caption on input line 3138.
See the caption package documentation for explanation.


Overfull \hbox (88.98528pt too wide) in paragraph at lines 3122--3138
 [] 
 []

[60] [61]
Overfull \hbox (17.86954pt too wide) in paragraph at lines 3259--3273
\TU/TeXGyrePagella(0)/m/n/12 than resolved prematurely. The relationship betwee
n repair deficit and the operator-
 []


Overfull \hbox (1.91888pt too wide) in paragraph at lines 3259--3273
\TU/TeXGyrePagella(0)/m/n/12 definition [][]7.4.8[][], but still needs full int
egration with that essay’s keystone-operator
 []

[62]
Chapter 8.

Overfull \hbox (9.38155pt too wide) in paragraph at lines 3301--3306
[]\TU/TeXGyrePagella(0)/b/n/12 Claim 8.2.2 \TU/TeXGyrePagella(0)/m/n/12 (Pointw
ise reduction)\TU/TeXGyrePagella(0)/b/n/12 . []\TU/TeXGyrePagella(0)/m/it/12 Fo
r fixed $\OMS/cmsy/m/n/12 G\OT1/cmr/m/n/12 (\OML/cmm/m/it/12 t\OT1/cmr/m/n/12 )
$ \TU/TeXGyrePagella(0)/m/it/12 at each instant, “$\OML/cmm/m/it/12 x\OT1/cmr/m
/n/12 (\OML/cmm/m/it/12 t\OT1/cmr/m/n/12 )$ \TU/TeXGyrePagella(0)/m/it/12 is co
ntinuation-
 []

[63

]
Overfull \hbox (3.83084pt too wide) in paragraph at lines 3340--3347
[]\TU/TeXGyrePagella(0)/m/n/12 The apparent contradiction dissolves once “conti
nuation-admissibility” is rec-
 []

[64]
LaTeX Font Info:    Trying to load font information for U+euf on input line 341
8.
 (/usr/share/texlive/texmf-dist/tex/latex/amsfonts/ueuf.fd
File: ueuf.fd 2013/01/14 v3.01 Euler Fraktur
)
Overfull \hbox (120.38106pt too wide) detected at line 3431
\OMS/cmsy/m/n/12 E[]  \OT1/cmr/m/n/12 =  [] \OML/cmm/m/it/12 ^^Z \OT1/cmr/m/n/1
2 : \U/euf/m/n/12 G \OMS/cmsy/m/n/12 ! \U/euf/m/n/12 G [] \OML/cmm/m/it/12 ^^Z[
]\OMS/cmsy/m/n/12 G[] []\OML/cmm/m/it/12 ;
 []

[65]
Overfull \hbox (2.74951pt too wide) in paragraph at lines 3458--3466
\TU/TeXGyrePagella(0)/m/n/12 which reachability-restoring transitions satisfy i
t. A transition can restore $\OML/cmm/m/it/12 S[] \OMS/cmsy/m/n/12 ^^T
 []

[66] [67]
Overfull \hbox (2.54623pt too wide) in paragraph at lines 3634--3640
[]\TU/TeXGyrePagella(0)/b/n/12 Definition 8.5.13 \TU/TeXGyrePagella(0)/m/n/12 (
Strongly regenerative)\TU/TeXGyrePagella(0)/b/n/12 . []\TU/TeXGyrePagella(0)/m/
it/12 A geometry-repair transition $\OML/cmm/m/it/12 ^^Z$ \TU/TeXGyrePagella(0)
/m/it/12 is \TU/TeXGyrePagella(0)/m/n/12 strongly
 []

[68] [69]
Chapter 9.
[70

] [71] [72] [73]
Overfull \hbox (31.81757pt too wide) in paragraph at lines 3939--3951
[]\TU/TeXGyrePagella(0)/m/n/12 Claim [][]9.6.2[][] has two failure modes, not o
ne. Under-retention leaves an admissibility-
 []

[74] [75] [76

] [77]
Underfull \hbox (badness 3895) in paragraph at lines 4126--4128
[]\TU/TeXGyrePagella(0)/m/n/12 Representational entropy at $\OML/cmm/m/it/12 m$
 \TU/TeXGyrePagella(0)/m/n/12 under a representation $\OML/cmm/m/it/12 ^^Y$\TU/
TeXGyrePagella(0)/m/n/12 :
 []


Overfull \hbox (6.12616pt too wide) in paragraph at lines 4109--4133
 [] 
 []


Overfull \hbox (31.40868pt too wide) in paragraph at lines 4138--4162
 [] 
 []

[78

]
Overfull \hbox (2.39973pt too wide) in paragraph at lines 4167--4188
 [] 
 []


Underfull \hbox (badness 7832) in paragraph at lines 4206--4208
[]\TU/TeXGyrePagella(0)/m/n/12 Generative keystone impact: the corresponding lo
ss in
 []

[79]
Underfull \hbox (badness 4913) in paragraph at lines 4222--4224
[]\TU/TeXGyrePagella(0)/m/n/12 The restorability boundary, and its history-inde
xed form
 []


Overfull \hbox (20.4027pt too wide) in paragraph at lines 4241--4252
 [] 
 []

[80] [81

]
Overfull \hbox (0.25394pt too wide) in paragraph at lines 4346--4358
[]\TU/TeXGyrePagella(0)/b/n/12 Definition 9.7.10 \TU/TeXGyrePagella(0)/m/n/12 (
Constraint-leveraged inference operator)\TU/TeXGyrePagella(0)/b/n/12 . []\TU/Te
XGyrePagella(0)/m/it/12 Let $\OML/cmm/m/it/12 X$ \TU/TeXGyrePagella(0)/m/it/12 
be a state space,
 []

[82]
Underfull \hbox (badness 2277) in paragraph at lines 4405--4407
[]\TU/TeXGyrePagella(0)/m/n/12 The Second Law and effective reachability contra
ction
 []


Overfull \hbox (37.94806pt too wide) in paragraph at lines 4395--4411
 [] 
 []

[83] [84

] [85]
Overfull \hbox (26.72015pt too wide) in paragraph at lines 4531--4536
[]\TU/TeXGyrePagella(0)/b/n/12 Definition 9.7.24 \TU/TeXGyrePagella(0)/m/n/12 (
Operator-induced reachable set)\TU/TeXGyrePagella(0)/b/n/12 . []\TU/TeXGyrePage
lla(0)/m/it/12 For $\OML/cmm/m/it/12 x \OMS/cmsy/m/n/12 2 \OML/cmm/m/it/12 X$\T
U/TeXGyrePagella(0)/m/it/12 , $\OMS/cmsy/m/n/12 R[]\OT1/cmr/m/n/12 (\OML/cmm/m/
it/12 x\OT1/cmr/m/n/12 ) = [][] \OMS/cmsy/m/n/12 R[]\OT1/cmr/m/n/12 (\OML/cmm/m
/it/12 x\OT1/cmr/m/n/12 )$\TU/TeXGyrePagella(0)/m/it/12 ,
 []


Overfull \hbox (7.03487pt too wide) in paragraph at lines 4562--4569
[]\TU/TeXGyrePagella(0)/b/n/12 Claim 9.7.27 \TU/TeXGyrePagella(0)/m/n/12 (Reper
toire–reachability monotonicity)\TU/TeXGyrePagella(0)/b/n/12 . []\TU/TeXGyrePag
ella(0)/m/it/12 For extension-monotone ecolo-
 []

[86]
Overfull \hbox (36.36449pt too wide) in paragraph at lines 4643--4643
[][]\TU/TeXGyrePagella(0)/b/n/17.28 Generating Inputs, Fibers, and Reconstructi
ve Irreversibil-
 []

[87

] [88] [89]
Overfull \hbox (2.01486pt too wide) in paragraph at lines 4774--4783
\TU/TeXGyrePagella(0)/m/n/12 no future admissibility judgment depends on distin
guishing predecessors within
 []

[90] [91]
Overfull \hbox (7.48157pt too wide) in paragraph at lines 4827--4834
\TU/TeXGyrePagella(0)/m/n/12 astrophysics, neurophysiology, and cortical popula
tion recordings. This appendix
 []

[92

] [93]
Overfull \hbox (3.72684pt too wide) in paragraph at lines 4918--4925
\TU/TeXGyrePagella(0)/m/n/12 and a Level 3 modification in definition [][]6.2.1
[][]’s hierarchy: the object being changed
 []


Overfull \hbox (5.79886pt too wide) in paragraph at lines 4937--4948
\TU/TeXGyrePagella(0)/m/n/12 Externalization (principle [][]9.7.2[][]): allocat
e attention to admissibility-relevant fibers
 []

[94] [95] [96

]
Underfull \hbox (badness 1275) in paragraph at lines 5013--5017
[]\TU/TeXGyrePagella(0)/m/n/12 Banik, I., Kudakolawa Kaluarachchige, T., Cookso
n, S., & Desmond,
 []

[97

] [98] (./restorability-boundaries.aux)
 ***********
LaTeX2e <2023-11-01> patch level 1
L3 programming layer <2024-01-22>
 ***********


LaTeX Warning: Label(s) may have changed. Rerun to get cross-references right.

Package rerunfilecheck Info: File `restorability-boundaries.out' has not change
d.
(rerunfilecheck)             Checksum: 518725864786C238EA762BE96B28E022;18576.
 ) 
Here is how much of TeX's memory you used:
 15767 strings out of 476837
 315765 string characters out of 5803525
 1933627 words of memory out of 5000000
 37508 multiletter control sequences out of 15000+600000
 567330 words of font info for 110 fonts, out of 8000000 for 9000
 14 hyphenation exceptions out of 8191
 79i,14n,93p,626b,455s stack positions out of 10000i,1000n,20000p,200000b,200000s

Output written on restorability-boundaries.pdf (100 pages).
