\BOOKMARK [1][-]{section.1}{\376\377\000T\000h\000e\000\040\000U\000n\000i\000f\000y\000i\000n\000g\000\040\000C\000l\000a\000i\000m\000\040\000a\000n\000d\000\040\000I\000t\000s\000\040\000L\000o\000g\000i\000c\000a\000l\000\040\000S\000t\000a\000t\000u\000s}{}% 1
\BOOKMARK [2][-]{subsection.1.1}{\376\377\000S\000t\000r\000u\000c\000t\000u\000r\000a\000l\000\040\000I\000d\000e\000n\000t\000i\000t\000y\000\040\000v\000e\000r\000s\000u\000s\000\040\000A\000n\000a\000l\000o\000g\000y}{section.1}% 2
\BOOKMARK [2][-]{subsection.1.2}{\376\377\000T\000h\000e\000\040\000F\000o\000r\000m\000\040\000o\000f\000\040\000t\000h\000e\000\040\000A\000r\000g\000u\000m\000e\000n\000t}{section.1}% 3
\BOOKMARK [1][-]{section.2}{\376\377\000R\000e\000l\000a\000x\000a\000t\000i\000o\000n\000,\000\040\000C\000o\000l\000l\000a\000p\000s\000e\000,\000\040\000a\000n\000d\000\040\000t\000h\000e\000\040\000H\000a\000l\000o\000r\000h\000o\000d\000o\000p\000s\000i\000n\000\040\000R\000e\000s\000u\000l\000t}{}% 4
\BOOKMARK [2][-]{subsection.2.1}{\376\377\000T\000h\000e\000\040\000D\000i\000s\000t\000i\000n\000c\000t\000i\000o\000n\000\040\000a\000s\000\040\000t\000h\000e\000\040\000M\000o\000n\000o\000g\000r\000a\000p\000h\000'\000s\000\040\000S\000h\000a\000r\000p\000e\000s\000t\000\040\000C\000l\000a\000i\000m}{section.2}% 5
\BOOKMARK [2][-]{subsection.2.2}{\376\377\000T\000h\000e\000\040\000P\000I\0001\0006\000+\000\040\000F\000i\000b\000r\000o\000b\000l\000a\000s\000t\000\040\000a\000s\000\040\000T\000h\000r\000e\000s\000h\000o\000l\000d\000\040\000M\000a\000i\000n\000t\000a\000i\000n\000e\000r}{section.2}% 6
\BOOKMARK [2][-]{subsection.2.3}{\376\377\000A\000\040\000N\000o\000t\000e\000\040\000o\000n\000\040\000t\000h\000e\000\040\000C\000o\000r\000t\000i\000c\000a\000l\000\040\000M\000a\000i\000n\000t\000a\000i\000n\000e\000r}{section.2}% 7
\BOOKMARK [1][-]{section.3}{\376\377\000T\000h\000e\000\040\000R\000S\000V\000P\000\040\000a\000n\000d\000\040\000C\000L\000I\000O\000\040\000F\000r\000a\000m\000e\000w\000o\000r\000k\000s\000\040\000a\000s\000\040\000T\000h\000e\000o\000r\000e\000t\000i\000c\000a\000l\000\040\000C\000o\000m\000m\000i\000t\000m\000e\000n\000t\000s}{}% 8
\BOOKMARK [2][-]{subsection.3.1}{\376\377\000W\000h\000a\000t\000\040\000t\000h\000e\000\040\000F\000r\000a\000m\000e\000w\000o\000r\000k\000s\000\040\000P\000r\000o\000v\000i\000d\000e}{section.3}% 9
\BOOKMARK [2][-]{subsection.3.2}{\376\377\000T\000h\000e\000\040\000D\000e\000r\000i\000v\000a\000t\000i\000o\000n\000a\000l\000\040\000G\000a\000p}{section.3}% 10
\BOOKMARK [2][-]{subsection.3.3}{\376\377\000T\000h\000e\000\040\000S\000l\000e\000e\000p\000\040\000P\000r\000e\000s\000s\000u\000r\000e\000\040\000F\000u\000n\000c\000t\000i\000o\000n\000a\000l}{section.3}% 11
\BOOKMARK [1][-]{section.4}{\376\377\000R\000e\000s\000i\000d\000u\000a\000l\000\040\000G\000e\000o\000m\000e\000t\000r\000y\000\040\000a\000n\000d\000\040\000H\000i\000s\000t\000o\000r\000i\000c\000a\000l\000\040\000E\000n\000c\000o\000d\000i\000n\000g}{}% 12
\BOOKMARK [2][-]{subsection.4.1}{\376\377\000T\000h\000e\000\040\000H\000i\000e\000r\000a\000r\000c\000h\000y\000\040\000o\000f\000\040\000M\000e\000m\000o\000r\000y}{section.4}% 13
\BOOKMARK [2][-]{subsection.4.2}{\376\377\000N\000o\000n\000-\000M\000a\000r\000k\000o\000v\000i\000a\000n\000\040\000D\000y\000n\000a\000m\000i\000c\000s\000\040\000a\000n\000d\000\040\000t\000h\000e\000\040\000E\000p\000i\000s\000t\000e\000m\000o\000l\000o\000g\000i\000c\000a\000l\000\040\000C\000o\000n\000s\000e\000q\000u\000e\000n\000c\000e}{section.4}% 14
\BOOKMARK [2][-]{subsection.4.3}{\376\377\000T\000h\000e\000\040\000B\000a\000t\000t\000e\000r\000y\000\040\000R\000e\000c\000y\000c\000l\000i\000n\000g\000\040\000C\000a\000s\000e\000\040\000a\000n\000d\000\040\000D\000y\000n\000a\000m\000i\000c\000\040\000R\000e\000s\000i\000d\000u\000a\000l\000\040\000G\000e\000o\000m\000e\000t\000r\000y}{section.4}% 15
\BOOKMARK [1][-]{section.5}{\376\377\000C\000o\000n\000s\000t\000r\000a\000i\000n\000t\000\040\000C\000o\000m\000p\000r\000e\000s\000s\000i\000o\000n\000\040\000a\000n\000d\000\040\000t\000h\000e\000\040\000R\000L\000-\000G\000e\000n\000o\000m\000i\000c\000s\000\040\000B\000r\000i\000d\000g\000e}{}% 16
\BOOKMARK [2][-]{subsection.5.1}{\376\377\000H\000a\000b\000i\000t\000\040\000a\000s\000\040\000A\000d\000m\000i\000s\000s\000i\000b\000i\000l\000i\000t\000y\000\040\000C\000o\000m\000p\000r\000e\000s\000s\000i\000o\000n}{section.5}% 17
\BOOKMARK [2][-]{subsection.5.2}{\376\377\000S\000A\000G\000E\000-\000n\000e\000t\000\040\000a\000n\000d\000\040\000t\000h\000e\000\040\000L\000i\000m\000i\000t\000s\000\040\000o\000f\000\040\000C\000o\000m\000p\000r\000e\000s\000s\000i\000o\000n}{section.5}% 18
\BOOKMARK [1][-]{section.6}{\376\377\000R\000e\000l\000a\000x\000a\000t\000i\000o\000n\000\040\000A\000c\000r\000o\000s\000s\000\040\000S\000c\000a\000l\000e\000s\000\040\000a\000n\000d\000\040\000t\000h\000e\000\040\000C\000o\000s\000m\000o\000l\000o\000g\000i\000c\000a\000l\000\040\000C\000o\000n\000n\000e\000c\000t\000i\000o\000n}{}% 19
\BOOKMARK [2][-]{subsection.6.1}{\376\377\000T\000h\000e\000\040\000C\000o\000u\000p\000l\000i\000n\000g\000\040\000K\000e\000r\000n\000e\000l\000\040\000a\000s\000\040\000t\000h\000e\000\040\000S\000c\000a\000l\000e\000-\000D\000e\000t\000e\000r\000m\000i\000n\000i\000n\000g\000\040\000O\000b\000j\000e\000c\000t}{section.6}% 20
\BOOKMARK [2][-]{subsection.6.2}{\376\377\000T\000h\000e\000\040\000R\000S\000V\000P\000\040\000C\000o\000s\000m\000o\000l\000o\000g\000i\000c\000a\000l\000\040\000P\000r\000e\000d\000i\000c\000t\000i\000o\000n}{section.6}% 21
\BOOKMARK [1][-]{section.7}{\376\377\000T\000h\000e\000\040\000R\000e\000s\000e\000a\000r\000c\000h\000\040\000P\000r\000o\000g\000r\000a\000m\000\040\000a\000n\000d\000\040\000I\000t\000s\000\040\000T\000w\000e\000l\000v\000e\000\040\000P\000r\000e\000d\000i\000c\000t\000i\000o\000n\000s}{}% 22
\BOOKMARK [2][-]{subsection.7.1}{\376\377\000T\000h\000e\000\040\000P\000r\000e\000d\000i\000c\000t\000i\000o\000n\000s\000\040\000a\000s\000\040\000C\000o\000n\000s\000t\000r\000a\000i\000n\000t\000s\000\040\000o\000n\000\040\000t\000h\000e\000\040\000F\000r\000a\000m\000e\000w\000o\000r\000k}{section.7}% 23
\BOOKMARK [2][-]{subsection.7.2}{\376\377\000T\000h\000e\000\040\000O\000p\000e\000n\000\040\000M\000a\000t\000h\000e\000m\000a\000t\000i\000c\000a\000l\000\040\000P\000r\000o\000b\000l\000e\000m}{section.7}% 24
\BOOKMARK [1][-]{section.8}{\376\377\000T\000h\000e\000\040\000A\000d\000m\000i\000s\000s\000i\000b\000i\000l\000i\000t\000y\000\040\000D\000i\000s\000p\000l\000a\000y\000\040\000P\000r\000i\000n\000c\000i\000p\000l\000e\000:\000\040\000I\000n\000t\000e\000r\000f\000a\000c\000e\000\040\000D\000e\000s\000i\000g\000n\000\040\000a\000s\000\040\000F\000i\000e\000l\000d\000\040\000E\000x\000p\000o\000s\000u\000r\000e}{}% 25
\BOOKMARK [2][-]{subsection.8.1}{\376\377\000T\000h\000e\000\040\000S\000p\000i\000n\000n\000e\000r\000\040\000a\000s\000\040\000C\000o\000l\000l\000a\000p\000s\000e\000d\000\040\000F\000i\000e\000l\000d}{section.8}% 26
\BOOKMARK [2][-]{subsection.8.2}{\376\377\000P\000r\000o\000d\000u\000c\000t\000i\000v\000e\000\040\000W\000a\000i\000t\000i\000n\000g\000\040\000a\000n\000d\000\040\000t\000h\000e\000\040\000C\000L\000I\000O\000\040\000P\000a\000r\000a\000l\000l\000e\000l}{section.8}% 27
\BOOKMARK [1][-]{section.9}{\376\377\000C\000o\000m\000p\000a\000c\000t\000\040\000F\000i\000e\000l\000d\000s\000\040\000a\000n\000d\000\040\000A\000m\000p\000l\000i\000t\000u\000d\000e\000\040\000S\000e\000n\000s\000i\000t\000i\000v\000i\000t\000y\000:\000\040\000A\000\040\000G\000e\000n\000e\000r\000a\000l\000\040\000P\000r\000i\000n\000c\000i\000p\000l\000e}{}% 28
\BOOKMARK [2][-]{subsection.9.1}{\376\377\000T\000h\000e\000\040\000V\000a\000r\000i\000a\000b\000i\000l\000i\000t\000y\000\040\000A\000s\000y\000m\000m\000e\000t\000r\000y\000\040\000a\000s\000\040\000A\000d\000m\000i\000s\000s\000i\000b\000i\000l\000i\000t\000y\000\040\000D\000i\000a\000g\000n\000o\000s\000t\000i\000c}{section.9}% 29
\BOOKMARK [2][-]{subsection.9.2}{\376\377\000T\000h\000e\000\040\000A\000m\000p\000l\000i\000t\000u\000d\000e\000\040\000R\000a\000t\000i\000o\000\040\000a\000s\000\040\000a\000\040\000Q\000u\000a\000n\000t\000i\000t\000a\000t\000i\000v\000e\000\040\000F\000i\000e\000l\000d\000\040\000M\000e\000a\000s\000u\000r\000e}{section.9}% 30
\BOOKMARK [2][-]{subsection.9.3}{\376\377\000D\000i\000a\000g\000n\000o\000s\000t\000i\000c\000\040\000I\000m\000p\000l\000i\000c\000a\000t\000i\000o\000n\000s}{section.9}% 31
\BOOKMARK [1][-]{section.10}{\376\377\000C\000o\000n\000v\000e\000r\000g\000e\000n\000t\000\040\000G\000e\000o\000m\000e\000t\000r\000y\000\040\000a\000n\000d\000\040\000T\000h\000e\000r\000a\000p\000e\000u\000t\000i\000c\000\040\000A\000t\000t\000r\000a\000c\000t\000o\000r\000s}{}% 32
\BOOKMARK [2][-]{subsection.10.1}{\376\377\000T\000h\000e\000\040\000C\000o\000n\000v\000e\000r\000g\000e\000n\000t\000\040\000L\000i\000n\000i\000n\000g\000\040\000P\000h\000e\000n\000o\000t\000y\000p\000e\000\040\000a\000s\000\040\000a\000n\000\040\000A\000t\000t\000r\000a\000c\000t\000o\000r}{section.10}% 33
\BOOKMARK [2][-]{subsection.10.2}{\376\377\000T\000w\000o\000\040\000T\000h\000e\000r\000a\000p\000e\000u\000t\000i\000c\000\040\000M\000o\000d\000e\000s\000\040\000a\000n\000d\000\040\000T\000h\000e\000i\000r\000\040\000F\000o\000r\000m\000a\000l\000\040\000D\000i\000s\000t\000i\000n\000c\000t\000i\000o\000n}{section.10}% 34
\BOOKMARK [2][-]{subsection.10.3}{\376\377\000T\000h\000e\000\040\000S\000t\000o\000i\000c\000h\000i\000o\000m\000e\000t\000r\000i\000c\000\040\000P\000a\000r\000a\000m\000e\000t\000e\000r\000\040\000a\000s\000\040\000a\000\040\000P\000r\000e\000d\000i\000c\000t\000i\000v\000e\000\040\000C\000l\000i\000n\000i\000c\000a\000l\000\040\000I\000n\000d\000e\000x}{section.10}% 35
\BOOKMARK [1][-]{section.11}{\376\377\000T\000o\000w\000a\000r\000d\000\040\000a\000\040\000U\000n\000i\000f\000i\000e\000d\000\040\000A\000c\000c\000o\000u\000n\000t}{}% 36
\BOOKMARK [2][-]{subsection.11.1}{\376\377\000W\000h\000a\000t\000\040\000t\000h\000e\000\040\000F\000r\000a\000m\000e\000w\000o\000r\000k\000\040\000A\000c\000h\000i\000e\000v\000e\000s}{section.11}% 37
\BOOKMARK [2][-]{subsection.11.2}{\376\377\000T\000h\000e\000\040\000A\000p\000p\000r\000o\000p\000r\000i\000a\000t\000e\000\040\000E\000p\000i\000s\000t\000e\000m\000i\000c\000\040\000S\000t\000a\000t\000u\000s}{section.11}% 38
\BOOKMARK [1][-]{section.12}{\376\377\000A\000n\000\040\000E\000x\000p\000e\000r\000i\000m\000e\000n\000t\000a\000l\000\040\000R\000e\000s\000e\000a\000r\000c\000h\000\040\000P\000r\000o\000g\000r\000a\000m\000:\000\040\000T\000e\000s\000t\000i\000n\000g\000\040\000t\000h\000e\000\040\000T\000w\000o\000\040\000C\000e\000n\000t\000r\000a\000l\000\040\000C\000l\000a\000i\000m\000s}{}% 39
\BOOKMARK [2][-]{subsection.12.1}{\376\377\000T\000h\000e\000\040\000P\000r\000i\000o\000r\000i\000t\000y\000\040\000O\000r\000d\000e\000r\000i\000n\000g}{section.12}% 40
\BOOKMARK [2][-]{subsection.12.2}{\376\377\000T\000h\000e\000\040\000C\000o\000r\000t\000i\000c\000a\000l\000\040\000C\000r\000o\000s\000s\000i\000n\000g\000\040\000P\000r\000o\000t\000o\000c\000o\000l}{section.12}% 41
\BOOKMARK [2][-]{subsection.12.3}{\376\377\000T\000h\000e\000\040\000J\000o\000i\000n\000t\000\040\000C\000o\000l\000l\000a\000p\000s\000e\000\040\000P\000r\000o\000t\000o\000c\000o\000l}{section.12}% 42
\BOOKMARK [2][-]{subsection.12.4}{\376\377\000T\000h\000e\000\040\000L\000i\000n\000e\000a\000g\000e\000-\000T\000r\000a\000c\000k\000i\000n\000g\000\040\000E\000x\000p\000e\000r\000i\000m\000e\000n\000t\000\040\000a\000n\000d\000\040\000t\000h\000e\000\040\000S\000t\000r\000o\000n\000g\000/\000W\000e\000a\000k\000\040\000M\000a\000i\000n\000t\000a\000i\000n\000e\000r\000\040\000I\000n\000v\000e\000r\000s\000i\000o\000n\000\040\000C\000l\000a\000i\000m}{section.12}% 43
\BOOKMARK [2][-]{subsection.12.5}{\376\377\000O\000p\000e\000n\000\040\000M\000e\000t\000h\000o\000d\000o\000l\000o\000g\000i\000c\000a\000l\000\040\000Q\000u\000e\000s\000t\000i\000o\000n\000s}{section.12}% 44
