This is LuaHBTeX, Version 1.17.0 (TeX Live 2023/Debian)  (format=lualatex 2026.5.3)  19 JUL 2026 16:50
 restricted system commands enabled.
**constraint_reachability_relaxation.tex
(./constraint_reachability_relaxation.tex
LaTeX2e <2023-11-01> patch level 1
L3 programming layer <2024-01-22>
Lua module: luaotfload 2023-08-31 3.26 Lua based OpenType font support
Lua module: lualibs 2023-07-13 2.76 ConTeXt Lua standard libraries.
Lua module: lualibs-extended 2023-07-13 2.76 ConTeXt Lua libraries -- extended c
ollection.
luaotfload | conf : Root cache directory is "/home/flyxion/.texlive2023/texmf-va
r/luatex-cache/generic/names".
luaotfload | init : Loading fontloader "fontloader-2023-08-19.lua" from kpse-res
olved path "/usr/share/texlive/texmf-dist/tex/luatex/luaotfload/fontloader-2023-
08-19.lua".
Lua-only attribute luaotfload@noligature = 1
luaotfload | init : Context OpenType loader version 3.133
Inserting `luaotfload.node_processor' in `pre_linebreak_filter'.
Inserting `luaotfload.node_processor' in `hpack_filter'.
Inserting `luaotfload.glyph_stream' in `glyph_stream_provider'.
Inserting `luaotfload.define_font' in `define_font'.
Lua-only attribute luaotfload_color_attribute = 2
luaotfload | conf : Root cache directory is "/home/flyxion/.texlive2023/texmf-va
r/luatex-cache/generic/names".
Inserting `luaotfload.harf.strip_prefix' in `find_opentype_file'.
Inserting `luaotfload.harf.strip_prefix' in `find_truetype_file'.
Removing  `luaotfload.glyph_stream' from `glyph_stream_provider'.
Inserting `luaotfload.harf.glyphstream' in `glyph_stream_provider'.
Inserting `luaotfload.harf.finalize_vlist' in `post_linebreak_filter'.
Inserting `luaotfload.harf.finalize_hlist' in `hpack_filter'.
Inserting `luaotfload.cleanup_files' in `wrapup_run'.
Inserting `luaotfload.harf.finalize_unicode' in `finish_pdffile'.
Inserting `luaotfload.glyphinfo' in `glyph_info'.
Lua-only attribute luaotfload.letterspace_done = 3
Inserting `luaotfload.aux.set_sscale_dimens' in `luaotfload.patch_font'.
Inserting `luaotfload.aux.set_font_index' in `luaotfload.patch_font'.
Inserting `luaotfload.aux.patch_cambria_domh' in `luaotfload.patch_font'.
Inserting `luaotfload.aux.fixup_fontdata' in `luaotfload.patch_font_unsafe'.
Inserting `luaotfload.aux.set_capheight' in `luaotfload.patch_font'.
Inserting `luaotfload.aux.set_xheight' in `luaotfload.patch_font'.
Inserting `luaotfload.rewrite_fontname' in `luaotfload.patch_font'.
Inserting `tracingstacklevels' in `input_level_string'. (/usr/share/texlive/tex
mf-dist/tex/latex/base/book.cls
Document Class: book 2023/05/17 v1.4n Standard LaTeX document class
(/usr/share/texlive/texmf-dist/tex/latex/base/bk12.clo
File: bk12.clo 2023/05/17 v1.4n Standard LaTeX file (size option)
luaotfload | db : Font names database loaded from /home/flyxion/.texlive2023/tex
mf-var/luatex-cache/generic/names/luaotfload-names.luc.gz)
\c@part=\count185
\c@chapter=\count186
\c@section=\count187
\c@subsection=\count188
\c@subsubsection=\count189
\c@paragraph=\count190
\c@subparagraph=\count191
\c@figure=\count192
\c@table=\count193
\abovecaptionskip=\skip48
\belowcaptionskip=\skip49
\bibindent=\dimen139
)
(/usr/share/texlive/texmf-dist/tex/latex/base/fontenc.sty
Package: fontenc 2021/04/29 v2.0v Standard LaTeX package
LaTeX Font Info:    Trying to load font information for T1+lmr on input line 11
2.

(/usr/share/texmf/tex/latex/lm/t1lmr.fd
File: t1lmr.fd 2015/05/01 v1.6.1 Font defs for Latin Modern
))
(/usr/share/texlive/texmf-dist/tex/latex/base/inputenc.sty
Package: inputenc 2021/02/14 v1.3d Input encoding file
\inpenc@prehook=\toks17
\inpenc@posthook=\toks18


Package inputenc Warning: inputenc package ignored with utf8 based engines.

) (/usr/share/texlive/texmf-dist/tex/latex/psnfss/mathpazo.sty
Package: mathpazo 2020/03/25 PSNFSS-v9.3 Palatino w/ Pazo Math (D.Puga, WaS) 
\symupright=\mathgroup4
)
(/usr/share/texlive/texmf-dist/tex/latex/psnfss/helvet.sty
Package: helvet 2020/03/25 PSNFSS-v9.3 (WaS) 

(/usr/share/texlive/texmf-dist/tex/latex/graphics/keyval.sty
Package: keyval 2022/05/29 v1.15 key=value parser (DPC)
\KV@toks@=\toks19
))
(/usr/share/texlive/texmf-dist/tex/latex/psnfss/courier.sty
Package: courier 2020/03/25 PSNFSS-v9.3 (WaS) 
)
(/usr/share/texlive/texmf-dist/tex/latex/microtype/microtype.sty
Package: microtype 2023/03/13 v3.1a Micro-typographical refinements (RS)

(/usr/share/texlive/texmf-dist/tex/latex/etoolbox/etoolbox.sty
Package: etoolbox 2020/10/05 v2.5k e-TeX tools for LaTeX (JAW)
\etb@tempcnta=\count194
)
\MT@toks=\toks20
\MT@tempbox=\box51
\MT@count=\count195
LaTeX Info: Redefining \noprotrusionifhmode on input line 1059.
LaTeX Info: Redefining \leftprotrusion on input line 1060.
\MT@prot@toks=\toks21
LaTeX Info: Redefining \rightprotrusion on input line 1078.
LaTeX Info: Redefining \textls on input line 1368.
\MT@outer@kern=\dimen140
LaTeX Info: Redefining \textmicrotypecontext on input line 1988.
\MT@listname@count=\count196

(/usr/share/texlive/texmf-dist/tex/latex/microtype/microtype-luatex.def
File: microtype-luatex.def 2023/03/13 v3.1a Definitions specific to luatex (RS)

Lua module: microtype 2023/03/13 3.1a microtype module.
Module microtype Info: overwriting function `keepligature' on input line 63
LaTeX Info: Redefining \lsstyle on input line 688.
LaTeX Info: Redefining \lslig on input line 688.
\MT@outer@space=\skip50
)
Package microtype Info: Loading configuration file microtype.cfg.

(/usr/share/texlive/texmf-dist/tex/latex/microtype/microtype.cfg
File: microtype.cfg 2023/03/13 v3.1a microtype main configuration file (RS)
))
(/usr/share/texlive/texmf-dist/tex/latex/amsmath/amsmath.sty
Package: amsmath 2023/05/13 v2.17o AMS math features
\@mathmargin=\skip51

For additional information on amsmath, use the `?' option.
(/usr/share/texlive/texmf-dist/tex/latex/amsmath/amstext.sty
Package: amstext 2021/08/26 v2.01 AMS text

(/usr/share/texlive/texmf-dist/tex/latex/amsmath/amsgen.sty
File: amsgen.sty 1999/11/30 v2.0 generic functions
\@emptytoks=\toks22
\ex@=\dimen141
))
(/usr/share/texlive/texmf-dist/tex/latex/amsmath/amsbsy.sty
Package: amsbsy 1999/11/29 v1.2d Bold Symbols
\pmbraise@=\dimen142
)
(/usr/share/texlive/texmf-dist/tex/latex/amsmath/amsopn.sty
Package: amsopn 2022/04/08 v2.04 operator names
)
\inf@bad=\count197
LaTeX Info: Redefining \frac on input line 236.
\uproot@=\count198
\leftroot@=\count199
LaTeX Info: Redefining \overline on input line 399.
LaTeX Info: Redefining \colon on input line 410.
\classnum@=\count266
\DOTSCASE@=\count267
LaTeX Info: Redefining \ldots on input line 496.
LaTeX Info: Redefining \dots on input line 499.
LaTeX Info: Redefining \cdots on input line 620.
\Mathstrutbox@=\box52
\strutbox@=\box53
LaTeX Info: Redefining \big on input line 722.
LaTeX Info: Redefining \Big on input line 723.
LaTeX Info: Redefining \bigg on input line 724.
LaTeX Info: Redefining \Bigg on input line 725.
\big@size=\dimen143
LaTeX Font Info:    Redeclaring font encoding OML on input line 743.
LaTeX Font Info:    Redeclaring font encoding OMS on input line 744.
\macc@depth=\count268
LaTeX Info: Redefining \bmod on input line 905.
LaTeX Info: Redefining \pmod on input line 910.
LaTeX Info: Redefining \smash on input line 940.
LaTeX Info: Redefining \relbar on input line 970.
LaTeX Info: Redefining \Relbar on input line 971.
\c@MaxMatrixCols=\count269
\dotsspace@=\muskip16
\c@parentequation=\count270
\dspbrk@lvl=\count271
\tag@help=\toks23
\row@=\count272
\column@=\count273
\maxfields@=\count274
\andhelp@=\toks24
\eqnshift@=\dimen144
\alignsep@=\dimen145
\tagshift@=\dimen146
\tagwidth@=\dimen147
\totwidth@=\dimen148
\lineht@=\dimen149
\@envbody=\toks25
\multlinegap=\skip52
\multlinetaggap=\skip53
\mathdisplay@stack=\toks26
LaTeX Info: Redefining \[ on input line 2953.
LaTeX Info: Redefining \] on input line 2954.
)
(/usr/share/texlive/texmf-dist/tex/latex/amsfonts/amssymb.sty
Package: amssymb 2013/01/14 v3.01 AMS font symbols

(/usr/share/texlive/texmf-dist/tex/latex/amsfonts/amsfonts.sty
Package: amsfonts 2013/01/14 v3.01 Basic AMSFonts support
\symAMSa=\mathgroup5
\symAMSb=\mathgroup6
LaTeX Font Info:    Redeclaring math symbol \hbar on input line 98.
LaTeX Font Info:    Overwriting math alphabet `\mathfrak' in version `bold'
(Font)                  U/euf/m/n --> U/euf/b/n on input line 106.
))
(/usr/share/texlive/texmf-dist/tex/latex/amscls/amsthm.sty
Package: amsthm 2020/05/29 v2.20.6
\thm@style=\toks27
\thm@bodyfont=\toks28
\thm@headfont=\toks29
\thm@notefont=\toks30
\thm@headpunct=\toks31
\thm@preskip=\skip54
\thm@postskip=\skip55
\thm@headsep=\skip56
\dth@everypar=\toks32
)
(/usr/share/texlive/texmf-dist/tex/latex/mathtools/mathtools.sty
Package: mathtools 2022/06/29 v1.29 mathematical typesetting tools

(/usr/share/texlive/texmf-dist/tex/latex/tools/calc.sty
Package: calc 2023/07/08 v4.3 Infix arithmetic (KKT,FJ)
\calc@Acount=\count275
\calc@Bcount=\count276
\calc@Adimen=\dimen150
\calc@Bdimen=\dimen151
\calc@Askip=\skip57
\calc@Bskip=\skip58
LaTeX Info: Redefining \setlength on input line 80.
LaTeX Info: Redefining \addtolength on input line 81.
\calc@Ccount=\count277
\calc@Cskip=\skip59
)
(/usr/share/texlive/texmf-dist/tex/latex/mathtools/mhsetup.sty
Package: mhsetup 2021/03/18 v1.4 programming setup (MH)
)
\g_MT_multlinerow_int=\count278
\l_MT_multwidth_dim=\dimen152
\origjot=\skip60
\l_MT_shortvdotswithinadjustabove_dim=\dimen153
\l_MT_shortvdotswithinadjustbelow_dim=\dimen154
\l_MT_above_intertext_sep=\dimen155
\l_MT_below_intertext_sep=\dimen156
\l_MT_above_shortintertext_sep=\dimen157
\l_MT_below_shortintertext_sep=\dimen158
\xmathstrut@box=\box54
\xmathstrut@dim=\dimen159
)
(/usr/share/texlive/texmf-dist/tex/latex/geometry/geometry.sty
Package: geometry 2020/01/02 v5.9 Page Geometry

(/usr/share/texlive/texmf-dist/tex/generic/iftex/ifvtex.sty
Package: ifvtex 2019/10/25 v1.7 ifvtex legacy package. Use iftex instead.

(/usr/share/texlive/texmf-dist/tex/generic/iftex/iftex.sty
Package: iftex 2022/02/03 v1.0f TeX engine tests
))
\Gm@cnth=\count279
\Gm@cntv=\count280
\c@Gm@tempcnt=\count281
\Gm@bindingoffset=\dimen160
\Gm@wd@mp=\dimen161
\Gm@odd@mp=\dimen162
\Gm@even@mp=\dimen163
\Gm@layoutwidth=\dimen164
\Gm@layoutheight=\dimen165
\Gm@layouthoffset=\dimen166
\Gm@layoutvoffset=\dimen167
\Gm@dimlist=\toks33
)
(/usr/share/texlive/texmf-dist/tex/latex/setspace/setspace.sty
Package: setspace 2022/12/04 v6.7b set line spacing
)
(/usr/share/texlive/texmf-dist/tex/latex/parskip/parskip.sty
Package: parskip 2021-03-14 v2.0h non-zero parskip adjustments

(/usr/share/texlive/texmf-dist/tex/latex/kvoptions/kvoptions.sty
Package: kvoptions 2022-06-15 v3.15 Key value format for package options (HO)

(/usr/share/texlive/texmf-dist/tex/generic/ltxcmds/ltxcmds.sty
Package: ltxcmds 2023-12-04 v1.26 LaTeX kernel commands for general use (HO)
)
(/usr/share/texlive/texmf-dist/tex/latex/kvsetkeys/kvsetkeys.sty
Package: kvsetkeys 2022-10-05 v1.19 Key value parser (HO)
)))
(/usr/share/texlive/texmf-dist/tex/latex/fancyhdr/fancyhdr.sty
Package: fancyhdr 2022/11/09 v4.1 Extensive control of page headers and footers

\f@nch@headwidth=\skip61
\f@nch@O@elh=\skip62
\f@nch@O@erh=\skip63
\f@nch@O@olh=\skip64
\f@nch@O@orh=\skip65
\f@nch@O@elf=\skip66
\f@nch@O@erf=\skip67
\f@nch@O@olf=\skip68
\f@nch@O@orf=\skip69
)
(/usr/share/texlive/texmf-dist/tex/latex/xcolor/xcolor.sty
Package: xcolor 2023/11/15 v3.01 LaTeX color extensions (UK)

(/usr/share/texlive/texmf-dist/tex/latex/graphics-cfg/color.cfg
File: color.cfg 2016/01/02 v1.6 sample color configuration
)
Package xcolor Info: Driver file: luatex.def on input line 274.

(/usr/share/texlive/texmf-dist/tex/latex/graphics-def/luatex.def
File: luatex.def 2022/09/22 v1.2d Graphics/color driver for luatex
)
(/usr/share/texlive/texmf-dist/tex/latex/graphics/mathcolor.ltx)
Package xcolor Info: Model `cmy' substituted by `cmy0' on input line 1350.
Package xcolor Info: Model `hsb' substituted by `rgb' on input line 1354.
Package xcolor Info: Model `RGB' extended on input line 1366.
Package xcolor Info: Model `HTML' substituted by `rgb' on input line 1368.
Package xcolor Info: Model `Hsb' substituted by `hsb' on input line 1369.
Package xcolor Info: Model `tHsb' substituted by `hsb' on input line 1370.
Package xcolor Info: Model `HSB' substituted by `hsb' on input line 1371.
Package xcolor Info: Model `Gray' substituted by `gray' on input line 1372.
Package xcolor Info: Model `wave' substituted by `hsb' on input line 1373.
)
(/usr/share/texlive/texmf-dist/tex/latex/graphics/dvipsnam.def
File: dvipsnam.def 2016/06/17 v3.0m Driver-dependent file (DPC,SPQR)
)
(/usr/share/texlive/texmf-dist/tex/latex/xcolor/svgnam.def
File: svgnam.def 2023/11/15 v3.01 Predefined colors according to SVG 1.1 (UK)
)
(/usr/share/texlive/texmf-dist/tex/latex/titlesec/titlesec.sty
Package: titlesec 2023/10/27 v2.16 Sectioning titles
\ttl@box=\box55
\beforetitleunit=\skip70
\aftertitleunit=\skip71
\ttl@plus=\dimen168
\ttl@minus=\dimen169
\ttl@toksa=\toks34
\titlewidth=\dimen170
\titlewidthlast=\dimen171
\titlewidthfirst=\dimen172
)
\c@definition=\count282
\c@proposition=\count283
\c@theorem=\count284
\c@hypothesis=\count285
\c@remark=\count286

(/usr/share/texlive/texmf-dist/tex/latex/booktabs/booktabs.sty
Package: booktabs 2020/01/12 v1.61803398 Publication quality tables
\heavyrulewidth=\dimen173
\lightrulewidth=\dimen174
\cmidrulewidth=\dimen175
\belowrulesep=\dimen176
\belowbottomsep=\dimen177
\aboverulesep=\dimen178
\abovetopsep=\dimen179
\cmidrulesep=\dimen180
\cmidrulekern=\dimen181
\defaultaddspace=\dimen182
\@cmidla=\count287
\@cmidlb=\count288
\@aboverulesep=\dimen183
\@belowrulesep=\dimen184
\@thisruleclass=\count289
\@lastruleclass=\count290
\@thisrulewidth=\dimen185
)
(/usr/share/texlive/texmf-dist/tex/latex/tools/tabularx.sty
Package: tabularx 2023/07/08 v2.11c `tabularx' package (DPC)

(/usr/share/texlive/texmf-dist/tex/latex/tools/array.sty
Package: array 2023/10/16 v2.5g Tabular extension package (FMi)
\col@sep=\dimen186
\ar@mcellbox=\box56
\extrarowheight=\dimen187
\NC@list=\toks35
\extratabsurround=\skip72
\backup@length=\skip73
\ar@cellbox=\box57
)
\TX@col@width=\dimen188
\TX@old@table=\dimen189
\TX@old@col=\dimen190
\TX@target=\dimen191
\TX@delta=\dimen192
\TX@cols=\count291
\TX@ftn=\toks36
)
(/usr/share/texlive/texmf-dist/tex/latex/tools/longtable.sty
Package: longtable 2023-11-01 v4.19 Multi-page Table package (DPC)
\LTleft=\skip74
\LTright=\skip75
\LTpre=\skip76
\LTpost=\skip77
\LTchunksize=\count292
\LTcapwidth=\dimen193
\LT@head=\box58
\LT@firsthead=\box59
\LT@foot=\box60
\LT@lastfoot=\box61
\LT@gbox=\box62
\LT@cols=\count293
\LT@rows=\count294
\c@LT@tables=\count295
\c@LT@chunks=\count296
\LT@p@ftn=\toks37
)
(/usr/share/texlive/texmf-dist/tex/latex/caption/caption.sty
Package: caption 2023/08/05 v3.6o Customizing captions (AR)

(/usr/share/texlive/texmf-dist/tex/latex/caption/caption3.sty
Package: caption3 2023/07/31 v2.4d caption3 kernel (AR)
\caption@tempdima=\dimen194
\captionmargin=\dimen195
\caption@leftmargin=\dimen196
\caption@rightmargin=\dimen197
\caption@width=\dimen198
\caption@indent=\dimen199
\caption@parindent=\dimen256
\caption@hangindent=\dimen257
Package caption Info: Standard document class detected.
)
\c@caption@flags=\count297
\c@continuedfloat=\count298
Package caption Info: longtable package is loaded.

(/usr/share/texlive/texmf-dist/tex/latex/caption/ltcaption.sty
Package: ltcaption 2021/01/08 v1.4c longtable captions (AR)
))
(/usr/share/texlive/texmf-dist/tex/latex/natbib/natbib.sty
Package: natbib 2010/09/13 8.31b (PWD, AO)
\bibhang=\skip78
\bibsep=\skip79
LaTeX Info: Redefining \cite on input line 694.
\c@NAT@ctr=\count299
)
(/usr/share/texlive/texmf-dist/tex/latex/hyperref/hyperref.sty
Package: hyperref 2024-01-20 v7.01h Hypertext links for LaTeX

(/usr/share/texlive/texmf-dist/tex/generic/kvdefinekeys/kvdefinekeys.sty
Package: kvdefinekeys 2019-12-19 v1.6 Define keys (HO)
)
(/usr/share/texlive/texmf-dist/tex/generic/pdfescape/pdfescape.sty
Package: pdfescape 2019/12/09 v1.15 Implements pdfTeX's escape features (HO)

(/usr/share/texlive/texmf-dist/tex/generic/pdftexcmds/pdftexcmds.sty
Package: pdftexcmds 2020-06-27 v0.33 Utility functions of pdfTeX for LuaTeX (HO
)

(/usr/share/texlive/texmf-dist/tex/generic/infwarerr/infwarerr.sty
Package: infwarerr 2019/12/03 v1.5 Providing info/warning/error messages (HO)
)
Package pdftexcmds Info: \pdf@primitive is available.
Package pdftexcmds Info: \pdf@ifprimitive is available.
Package pdftexcmds Info: \pdfdraftmode found.
\pdftexcmds@toks=\toks38
))
(/usr/share/texlive/texmf-dist/tex/latex/hycolor/hycolor.sty
Package: hycolor 2020-01-27 v1.10 Color options for hyperref/bookmark (HO)
)
(/usr/share/texlive/texmf-dist/tex/latex/auxhook/auxhook.sty
Package: auxhook 2019-12-17 v1.6 Hooks for auxiliary files (HO)
)
(/usr/share/texlive/texmf-dist/tex/latex/hyperref/nameref.sty
Package: nameref 2023-11-26 v2.56 Cross-referencing by name of section

(/usr/share/texlive/texmf-dist/tex/latex/refcount/refcount.sty
Package: refcount 2019/12/15 v3.6 Data extraction from label references (HO)
)
(/usr/share/texlive/texmf-dist/tex/generic/gettitlestring/gettitlestring.sty
Package: gettitlestring 2019/12/15 v1.6 Cleanup title references (HO)
)
\c@section@level=\count300
)
\@linkdim=\dimen258
\Hy@linkcounter=\count301
\Hy@pagecounter=\count302

(/usr/share/texlive/texmf-dist/tex/latex/hyperref/pd1enc.def
File: pd1enc.def 2024-01-20 v7.01h Hyperref: PDFDocEncoding definition (HO)
)
(/usr/share/texlive/texmf-dist/tex/generic/intcalc/intcalc.sty
Package: intcalc 2019/12/15 v1.3 Expandable calculations with integers (HO)
)
\Hy@SavedSpaceFactor=\count303

(/usr/share/texlive/texmf-dist/tex/latex/hyperref/puenc.def
File: puenc.def 2024-01-20 v7.01h Hyperref: PDF Unicode definition (HO)
)
Package hyperref Info: Option `colorlinks' set `true' on input line 4062.
Package hyperref Info: Hyper figures OFF on input line 4179.
Package hyperref Info: Link nesting OFF on input line 4184.
Package hyperref Info: Hyper index ON on input line 4187.
Package hyperref Info: Plain pages OFF on input line 4194.
Package hyperref Info: Backreferencing OFF on input line 4199.
Package hyperref Info: Implicit mode ON; LaTeX internals redefined.
Package hyperref Info: Bookmarks ON on input line 4446.
\c@Hy@tempcnt=\count304

(/usr/share/texlive/texmf-dist/tex/latex/url/url.sty
\Urlmuskip=\muskip17
Package: url 2013/09/16  ver 3.4  Verb mode for urls, etc.
)
LaTeX Info: Redefining \url on input line 4784.
\XeTeXLinkMargin=\dimen259

(/usr/share/texlive/texmf-dist/tex/generic/bitset/bitset.sty
Package: bitset 2019/12/09 v1.3 Handle bit-vector datatype (HO)

(/usr/share/texlive/texmf-dist/tex/generic/bigintcalc/bigintcalc.sty
Package: bigintcalc 2019/12/15 v1.5 Expandable calculations on big integers (HO
)
))
\Fld@menulength=\count305
\Field@Width=\dimen260
\Fld@charsize=\dimen261
Package hyperref Info: Hyper figures OFF on input line 6063.
Package hyperref Info: Link nesting OFF on input line 6068.
Package hyperref Info: Hyper index ON on input line 6071.
Package hyperref Info: backreferencing OFF on input line 6078.
Package hyperref Info: Link coloring ON on input line 6081.
Package hyperref Info: Link coloring with OCG OFF on input line 6088.
Package hyperref Info: PDF/A mode OFF on input line 6093.

(/usr/share/texlive/texmf-dist/tex/latex/base/atbegshi-ltx.sty
Package: atbegshi-ltx 2021/01/10 v1.0c Emulation of the original atbegshi
package with kernel methods
)
\Hy@abspage=\count306
\c@Item=\count307
\c@Hfootnote=\count308
)
Package hyperref Info: Driver (autodetected): hluatex.

(/usr/share/texlive/texmf-dist/tex/latex/hyperref/hluatex.def
File: hluatex.def 2024-01-20 v7.01h Hyperref driver for luaTeX

(/usr/share/texlive/texmf-dist/tex/generic/stringenc/stringenc.sty
Package: stringenc 2019/11/29 v1.12 Convert strings between diff. encodings (HO
)
)
(/usr/share/texlive/texmf-dist/tex/latex/base/atveryend-ltx.sty
Package: atveryend-ltx 2020/08/19 v1.0a Emulation of the original atveryend pac
kage
with kernel methods
)
\Fld@listcount=\count309
\c@bookmark@seq@number=\count310

(/usr/share/texlive/texmf-dist/tex/latex/rerunfilecheck/rerunfilecheck.sty
Package: rerunfilecheck 2022-07-10 v1.10 Rerun checks for auxiliary files (HO)

(/usr/share/texlive/texmf-dist/tex/generic/uniquecounter/uniquecounter.sty
Package: uniquecounter 2019/12/15 v1.4 Provide unlimited unique counter (HO)
)
Package uniquecounter Info: New unique counter `rerunfilecheck' on input line 2
85.
)
\Hy@SectionHShift=\skip80
)
(/usr/share/texlive/texmf-dist/tex/latex/epigraph/epigraph.sty
Package: epigraph 2020/01/02 v1.5e typesetting epigraphs

(/usr/share/texlive/texmf-dist/tex/latex/nextpage/nextpage.sty
Package: nextpage 2009/09/03 v1.1a additional page commands
)
\beforeepigraphskip=\skip81
\afterepigraphskip=\skip82
\epigraphwidth=\skip83
\epigraphrule=\skip84
)
(/usr/share/texlive/texmf-dist/tex/latex/graphics/graphicx.sty
Package: graphicx 2021/09/16 v1.2d Enhanced LaTeX Graphics (DPC,SPQR)

(/usr/share/texlive/texmf-dist/tex/latex/graphics/graphics.sty
Package: graphics 2022/03/10 v1.4e Standard LaTeX Graphics (DPC,SPQR)

(/usr/share/texlive/texmf-dist/tex/latex/graphics/trig.sty
Package: trig 2021/08/11 v1.11 sin cos tan (DPC)
)
(/usr/share/texlive/texmf-dist/tex/latex/graphics-cfg/graphics.cfg
File: graphics.cfg 2016/06/04 v1.11 sample graphics configuration
)
Package graphics Info: Driver file: luatex.def on input line 107.
)
\Gin@req@height=\dimen262
\Gin@req@width=\dimen263
)
(/usr/share/texlive/texmf-dist/tex/latex/enumitem/enumitem.sty
Package: enumitem 2019/06/20 v3.9 Customized lists
\labelindent=\skip85
\enit@outerparindent=\dimen264
\enit@toks=\toks39
\enit@inbox=\box63
\enit@count@id=\count311
\enitdp@description=\count312
)
LaTeX Font Info:    Trying to load font information for T1+ppl on input line 80
.

(/usr/share/texlive/texmf-dist/tex/latex/psnfss/t1ppl.fd
File: t1ppl.fd 2001/06/04 font definitions for T1/ppl.
)
(/usr/share/texlive/texmf-dist/tex/latex/l3backend/l3backend-luatex.def
File: l3backend-luatex.def 2024-01-04 L3 backend support: PDF output (LuaTeX)
\l__color_backend_stack_int=\count313
Inserting `l3color' in `luaotfload.parse_color'.
\l__pdf_internal_box=\box64
)
No file constraint_reachability_relaxation.aux.

\openout1 = constraint_reachability_relaxation.aux
LaTeX Font Info:    Checking defaults for OML/cmm/m/it on input line 80.
LaTeX Font Info:    ... okay on input line 80.
LaTeX Font Info:    Checking defaults for OMS/cmsy/m/n on input line 80.
LaTeX Font Info:    ... okay on input line 80.
LaTeX Font Info:    Checking defaults for OT1/cmr/m/n on input line 80.
LaTeX Font Info:    ... okay on input line 80.
LaTeX Font Info:    Checking defaults for T1/cmr/m/n on input line 80.
LaTeX Font Info:    ... okay on input line 80.
LaTeX Font Info:    Checking defaults for TS1/cmr/m/n on input line 80.
LaTeX Font Info:    Trying to load font information for TS1+cmr on input line 8
0.
(/usr/share/texlive/texmf-dist/tex/latex/base/ts1cmr.fd
File: ts1cmr.fd 2023/04/13 v2.5m Standard LaTeX font definitions
)
LaTeX Font Info:    ... okay on input line 80.
LaTeX Font Info:    Checking defaults for TU/lmr/m/n on input line 80.
LaTeX Font Info:    ... okay on input line 80.
LaTeX Font Info:    Checking defaults for OMX/cmex/m/n on input line 80.
LaTeX Font Info:    ... okay on input line 80.
LaTeX Font Info:    Checking defaults for U/cmr/m/n on input line 80.
LaTeX Font Info:    ... okay on input line 80.
LaTeX Font Info:    Checking defaults for PD1/pdf/m/n on input line 80.
LaTeX Font Info:    ... okay on input line 80.
LaTeX Font Info:    Checking defaults for PU/pdf/m/n on input line 80.
LaTeX Font Info:    ... okay on input line 80.
LaTeX Info: Redefining \microtypecontext on input line 80.
Package microtype Info: Applying patch `item' on input line 80.
Package microtype Info: Applying patch `toc' on input line 80.
Package microtype Info: Applying patch `eqnum' on input line 80.
Package microtype Info: Applying patch `footnote' on input line 80.
Package microtype Info: Applying patch `verbatim' on input line 80.
Package microtype Info: Generating PDF output.
Package microtype Info: Character protrusion enabled (level 2).
Package microtype Info: Using default protrusion set `alltext'.
Package microtype Info: Automatic font expansion enabled (level 2),
(microtype)             stretch: 20, shrink: 20, step: 1, non-selected.
Package microtype Info: Using default expansion set `alltext-nott'.
LaTeX Info: Redefining \showhyphens on input line 80.
Package microtype Info: No adjustment of tracking.
Package microtype Info: No adjustment of spacing.
Package microtype Info: No adjustment of kerning.

(/usr/share/texlive/texmf-dist/tex/latex/microtype/mt-ppl.cfg
File: mt-ppl.cfg 2005/11/16 v1.6 microtype config. file: Palatino (RS)
)
*geometry* driver: auto-detecting
*geometry* detected driver: luatex
*geometry* verbose mode - [ preamble ] result:
* driver: luatex
* paper: a4paper
* layout: <same size as paper>
* layoutoffset:(h,v)=(0.0pt,0.0pt)
* modes: twoside 
* h-part:(L,W,R)=(85.35826pt, 443.863pt, 68.2866pt)
* v-part:(T,H,B)=(85.35826pt, 668.63977pt, 91.04881pt)
* \paperwidth=597.50787pt
* \paperheight=845.04684pt
* \textwidth=443.863pt
* \textheight=668.63977pt
* \oddsidemargin=13.08827pt
* \evensidemargin=-3.98338pt
* \topmargin=-21.67392pt
* \headheight=12.0pt
* \headsep=22.76219pt
* \topskip=12.0pt
* \footskip=30.0pt
* \marginparwidth=88.0pt
* \marginparsep=7.0pt
* \columnsep=10.0pt
* \skip\footins=10.8pt plus 4.0pt minus 2.0pt
* \hoffset=0.0pt
* \voffset=0.0pt
* \mag=1000
* \@twocolumnfalse
* \@twosidetrue
* \@mparswitchtrue
* \@reversemarginfalse
* (1in=72.27pt=25.4mm, 1cm=28.453pt)

(/usr/share/texlive/texmf-dist/tex/context/base/mkii/supp-pdf.mkii
[Loading MPS to PDF converter (version 2006.09.02).]
\scratchcounter=\count314
\scratchdimen=\dimen265
\scratchbox=\box65
\nofMPsegments=\count315
\nofMParguments=\count316
\everyMPshowfont=\toks40
\MPscratchCnt=\count317
\MPscratchDim=\dimen266
\MPnumerator=\count318
\makeMPintoPDFobject=\count319
\everyMPtoPDFconversion=\toks41
) (/usr/share/texlive/texmf-dist/tex/latex/epstopdf-pkg/epstopdf-base.sty
Package: epstopdf-base 2020-01-24 v2.11 Base part for package epstopdf
Package epstopdf-base Info: Redefining graphics rule for `.eps' on input line 4
85.

(/usr/share/texlive/texmf-dist/tex/latex/latexconfig/epstopdf-sys.cfg
File: epstopdf-sys.cfg 2010/07/13 v1.3 Configuration of (r)epstopdf for TeX Liv
e
))
Package caption Info: Begin \AtBeginDocument code.
Package caption Info: hyperref package is loaded.
Package caption Info: End \AtBeginDocument code.
Package hyperref Info: Link coloring ON on input line 80.
\@outlinefile=\write3

\openout3 = constraint_reachability_relaxation.out

[1



{/var/lib/texmf/fonts/map/pdftex/updmap/pdftex.map}]

Package fancyhdr Warning: \headheight is too small (12.0pt): 
(fancyhdr)                Make it at least 13.59999pt, for example:
(fancyhdr)                \setlength{\headheight}{13.59999pt}.
(fancyhdr)                You might also make \topmargin smaller to compensate:

(fancyhdr)                \addtolength{\topmargin}{-1.59999pt}.

[2

]
LaTeX Font Info:    Trying to load font information for OT1+ppl on input line 1
09.
 (/usr/share/texlive/texmf-dist/tex/latex/psnfss/ot1ppl.fd
File: ot1ppl.fd 2001/06/04 font definitions for OT1/ppl.
)
LaTeX Font Info:    Trying to load font information for OML+zplm on input line 
109.

(/usr/share/texlive/texmf-dist/tex/latex/psnfss/omlzplm.fd
File: omlzplm.fd 2002/09/08 Fontinst v1.914 font definitions for OML/zplm.
)
LaTeX Font Info:    Trying to load font information for OMS+zplm on input line 
109.

(/usr/share/texlive/texmf-dist/tex/latex/psnfss/omszplm.fd
File: omszplm.fd 2002/09/08 Fontinst v1.914 font definitions for OMS/zplm.
)
LaTeX Font Info:    Trying to load font information for OMX+zplm on input line 
109.

(/usr/share/texlive/texmf-dist/tex/latex/psnfss/omxzplm.fd
File: omxzplm.fd 2002/09/08 Fontinst v1.914 font definitions for OMX/zplm.
)
LaTeX Font Info:    Trying to load font information for OT1+zplm on input line 
109.

(/usr/share/texlive/texmf-dist/tex/latex/psnfss/ot1zplm.fd
File: ot1zplm.fd 2002/09/08 Fontinst v1.914 font definitions for OT1/zplm.
)
Package microtype Info: Loading generic protrusion settings for font family
(microtype)             `zplm' (encoding: OT1).
(microtype)             For optimal results, create family-specific settings.
(microtype)             See the microtype manual for details.
LaTeX Font Info:    Font shape `U/msa/m/n' will be
(Font)              scaled to size 11.40997pt on input line 109.

(/usr/share/texlive/texmf-dist/tex/latex/microtype/mt-msa.cfg
File: mt-msa.cfg 2006/02/04 v1.1 microtype config. file: AMS symbols (a) (RS)
)
LaTeX Font Info:    Font shape `U/msa/m/n' will be
(Font)              scaled to size 8.33606pt on input line 109.
LaTeX Font Info:    Font shape `U/msa/m/n' will be
(Font)              scaled to size 6.25204pt on input line 109.
LaTeX Font Info:    Font shape `U/msb/m/n' will be
(Font)              scaled to size 11.40997pt on input line 109.

(/usr/share/texlive/texmf-dist/tex/latex/microtype/mt-msb.cfg
File: mt-msb.cfg 2005/06/01 v1.0 microtype config. file: AMS symbols (b) (RS)
)
LaTeX Font Info:    Font shape `U/msb/m/n' will be
(Font)              scaled to size 8.33606pt on input line 109.
LaTeX Font Info:    Font shape `U/msb/m/n' will be
(Font)              scaled to size 6.25204pt on input line 109.


Package natbib Warning: Citation `driessen2026' on page iii undefined on input 
line 113.


Package natbib Warning: Citation `davidson2026' on page iii undefined on input 
line 116.


Package fancyhdr Warning: \headheight is too small (12.0pt): 
(fancyhdr)                Make it at least 13.59999pt, for example:
(fancyhdr)                \setlength{\headheight}{13.59999pt}.
(fancyhdr)                You might also make \topmargin smaller to compensate:

(fancyhdr)                \addtolength{\topmargin}{-1.59999pt}.

[3]

Package fancyhdr Warning: \headheight is too small (12.0pt): 
(fancyhdr)                Make it at least 13.59999pt, for example:
(fancyhdr)                \setlength{\headheight}{13.59999pt}.
(fancyhdr)                You might also make \topmargin smaller to compensate:

(fancyhdr)                \addtolength{\topmargin}{-1.59999pt}.

[4

]
No file constraint_reachability_relaxation.toc.
\tf@toc=\write4

\openout4 = constraint_reachability_relaxation.toc
[5

]

Package fancyhdr Warning: \headheight is too small (12.0pt): 
(fancyhdr)                Make it at least 13.59999pt, for example:
(fancyhdr)                \setlength{\headheight}{13.59999pt}.
(fancyhdr)                You might also make \topmargin smaller to compensate:

(fancyhdr)                \addtolength{\topmargin}{-1.59999pt}.

[6

]

Package natbib Warning: Citation `driessen2026' on page vii undefined on input 
line 126.


Package natbib Warning: Citation `davidson2026' on page vii undefined on input 
line 126.


Package natbib Warning: Citation `spiro2026' on page vii undefined on input lin
e 126.


Package natbib Warning: Citation `tian2026' on page vii undefined on input line
 126.


Package natbib Warning: Citation `okitsu2026' on page vii undefined on input li
ne 126.


Package natbib Warning: Citation `leung2026' on page vii undefined on input lin
e 126.


Package natbib Warning: Citation `driessen2026' on page vii undefined on input 
line 128.


Package natbib Warning: Citation `davidson2026' on page vii undefined on input 
line 128.


Package natbib Warning: Citation `tononi2014' on page vii undefined on input li
ne 132.


Package natbib Warning: Citation `tononi2020' on page vii undefined on input li
ne 132.


Package natbib Warning: Citation `vyazovskiy2009' on page vii undefined on inpu
t line 132.


Package natbib Warning: Citation `vyazovskiy2011' on page vii undefined on inpu
t line 132.


Package natbib Warning: Citation `huber2004' on page vii undefined on input lin
e 132.


Package natbib Warning: Citation `massimini2004' on page vii undefined on input
 line 132.


Package natbib Warning: Citation `diering2017' on page vii undefined on input l
ine 132.


Package natbib Warning: Citation `devivo2017' on page vii undefined on input li
ne 132.


Package natbib Warning: Citation `alfonsa2023' on page vii undefined on input l
ine 132.


Package natbib Warning: Citation `miyamoto2016' on page vii undefined on input 
line 132.


Package natbib Warning: Citation `funk2017' on page vii undefined on input line
 132.


Package natbib Warning: Citation `croft2019' on page vii undefined on input lin
e 132.


Package natbib Warning: Citation `zhang2019' on page vii undefined on input lin
e 132.


Package natbib Warning: Citation `buckley2019' on page vii undefined on input l
ine 132.


Package natbib Warning: Citation `donlin2018' on page vii undefined on input li
ne 132.


Package natbib Warning: Citation `zhou2015' on page vii undefined on input line
 132.


Package natbib Warning: Citation `kelley2018' on page vii undefined on input li
ne 132.


Package natbib Warning: Citation `avsec2021' on page vii undefined on input lin
e 132.


Package natbib Warning: Citation `linder2025' on page vii undefined on input li
ne 132.


Package natbib Warning: Citation `huang2023' on page vii undefined on input lin
e 132.


Package natbib Warning: Citation `sasse2023' on page vii undefined on input lin
e 132.


Package natbib Warning: Citation `karollus2023' on page vii undefined on input 
line 132.


Package natbib Warning: Citation `deboer2024' on page vii undefined on input li
ne 132.


Package natbib Warning: Citation `harper2019' on page vii undefined on input li
ne 132.


Package natbib Warning: Citation `geissdoerfer2017' on page vii undefined on in
put line 132.


Package natbib Warning: Citation `zhang2025' on page vii undefined on input lin
e 132.


Package natbib Warning: Citation `cheng2024' on page vii undefined on input lin
e 132.


Package natbib Warning: Citation `ciez2019' on page vii undefined on input line
 132.


Package natbib Warning: Citation `suttonbarto2018' on page vii undefined on inp
ut line 132.


Package natbib Warning: Citation `dayanballeine2002' on page vii undefined on i
nput line 132.


Package natbib Warning: Citation `keramati2011' on page vii undefined on input 
line 132.


Package natbib Warning: Citation `dezfouli2014' on page vii undefined on input 
line 132.


Package natbib Warning: Citation `momennejad2017' on page vii undefined on inpu
t line 132.


Package natbib Warning: Citation `gershman2017' on page vii undefined on input 
line 132.


Package natbib Warning: Citation `balleine2010' on page vii undefined on input 
line 132.


Package natbib Warning: Citation `shakura1973' on page vii undefined on input l
ine 132.


Package natbib Warning: Citation `abramowicz1988' on page vii undefined on inpu
t line 132.


Package natbib Warning: Citation `peterson1993' on page vii undefined on input 
line 132.


Package natbib Warning: Citation `netzer2013' on page vii undefined on input li
ne 132.


Package natbib Warning: Citation `fausnaugh2016' on page vii undefined on input
 line 132.


Package natbib Warning: Citation `cackett2020' on page vii undefined on input l
ine 132.


Package natbib Warning: Citation `mchardy2018' on page vii undefined on input l
ine 132.


Package natbib Warning: Citation `burke2021' on page vii undefined on input lin
e 132.


Package natbib Warning: Citation `fanetal2023' on page vii undefined on input l
ine 132.

LaTeX Font Info:    Trying to load font information for T1+phv on input line 13
4.
(/usr/share/texlive/texmf-dist/tex/latex/psnfss/t1phv.fd
File: t1phv.fd 2020/03/25 scalable font definitions for T1/phv.
)
LaTeX Font Info:    Font shape `T1/phv/m/n' will be
(Font)              scaled to size 11.39996pt on input line 134.
Package microtype Info: Loading generic protrusion settings for font family
(microtype)             `phv' (encoding: T1).
(microtype)             For optimal results, create family-specific settings.
(microtype)             See the microtype manual for details.


Package natbib Warning: Citation `jacobson1995' on page vii undefined on input 
line 134.


Package natbib Warning: Citation `friston2010' on page vii undefined on input l
ine 134.

[7

]

Package fancyhdr Warning: \headheight is too small (12.0pt): 
(fancyhdr)                Make it at least 13.59999pt, for example:
(fancyhdr)                \setlength{\headheight}{13.59999pt}.
(fancyhdr)                You might also make \topmargin smaller to compensate:

(fancyhdr)                \addtolength{\topmargin}{-1.59999pt}.

[8

]
Chapter 1.

Package natbib Warning: Citation `driessen2026' on page 1 undefined on input li
ne 148.


Package natbib Warning: Citation `davidson2026' on page 1 undefined on input li
ne 148.


Package natbib Warning: Citation `spiro2026' on page 1 undefined on input line 
148.


Package natbib Warning: Citation `tian2026' on page 1 undefined on input line 1
48.


Package natbib Warning: Citation `okitsu2026' on page 1 undefined on input line
 148.


Package natbib Warning: Citation `leung2026' on page 1 undefined on input line 
148.

LaTeX Font Info:    Font shape `U/msa/m/n' will be
(Font)              scaled to size 12.50409pt on input line 156.
LaTeX Font Info:    Font shape `U/msa/m/n' will be
(Font)              scaled to size 9.37807pt on input line 156.
LaTeX Font Info:    Font shape `U/msa/m/n' will be
(Font)              scaled to size 7.29405pt on input line 156.
LaTeX Font Info:    Font shape `U/msb/m/n' will be
(Font)              scaled to size 12.50409pt on input line 156.
LaTeX Font Info:    Font shape `U/msb/m/n' will be
(Font)              scaled to size 9.37807pt on input line 156.
LaTeX Font Info:    Font shape `U/msb/m/n' will be
(Font)              scaled to size 7.29405pt on input line 156.

Package natbib Warning: Citation `driessen2026' on page 1 undefined on input li
ne 159.


Package natbib Warning: Citation `davidson2026' on page 1 undefined on input li
ne 159.


Package natbib Warning: Citation `spiro2026' on page 1 undefined on input line 
159.


Package natbib Warning: Citation `tian2026' on page 1 undefined on input line 1
59.


Package natbib Warning: Citation `okitsu2026' on page 1 undefined on input line
 159.


Package natbib Warning: Citation `leung2026' on page 1 undefined on input line 
159.

[1

]

Package natbib Warning: Citation `davidson2026' on page 2 undefined on input li
ne 168.


Package natbib Warning: Citation `croft2019' on page 2 undefined on input line 
168.


Package natbib Warning: Citation `zhang2019' on page 2 undefined on input line 
168.


Package natbib Warning: Citation `okitsu2026' on page 2 undefined on input line
 170.


Package natbib Warning: Citation `dayanballeine2002' on page 2 undefined on inp
ut line 170.


Package natbib Warning: Citation `keramati2011' on page 2 undefined on input li
ne 170.


Package natbib Warning: Citation `dezfouli2014' on page 2 undefined on input li
ne 170.


Package natbib Warning: Citation `momennejad2017' on page 2 undefined on input 
line 170.


Package natbib Warning: Citation `gershman2017' on page 2 undefined on input li
ne 170.


LaTeX Warning: Reference `ch:math' on page 2 undefined on input line 178.


LaTeX Warning: Reference `ch:threshold' on page 2 undefined on input line 178.


LaTeX Warning: Reference `ch:cortical' on page 2 undefined on input line 178.


LaTeX Warning: Reference `ch:arthritis' on page 2 undefined on input line 178.


LaTeX Warning: Reference `ch:historical' on page 2 undefined on input line 178.



LaTeX Warning: Reference `ch:compression' on page 2 undefined on input line 178
.


LaTeX Warning: Reference `ch:scales' on page 2 undefined on input line 178.


LaTeX Warning: Reference `ch:program' on page 2 undefined on input line 178.


Package fancyhdr Warning: \headheight is too small (12.0pt): 
(fancyhdr)                Make it at least 13.59999pt, for example:
(fancyhdr)                \setlength{\headheight}{13.59999pt}.
(fancyhdr)                You might also make \topmargin smaller to compensate:

(fancyhdr)                \addtolength{\topmargin}{-1.59999pt}.

[2]

Package fancyhdr Warning: \headheight is too small (12.0pt): 
(fancyhdr)                Make it at least 13.59999pt, for example:
(fancyhdr)                \setlength{\headheight}{13.59999pt}.
(fancyhdr)                You might also make \topmargin smaller to compensate:

(fancyhdr)                \addtolength{\topmargin}{-1.59999pt}.

[3]

Package fancyhdr Warning: \headheight is too small (12.0pt): 
(fancyhdr)                Make it at least 13.59999pt, for example:
(fancyhdr)                \setlength{\headheight}{13.59999pt}.
(fancyhdr)                You might also make \topmargin smaller to compensate:

(fancyhdr)                \addtolength{\topmargin}{-1.59999pt}.

[4

]
Chapter 2.
LaTeX Font Info:    Trying to load font information for U+fplmbb on input line 
195.
(/usr/share/texlive/texmf-dist/tex/latex/psnfss/ufplmbb.fd
File: ufplmbb.fd 2003/10/30 Fontinst v1.914 font definitions for U/fplmbb.
)
Overfull \hbox (2.50172pt too wide) in paragraph at lines 213--214
[]\T1/ppl/m/n/12 Un-der the \T1/phv/m/n/12 RSVP \T1/ppl/m/n/12 iden-ti-fi-ca-tio
n $\OMS/zplm/m/n/12 jA\OT1/zplm/m/n/12 (\OML/zplm/m/it/12 x\OT1/ppl/m/n/12 , \O
ML/zplm/m/it/12 t\OT1/zplm/m/n/12 )\OMS/zplm/m/n/12 j / \OML/zplm/m/it/12 e[]$\
T1/ppl/m/n/12 , con-straint cur-va-ture equals $\OMS/zplm/m/n/12 ^^@\OML/zplm/m
/it/12 @[]S\OT1/zplm/m/n/12 /\OML/zplm/m/it/12 @t[]$\T1/ppl/m/n/12 . 
 []


Package natbib Warning: Citation `driessen2026' on page 5 undefined on input li
ne 219.


Package natbib Warning: Citation `tian2026' on page 5 undefined on input line 2
19.


Package natbib Warning: Citation `okitsu2026' on page 5 undefined on input line
 219.

[5]

Package natbib Warning: Citation `driessen2026' on page 6 undefined on input li
ne 234.


Package natbib Warning: Citation `davidson2026' on page 6 undefined on input li
ne 234.


Package natbib Warning: Citation `davidson2026' on page 6 undefined on input li
ne 251.


Package fancyhdr Warning: \headheight is too small (12.0pt): 
(fancyhdr)                Make it at least 13.59999pt, for example:
(fancyhdr)                \setlength{\headheight}{13.59999pt}.
(fancyhdr)                You might also make \topmargin smaller to compensate:

(fancyhdr)                \addtolength{\topmargin}{-1.59999pt}.

[6]

Package natbib Warning: Citation `driessen2026' on page 7 undefined on input li
ne 259.


Package natbib Warning: Citation `vyazovskiy2011' on page 7 undefined on input 
line 259.


Package natbib Warning: Citation `huber2004' on page 7 undefined on input line 
259.


Package natbib Warning: Citation `leung2026' on page 7 undefined on input line 
259.


Package natbib Warning: Citation `cackett2020' on page 7 undefined on input lin
e 259.


Package natbib Warning: Citation `fausnaugh2016' on page 7 undefined on input l
ine 259.


Package fancyhdr Warning: \headheight is too small (12.0pt): 
(fancyhdr)                Make it at least 13.59999pt, for example:
(fancyhdr)                \setlength{\headheight}{13.59999pt}.
(fancyhdr)                You might also make \topmargin smaller to compensate:

(fancyhdr)                \addtolength{\topmargin}{-1.59999pt}.

[7]

Package fancyhdr Warning: \headheight is too small (12.0pt): 
(fancyhdr)                Make it at least 13.59999pt, for example:
(fancyhdr)                \setlength{\headheight}{13.59999pt}.
(fancyhdr)                You might also make \topmargin smaller to compensate:

(fancyhdr)                \addtolength{\topmargin}{-1.59999pt}.

[8

]
Chapter 3.

Package natbib Warning: Citation `funk2017' on page 9 undefined on input line 2
71.


Package natbib Warning: Citation `alfonsa2023' on page 9 undefined on input lin
e 271.


Package natbib Warning: Citation `driessen2026' on page 9 undefined on input li
ne 271.

[9]

Package natbib Warning: Citation `alfonsa2023' on page 10 undefined on input li
ne 299.


Package natbib Warning: Citation `funk2017' on page 10 undefined on input line 
299.


Package natbib Warning: Citation `driessen2026' on page 10 undefined on input l
ine 299.


Package natbib Warning: Citation `davidson2026' on page 10 undefined on input l
ine 299.


Package natbib Warning: Citation `funk2017' on page 10 undefined on input line 
305.


Package natbib Warning: Citation `davidson2026' on page 10 undefined on input l
ine 305.


Package natbib Warning: Citation `croft2019' on page 10 undefined on input line
 305.


Package natbib Warning: Citation `zhang2019' on page 10 undefined on input line
 305.


Package natbib Warning: Citation `funk2017' on page 10 undefined on input line 
309.


Package natbib Warning: Citation `alfonsa2023' on page 10 undefined on input li
ne 309.


Package natbib Warning: Citation `driessen2026' on page 10 undefined on input l
ine 309.


Package natbib Warning: Citation `davidson2026' on page 10 undefined on input l
ine 311.


Package natbib Warning: Citation `spiro2026' on page 10 undefined on input line
 313.


Package natbib Warning: Citation `avsec2021' on page 10 undefined on input line
 313.


Package natbib Warning: Citation `linder2025' on page 10 undefined on input lin
e 313.


Package natbib Warning: Citation `shakura1973' on page 10 undefined on input li
ne 315.


Package natbib Warning: Citation `abramowicz1988' on page 10 undefined on input
 line 315.


Package natbib Warning: Citation `leung2026' on page 10 undefined on input line
 315.


Package fancyhdr Warning: \headheight is too small (12.0pt): 
(fancyhdr)                Make it at least 13.59999pt, for example:
(fancyhdr)                \setlength{\headheight}{13.59999pt}.
(fancyhdr)                You might also make \topmargin smaller to compensate:

(fancyhdr)                \addtolength{\topmargin}{-1.59999pt}.

[10]

Package natbib Warning: Citation `tian2026' on page 11 undefined on input line 
317.


Package natbib Warning: Citation `okitsu2026' on page 11 undefined on input lin
e 319.


Package fancyhdr Warning: \headheight is too small (12.0pt): 
(fancyhdr)                Make it at least 13.59999pt, for example:
(fancyhdr)                \setlength{\headheight}{13.59999pt}.
(fancyhdr)                You might also make \topmargin smaller to compensate:

(fancyhdr)                \addtolength{\topmargin}{-1.59999pt}.

[11]

Package fancyhdr Warning: \headheight is too small (12.0pt): 
(fancyhdr)                Make it at least 13.59999pt, for example:
(fancyhdr)                \setlength{\headheight}{13.59999pt}.
(fancyhdr)                You might also make \topmargin smaller to compensate:

(fancyhdr)                \addtolength{\topmargin}{-1.59999pt}.

[12

]
Chapter 4.

Package natbib Warning: Citation `huber2004' on page 13 undefined on input line
 331.


Package natbib Warning: Citation `vyazovskiy2009' on page 13 undefined on input
 line 331.


Package natbib Warning: Citation `vyazovskiy2011' on page 13 undefined on input
 line 331.


Package natbib Warning: Citation `tononi2014' on page 13 undefined on input lin
e 331.


Package natbib Warning: Citation `tononi2020' on page 13 undefined on input lin
e 331.


Package natbib Warning: Citation `devivo2017' on page 13 undefined on input lin
e 331.


Package natbib Warning: Citation `diering2017' on page 13 undefined on input li
ne 331.


Package natbib Warning: Citation `alfonsa2023' on page 13 undefined on input li
ne 331.


Package natbib Warning: Citation `massimini2004' on page 13 undefined on input 
line 331.


Package natbib Warning: Citation `driessen2026' on page 13 undefined on input l
ine 331.


Package natbib Warning: Citation `driessen2026' on page 13 undefined on input l
ine 335.


Package natbib Warning: Citation `vyazovskiy2009' on page 13 undefined on input
 line 335.

[13]

Package natbib Warning: Citation `driessen2026' on page 14 undefined on input l
ine 348.


Package natbib Warning: Citation `driessen2026' on page 14 undefined on input l
ine 348.


Overfull \hbox (18.9906pt too wide) in alignment at lines 339--350
 [][][][][] 
 []


LaTeX Warning: Reference `hyp:threshold' on page 14 undefined on input line 352
.


Package natbib Warning: Citation `funk2017' on page 14 undefined on input line 
352.


Package natbib Warning: Citation `tononi2014' on page 14 undefined on input lin
e 362.


Package natbib Warning: Citation `vyazovskiy2009' on page 14 undefined on input
 line 362.


Package natbib Warning: Citation `driessen2026' on page 14 undefined on input l
ine 362.


Package fancyhdr Warning: \headheight is too small (12.0pt): 
(fancyhdr)                Make it at least 13.59999pt, for example:
(fancyhdr)                \setlength{\headheight}{13.59999pt}.
(fancyhdr)                You might also make \topmargin smaller to compensate:

(fancyhdr)                \addtolength{\topmargin}{-1.59999pt}.

[14]

Package natbib Warning: Citation `miyamoto2016' on page 15 undefined on input l
ine 372.


Package natbib Warning: Citation `huber2004' on page 15 undefined on input line
 372.


Package natbib Warning: Citation `driessen2026' on page 15 undefined on input l
ine 372.


Package natbib Warning: Citation `miyamoto2016' on page 15 undefined on input l
ine 372.


Package fancyhdr Warning: \headheight is too small (12.0pt): 
(fancyhdr)                Make it at least 13.59999pt, for example:
(fancyhdr)                \setlength{\headheight}{13.59999pt}.
(fancyhdr)                You might also make \topmargin smaller to compensate:

(fancyhdr)                \addtolength{\topmargin}{-1.59999pt}.

[15]

Package fancyhdr Warning: \headheight is too small (12.0pt): 
(fancyhdr)                Make it at least 13.59999pt, for example:
(fancyhdr)                \setlength{\headheight}{13.59999pt}.
(fancyhdr)                You might also make \topmargin smaller to compensate:

(fancyhdr)                \addtolength{\topmargin}{-1.59999pt}.

[16

]
Chapter 5.

Package natbib Warning: Citation `croft2019' on page 17 undefined on input line
 384.


Package natbib Warning: Citation `zhang2019' on page 17 undefined on input line
 384.


Package natbib Warning: Citation `buckley2019' on page 17 undefined on input li
ne 384.


Package natbib Warning: Citation `davidson2026' on page 17 undefined on input l
ine 384.


Package natbib Warning: Citation `davidson2026' on page 17 undefined on input l
ine 388.

LaTeX Font Info:    Trying to load font information for TS1+ppl on input line 3
91.
(/usr/share/texlive/texmf-dist/tex/latex/psnfss/ts1ppl.fd
File: ts1ppl.fd 2001/06/04 font definitions for TS1/ppl.
) [17]
LaTeX Font Info:    Font shape `U/msa/m/n' will be
(Font)              scaled to size 18.00587pt on input line 399.
LaTeX Font Info:    Font shape `U/msa/m/n' will be
(Font)              scaled to size 10.42007pt on input line 399.
LaTeX Font Info:    Font shape `U/msb/m/n' will be
(Font)              scaled to size 18.00587pt on input line 399.
LaTeX Font Info:    Font shape `U/msb/m/n' will be
(Font)              scaled to size 10.42007pt on input line 399.


Package hyperref Warning: Token not allowed in a PDF string (Unicode):
(hyperref)                removing `math shift' on input line 399.


Package hyperref Warning: Token not allowed in a PDF string (Unicode):
(hyperref)                removing `superscript' on input line 399.


Package hyperref Warning: Token not allowed in a PDF string (Unicode):
(hyperref)                removing `math shift' on input line 399.


Package natbib Warning: Citation `buckley2019' on page 18 undefined on input li
ne 401.


Package natbib Warning: Citation `davidson2026' on page 18 undefined on input l
ine 401.


Package natbib Warning: Citation `zhang2019' on page 18 undefined on input line
 405.


LaTeX Warning: Reference `def:collapse' on page 18 undefined on input line 410.



Package natbib Warning: Citation `davidson2026' on page 18 undefined on input l
ine 414.


Package fancyhdr Warning: \headheight is too small (12.0pt): 
(fancyhdr)                Make it at least 13.59999pt, for example:
(fancyhdr)                \setlength{\headheight}{13.59999pt}.
(fancyhdr)                You might also make \topmargin smaller to compensate:

(fancyhdr)                \addtolength{\topmargin}{-1.59999pt}.

[18]

Package natbib Warning: Citation `davidson2026' on page 19 undefined on input l
ine 419.


Package fancyhdr Warning: \headheight is too small (12.0pt): 
(fancyhdr)                Make it at least 13.59999pt, for example:
(fancyhdr)                \setlength{\headheight}{13.59999pt}.
(fancyhdr)                You might also make \topmargin smaller to compensate:

(fancyhdr)                \addtolength{\topmargin}{-1.59999pt}.

[19]

Package fancyhdr Warning: \headheight is too small (12.0pt): 
(fancyhdr)                Make it at least 13.59999pt, for example:
(fancyhdr)                \setlength{\headheight}{13.59999pt}.
(fancyhdr)                You might also make \topmargin smaller to compensate:

(fancyhdr)                \addtolength{\topmargin}{-1.59999pt}.

[20

]
Chapter 6.

Package natbib Warning: Citation `tononi2014' on page 21 undefined on input lin
e 448.


Package natbib Warning: Citation `driessen2026' on page 21 undefined on input l
ine 448.


Package natbib Warning: Citation `davidson2026' on page 21 undefined on input l
ine 450.


Package natbib Warning: Citation `davidson2026' on page 21 undefined on input l
ine 452.


Overfull \hbox (11.95589pt too wide) in paragraph at lines 452--453
[]\T1/ppl/b/n/12 Sto-i-chio-met-ric en-cod-ing \T1/ppl/m/n/12 (ir-re-versible wi
th-out in-ter-ven-tion): the den-sity of threshold-
 []


Package natbib Warning: Citation `davidson2026' on page 21 undefined on input l
ine 457.

[21]

Package natbib Warning: Citation `davidson2026' on page 22 undefined on input l
ine 468.


Package natbib Warning: Citation `zhang2019' on page 22 undefined on input line
 468.


Overfull \hbox (4.21652pt too wide) in paragraph at lines 470--470
|[]\T1/ppl/b/n/17.28 Non-Markovian Dy-nam-ics and the Yarn-crawler Struc-
 []


Package natbib Warning: Citation `vyazovskiy2009' on page 22 undefined on input
 line 474.


Package natbib Warning: Citation `tononi2014' on page 22 undefined on input lin
e 474.


Package natbib Warning: Citation `tian2026' on page 22 undefined on input line 
478.


Package natbib Warning: Citation `tian2026' on page 22 undefined on input line 
478.


Package natbib Warning: Citation `cheng2024' on page 22 undefined on input line
 478.


Underfull \hbox (badness 10000) in paragraph at lines 482--482
[]|\T1/ppl/b/n/12 En-cod-ing
 []


Underfull \hbox (badness 10000) in paragraph at lines 482--483
[]|\T1/ppl/b/n/12 Re-ver-sal
 []


Underfull \hbox (badness 3291) in paragraph at lines 488--489
[]|\T1/ppl/m/n/12 Never with-out
 []


Underfull \hbox (badness 10000) in paragraph at lines 489--489
[]|\T1/ppl/m/n/12 Quasar disk (corona-
 []


Underfull \hbox (badness 10000) in paragraph at lines 489--489
[]|\T1/ppl/m/n/12 Days (rest-
 []


Package fancyhdr Warning: \headheight is too small (12.0pt): 
(fancyhdr)                Make it at least 13.59999pt, for example:
(fancyhdr)                \setlength{\headheight}{13.59999pt}.
(fancyhdr)                You might also make \topmargin smaller to compensate:

(fancyhdr)                \addtolength{\topmargin}{-1.59999pt}.

[22]

Package fancyhdr Warning: \headheight is too small (12.0pt): 
(fancyhdr)                Make it at least 13.59999pt, for example:
(fancyhdr)                \setlength{\headheight}{13.59999pt}.
(fancyhdr)                You might also make \topmargin smaller to compensate:

(fancyhdr)                \addtolength{\topmargin}{-1.59999pt}.

[23]

Package fancyhdr Warning: \headheight is too small (12.0pt): 
(fancyhdr)                Make it at least 13.59999pt, for example:
(fancyhdr)                \setlength{\headheight}{13.59999pt}.
(fancyhdr)                You might also make \topmargin smaller to compensate:

(fancyhdr)                \addtolength{\topmargin}{-1.59999pt}.

[24

]
Chapter 7.

Package natbib Warning: Citation `dayanballeine2002' on page 25 undefined on in
put line 508.


Package natbib Warning: Citation `keramati2011' on page 25 undefined on input l
ine 508.


Package natbib Warning: Citation `dezfouli2014' on page 25 undefined on input l
ine 508.


Package natbib Warning: Citation `balleine2010' on page 25 undefined on input l
ine 508.


Package natbib Warning: Citation `momennejad2017' on page 25 undefined on input
 line 508.


Package natbib Warning: Citation `gershman2017' on page 25 undefined on input l
ine 508.


Package natbib Warning: Citation `okitsu2026' on page 25 undefined on input lin
e 508.


Package natbib Warning: Citation `rescorla1972' on page 25 undefined on input l
ine 516.


Underfull \vbox (badness 2165) has occurred while \output is active []

 [25]

Package natbib Warning: Citation `suttonbarto2018' on page 26 undefined on inpu
t line 528.


Package natbib Warning: Citation `momennejad2017' on page 26 undefined on input
 line 535.


Package natbib Warning: Citation `okitsu2026' on page 26 undefined on input lin
e 538.


Package natbib Warning: Citation `okitsu2026' on page 26 undefined on input lin
e 543.


LaTeX Warning: Reference `hyp:threshold' on page 26 undefined on input line 543
.


Package natbib Warning: Citation `spiro2026' on page 26 undefined on input line
 547.


Package natbib Warning: Citation `zhou2015' on page 26 undefined on input line 
547.


Package natbib Warning: Citation `kelley2018' on page 26 undefined on input lin
e 547.


Package natbib Warning: Citation `avsec2021' on page 26 undefined on input line
 547.


Package natbib Warning: Citation `linder2025' on page 26 undefined on input lin
e 547.


Package natbib Warning: Citation `huang2023' on page 26 undefined on input line
 547.


Package natbib Warning: Citation `sasse2023' on page 26 undefined on input line
 547.


Package natbib Warning: Citation `karollus2023' on page 26 undefined on input l
ine 547.


Package natbib Warning: Citation `deboer2024' on page 26 undefined on input lin
e 547.


Package fancyhdr Warning: \headheight is too small (12.0pt): 
(fancyhdr)                Make it at least 13.59999pt, for example:
(fancyhdr)                \setlength{\headheight}{13.59999pt}.
(fancyhdr)                You might also make \topmargin smaller to compensate:

(fancyhdr)                \addtolength{\topmargin}{-1.59999pt}.

[26]

Package natbib Warning: Citation `spiro2026' on page 27 undefined on input line
 549.


Package natbib Warning: Citation `spiro2026' on page 27 undefined on input line
 549.


Package natbib Warning: Citation `karollus2023' on page 27 undefined on input l
ine 551.


Package fancyhdr Warning: \headheight is too small (12.0pt): 
(fancyhdr)                Make it at least 13.59999pt, for example:
(fancyhdr)                \setlength{\headheight}{13.59999pt}.
(fancyhdr)                You might also make \topmargin smaller to compensate:

(fancyhdr)                \addtolength{\topmargin}{-1.59999pt}.

[27]

Package fancyhdr Warning: \headheight is too small (12.0pt): 
(fancyhdr)                Make it at least 13.59999pt, for example:
(fancyhdr)                \setlength{\headheight}{13.59999pt}.
(fancyhdr)                You might also make \topmargin smaller to compensate:

(fancyhdr)                \addtolength{\topmargin}{-1.59999pt}.

[28

]
Chapter 8.

Package natbib Warning: Citation `driessen2026' on page 29 undefined on input l
ine 563.


Package natbib Warning: Citation `vyazovskiy2011' on page 29 undefined on input
 line 563.


Package natbib Warning: Citation `huber2004' on page 29 undefined on input line
 563.


Package natbib Warning: Citation `peterson1993' on page 29 undefined on input l
ine 565.


Package natbib Warning: Citation `cackett2020' on page 29 undefined on input li
ne 565.


Package natbib Warning: Citation `fausnaugh2016' on page 29 undefined on input 
line 565.


Package natbib Warning: Citation `mchardy2018' on page 29 undefined on input li
ne 565.


Package natbib Warning: Citation `fausnaugh2016' on page 29 undefined on input 
line 565.


Package natbib Warning: Citation `cackett2020' on page 29 undefined on input li
ne 565.


Package natbib Warning: Citation `burke2021' on page 29 undefined on input line
 565.


Package natbib Warning: Citation `leung2026' on page 29 undefined on input line
 565.


Package natbib Warning: Citation `tian2026' on page 29 undefined on input line 
567.


Package natbib Warning: Citation `geissdoerfer2017' on page 29 undefined on inp
ut line 567.


Package natbib Warning: Citation `ciez2019' on page 29 undefined on input line 
567.


Package natbib Warning: Citation `fanetal2023' on page 29 undefined on input li
ne 571.


Package natbib Warning: Citation `netzer2013' on page 29 undefined on input lin
e 571.


Package natbib Warning: Citation `shakura1973' on page 29 undefined on input li
ne 571.


Package natbib Warning: Citation `abramowicz1988' on page 29 undefined on input
 line 571.

[29]

Package natbib Warning: Citation `kelly2009' on page 30 undefined on input line
 573.


Package natbib Warning: Citation `driessen2026' on page 30 undefined on input l
ine 573.


Package natbib Warning: Citation `leung2026' on page 30 undefined on input line
 577.


Package natbib Warning: Citation `fanetal2023' on page 30 undefined on input li
ne 577.


Package natbib Warning: Citation `burke2021' on page 30 undefined on input line
 577.


! LaTeX Error: File `ch_hci.tex' not found.

Type X to quit or <RETURN> to proceed,
or enter new name. (Default extension: tex)

Enter file name: 
! Emergency stop.
<read *> 
   
l.579 \input{ch_hci}
                  
*** (cannot \read from terminal in nonstop modes)



Here is how much of LuaTeX's memory you used:
 17736 strings out of 476553
 125086,1977958 words of node,token memory allocated 12272 words of node memory still in use:
   28 hlist, 1 vlist, 5 rule, 3 mark, 117 disc, 4 local_par, 1 dir, 30 math, 205
 glue, 49 kern, 24 penalty, 9 margin_kern, 1110 glyph, 104 attribute, 72 glue_sp
ec, 104 attribute_list, 2 write, 1 pdf_dest, 4 pdf_colorstack nodes
   avail lists: 1:3,2:509,3:170,4:84,5:231,6:55,7:4707,8:59,9:433,10:13,11:474
 38996 multiletter control sequences out of 65536+600000
 228 fonts using 14253287 bytes
 69i,13n,75p,1222b,533s stack positions out of 10000i,1000n,20000p,200000b,200000s
!  ==> Fatal error occurred, no output PDF file produced!
