\BOOKMARK [0][-]{chapter*.2}{\376\377\000P\000r\000e\000f\000a\000c\000e}{}% 1
\BOOKMARK [-1][-]{part.1}{\376\377\000I\000\040\000R\000e\000p\000a\000i\000r\000\040\000T\000h\000e\000o\000r\000y}{}% 2
\BOOKMARK [0][-]{chapter.1}{\376\377\000M\000o\000d\000e\000l\000s\000,\000\040\000O\000b\000s\000e\000r\000v\000a\000t\000i\000o\000n\000s\000,\000\040\000a\000n\000d\000\040\000R\000e\000s\000i\000d\000u\000a\000l\000s}{part.1}% 3
\BOOKMARK [1][-]{section.1.1}{\376\377\000B\000a\000s\000i\000c\000\040\000S\000e\000t\000u\000p}{chapter.1}% 4
\BOOKMARK [1][-]{section.1.2}{\376\377\000T\000h\000e\000\040\000S\000c\000a\000l\000a\000r\000\040\000V\000i\000e\000w\000\040\000o\000f\000\040\000L\000e\000a\000r\000n\000i\000n\000g}{chapter.1}% 5
\BOOKMARK [1][-]{section.1.3}{\376\377\000T\000r\000a\000j\000e\000c\000t\000o\000r\000i\000e\000s\000\040\000a\000n\000d\000\040\000T\000r\000a\000j\000e\000c\000t\000o\000r\000y\000\040\000M\000a\000n\000i\000f\000o\000l\000d\000s}{chapter.1}% 6
\BOOKMARK [0][-]{chapter.2}{\376\377\000T\000h\000e\000\040\000A\000l\000g\000e\000b\000r\000a\000\040\000o\000f\000\040\000R\000e\000p\000a\000i\000r}{part.1}% 7
\BOOKMARK [1][-]{section.2.1}{\376\377\000R\000e\000p\000a\000i\000r\000\040\000O\000p\000e\000r\000a\000t\000i\000o\000n\000s\000\040\000a\000n\000d\000\040\000t\000h\000e\000\040\000R\000e\000l\000a\000t\000i\000o\000n\000a\000l\000\040\000C\000h\000a\000r\000a\000c\000t\000e\000r\000\040\000o\000f\000\040\000P\000e\000r\000s\000i\000s\000t\000e\000n\000c\000e}{chapter.2}% 8
\BOOKMARK [1][-]{section.2.2}{\376\377\000T\000h\000e\000\040\000P\000e\000r\000s\000i\000s\000t\000e\000n\000c\000e\000\040\000I\000n\000v\000a\000r\000i\000a\000n\000t\000\040\000a\000n\000d\000\040\000F\000i\000x\000e\000d\000\040\000P\000o\000i\000n\000t\000s}{chapter.2}% 9
\BOOKMARK [1][-]{section.2.3}{\376\377\000T\000h\000e\000\040\000R\000e\000p\000a\000i\000r\000\040\000H\000i\000e\000r\000a\000r\000c\000h\000y}{chapter.2}% 10
\BOOKMARK [1][-]{section.2.4}{\376\377\000R\000e\000p\000a\000i\000r\000\040\000T\000r\000i\000a\000g\000e}{chapter.2}% 11
\BOOKMARK [0][-]{chapter.3}{\376\377\000R\000e\000p\000a\000i\000r\000\040\000a\000s\000\040\000E\000x\000p\000e\000r\000i\000m\000e\000n\000t}{part.1}% 12
\BOOKMARK [1][-]{section.3.1}{\376\377\000T\000h\000e\000\040\000E\000p\000i\000s\000t\000e\000m\000i\000c\000\040\000S\000t\000a\000t\000u\000s\000\040\000o\000f\000\040\000F\000a\000i\000l\000e\000d\000\040\000R\000e\000p\000a\000i\000r\000s}{chapter.3}% 13
\BOOKMARK [1][-]{section.3.2}{\376\377\000T\000h\000e\000\040\000M\000e\000m\000o\000r\000y\000\040\000R\000e\000q\000u\000i\000r\000e\000m\000e\000n\000t}{chapter.3}% 14
\BOOKMARK [1][-]{section.3.3}{\376\377\000T\000h\000e\000\040\000A\000d\000m\000i\000s\000s\000i\000b\000i\000l\000i\000t\000y\000\040\000L\000o\000g}{chapter.3}% 15
\BOOKMARK [1][-]{section.3.4}{\376\377\000R\000e\000p\000a\000i\000r\000\040\000T\000r\000i\000a\000g\000e\000\040\000a\000s\000\040\000t\000h\000e\000\040\000P\000r\000i\000m\000a\000r\000y\000\040\000O\000p\000e\000r\000a\000t\000i\000o\000n\000\040\000o\000f\000\040\000L\000e\000a\000r\000n\000i\000n\000g}{chapter.3}% 16
\BOOKMARK [-1][-]{part.2}{\376\377\000I\000I\000\040\000P\000e\000r\000s\000i\000s\000t\000e\000n\000c\000e\000\040\000T\000h\000e\000o\000r\000y}{}% 17
\BOOKMARK [0][-]{chapter.4}{\376\377\000W\000h\000y\000\040\000S\000o\000m\000e\000\040\000A\000n\000o\000m\000a\000l\000i\000e\000s\000\040\000S\000u\000r\000v\000i\000v\000e}{part.2}% 18
\BOOKMARK [1][-]{section.4.1}{\376\377\000T\000h\000e\000\040\000I\000n\000f\000o\000r\000m\000a\000t\000i\000o\000n\000\040\000C\000o\000n\000t\000e\000n\000t\000\040\000o\000f\000\040\000P\000e\000r\000s\000i\000s\000t\000e\000n\000c\000e}{chapter.4}% 19
\BOOKMARK [1][-]{section.4.2}{\376\377\000P\000a\000r\000a\000m\000e\000t\000e\000r\000\040\000E\000r\000r\000o\000r\000\040\000v\000e\000r\000s\000u\000s\000\040\000S\000t\000r\000u\000c\000t\000u\000r\000a\000l\000\040\000E\000r\000r\000o\000r}{chapter.4}% 20
\BOOKMARK [1][-]{section.4.3}{\376\377\000T\000h\000e\000\040\000S\000p\000e\000c\000t\000r\000a\000l\000\040\000D\000e\000c\000o\000m\000p\000o\000s\000i\000t\000i\000o\000n\000\040\000o\000f\000\040\000P\000e\000r\000s\000i\000s\000t\000e\000n\000c\000e}{chapter.4}% 21
\BOOKMARK [1][-]{section.4.4}{\376\377\000R\000e\000p\000a\000i\000r\000\040\000C\000u\000r\000v\000a\000t\000u\000r\000e\000\040\000a\000n\000d\000\040\000R\000e\000p\000a\000i\000r\000\040\000E\000n\000t\000r\000o\000p\000y}{chapter.4}% 22
\BOOKMARK [1][-]{section.4.5}{\376\377\000L\000o\000c\000a\000l\000\040\000a\000n\000d\000\040\000G\000l\000o\000b\000a\000l\000\040\000P\000e\000r\000s\000i\000s\000t\000e\000n\000c\000e\000;\000\040\000F\000r\000a\000g\000i\000l\000i\000t\000y}{chapter.4}% 23
\BOOKMARK [0][-]{chapter.5}{\376\377\000T\000h\000e\000\040\000A\000n\000a\000t\000o\000m\000y\000\040\000o\000f\000\040\000S\000t\000u\000b\000b\000o\000r\000n\000n\000e\000s\000s}{part.2}% 24
\BOOKMARK [1][-]{section.5.1}{\376\377\000H\000i\000s\000t\000o\000r\000i\000c\000a\000l\000\040\000C\000a\000s\000e\000s}{chapter.5}% 25
\BOOKMARK [2][-]{subsection.5.1.1}{\376\377\000T\000h\000e\000\040\000P\000e\000r\000i\000h\000e\000l\000i\000o\000n\000\040\000o\000f\000\040\000M\000e\000r\000c\000u\000r\000y}{section.5.1}% 26
\BOOKMARK [2][-]{subsection.5.1.2}{\376\377\000T\000h\000e\000\040\000M\000i\000c\000h\000e\000l\000s\000o\000n\040\023\000M\000o\000r\000l\000e\000y\000\040\000E\000x\000p\000e\000r\000i\000m\000e\000n\000t}{section.5.1}% 27
\BOOKMARK [2][-]{subsection.5.1.3}{\376\377\000B\000l\000a\000c\000k\000b\000o\000d\000y\000\040\000R\000a\000d\000i\000a\000t\000i\000o\000n\000\040\000a\000n\000d\000\040\000t\000h\000e\000\040\000U\000l\000t\000r\000a\000v\000i\000o\000l\000e\000t\000\040\000C\000a\000t\000a\000s\000t\000r\000o\000p\000h\000e}{section.5.1}% 28
\BOOKMARK [1][-]{section.5.2}{\376\377\000C\000o\000m\000m\000o\000n\000\040\000S\000t\000r\000u\000c\000t\000u\000r\000e}{chapter.5}% 29
\BOOKMARK [-1][-]{part.3}{\376\377\000I\000I\000I\000\040\000T\000o\000p\000o\000l\000o\000g\000i\000c\000a\000l\000\040\000a\000n\000d\000\040\000C\000a\000t\000e\000g\000o\000r\000i\000c\000a\000l\000\040\000O\000b\000s\000t\000r\000u\000c\000t\000i\000o\000n\000s}{}% 30
\BOOKMARK [0][-]{chapter.6}{\376\377\000A\000\040\000H\000i\000e\000r\000a\000r\000c\000h\000y\000\040\000o\000f\000\040\000D\000i\000s\000c\000r\000e\000p\000a\000n\000c\000y}{part.3}% 31
\BOOKMARK [1][-]{section.6.1}{\376\377\000T\000w\000o\000\040\000O\000r\000t\000h\000o\000g\000o\000n\000a\000l\000\040\000A\000x\000e\000s}{chapter.6}% 32
\BOOKMARK [2][-]{subsection.6.1.1}{\376\377\000A\000x\000i\000s\000\040\000I\000:\000\040\000T\000y\000p\000e\000\040\000o\000f\000\040\000D\000i\000s\000c\000r\000e\000p\000a\000n\000c\000y}{section.6.1}% 33
\BOOKMARK [2][-]{subsection.6.1.2}{\376\377\000A\000x\000i\000s\000\040\000I\000I\000:\000\040\000P\000e\000r\000s\000i\000s\000t\000e\000n\000c\000e\000\040\000C\000h\000a\000r\000a\000c\000t\000e\000r}{section.6.1}% 34
\BOOKMARK [1][-]{section.6.2}{\376\377\000T\000h\000e\000\040\000D\000i\000s\000c\000r\000e\000p\000a\000n\000c\000y\000\040\000M\000a\000t\000r\000i\000x}{chapter.6}% 35
\BOOKMARK [1][-]{section.6.3}{\376\377\000W\000h\000y\000\040\000T\000y\000p\000e\000s\000\040\000M\000a\000t\000t\000e\000r}{chapter.6}% 36
\BOOKMARK [0][-]{chapter.7}{\376\377\000N\000o\000n\000-\000A\000b\000e\000l\000i\000a\000n\000\040\000T\000e\000a\000r\000s}{part.3}% 37
\BOOKMARK [1][-]{section.7.1}{\376\377\000A\000b\000e\000l\000i\000a\000n\000\040\000a\000n\000d\000\040\000N\000o\000n\000-\000A\000b\000e\000l\000i\000a\000n\000\040\000S\000t\000r\000u\000c\000t\000u\000r\000e}{chapter.7}% 38
\BOOKMARK [1][-]{section.7.2}{\376\377\000S\000m\000a\000l\000l\000\040\000M\000e\000t\000r\000i\000c\000\040\000D\000i\000s\000t\000a\000n\000c\000e\000,\000\040\000L\000a\000r\000g\000e\000\040\000T\000o\000p\000o\000l\000o\000g\000i\000c\000a\000l\000\040\000D\000i\000s\000t\000a\000n\000c\000e}{chapter.7}% 39
\BOOKMARK [1][-]{section.7.3}{\376\377\000H\000o\000l\000o\000n\000o\000m\000y\000\040\000a\000s\000\040\000a\000\040\000D\000i\000a\000g\000n\000o\000s\000t\000i\000c}{chapter.7}% 40
\BOOKMARK [1][-]{section.7.4}{\376\377\000S\000a\000l\000i\000e\000n\000c\000y\000\040\000a\000s\000\040\000A\000c\000c\000u\000m\000u\000l\000a\000t\000e\000d\000\040\000C\000u\000r\000v\000a\000t\000u\000r\000e}{chapter.7}% 41
\BOOKMARK [0][-]{chapter.8}{\376\377\000T\000h\000e\000\040\000P\000e\000r\000s\000i\000s\000t\000e\000n\000c\000e\040\023\000O\000b\000s\000t\000r\000u\000c\000t\000i\000o\000n\000\040\000S\000c\000h\000e\000m\000a}{part.3}% 42
\BOOKMARK [1][-]{section.8.1}{\376\377\000S\000t\000a\000t\000e\000m\000e\000n\000t}{chapter.8}% 43
\BOOKMARK [1][-]{section.8.2}{\376\377\000T\000h\000e\000\040\000C\000o\000n\000v\000e\000r\000g\000e\000n\000c\000e\000\040\000G\000a\000p}{chapter.8}% 44
\BOOKMARK [1][-]{section.8.3}{\376\377\000T\000h\000e\000\040\000R\000e\000p\000a\000i\000r\000\040\000L\000a\000n\000d\000s\000c\000a\000p\000e}{chapter.8}% 45
\BOOKMARK [1][-]{section.8.4}{\376\377\000T\000h\000e\000\040\000P\000e\000r\000s\000i\000s\000t\000e\000n\000c\000e\000\040\000P\000r\000i\000n\000c\000i\000p\000l\000e}{chapter.8}% 46
\BOOKMARK [-1][-]{part.4}{\376\377\000I\000V\000\040\000A\000d\000m\000i\000s\000s\000i\000b\000i\000l\000i\000t\000y\000\040\000a\000n\000d\000\040\000O\000n\000t\000o\000l\000o\000g\000y\000\040\000B\000o\000u\000n\000d\000a\000r\000i\000e\000s}{}% 47
\BOOKMARK [0][-]{chapter.9}{\376\377\000A\000d\000m\000i\000s\000s\000i\000b\000i\000l\000i\000t\000y\000\040\000M\000a\000n\000i\000f\000o\000l\000d\000s}{part.4}% 48
\BOOKMARK [1][-]{section.9.1}{\376\377\000A\000d\000m\000i\000s\000s\000i\000b\000i\000l\000i\000t\000y\000\040\000a\000s\000\040\000C\000o\000n\000t\000i\000n\000u\000a\000t\000i\000o\000n}{chapter.9}% 49
\BOOKMARK [1][-]{section.9.2}{\376\377\000T\000h\000e\000\040\000B\000o\000u\000n\000d\000a\000r\000y\000\040\000o\000f\000\040\000A\000d\000m\000i\000s\000s\000i\000b\000i\000l\000i\000t\000y}{chapter.9}% 50
\BOOKMARK [1][-]{section.9.3}{\376\377\000R\000S\000V\000P\000\040\000C\000o\000n\000n\000e\000c\000t\000i\000o\000n\000s}{chapter.9}% 51
\BOOKMARK [0][-]{chapter.10}{\376\377\000O\000n\000t\000o\000l\000o\000g\000y\000\040\000R\000e\000v\000i\000s\000i\000o\000n}{part.4}% 52
\BOOKMARK [1][-]{section.10.1}{\376\377\000W\000h\000e\000n\000\040\000t\000h\000e\000\040\000C\000o\000o\000r\000d\000i\000n\000a\000t\000e\000\040\000C\000h\000a\000r\000t\000\040\000i\000s\000\040\000E\000x\000h\000a\000u\000s\000t\000e\000d}{chapter.10}% 53
\BOOKMARK [1][-]{section.10.2}{\376\377\000R\000e\000p\000r\000e\000s\000e\000n\000t\000a\000t\000i\000o\000n\000a\000l\000\040\000I\000n\000e\000r\000t\000i\000a\000\040\000a\000n\000d\000\040\000t\000h\000e\000\040\000R\000a\000r\000i\000t\000y\000\040\000o\000f\000\040\000R\000e\000v\000i\000s\000i\000o\000n}{chapter.10}% 54
\BOOKMARK [1][-]{section.10.3}{\376\377\000T\000h\000e\000\040\000D\000i\000s\000s\000o\000l\000v\000i\000n\000g\000\040\000T\000e\000a\000r}{chapter.10}% 55
\BOOKMARK [1][-]{section.10.4}{\376\377\000O\000n\000t\000o\000l\000o\000g\000i\000c\000a\000l\000\040\000S\000a\000l\000i\000e\000n\000c\000y\000\040\000a\000n\000d\000\040\000R\000e\000p\000r\000e\000s\000e\000n\000t\000a\000t\000i\000o\000n\000a\000l\000\040\000D\000i\000v\000e\000r\000g\000e\000n\000c\000e}{chapter.10}% 56
\BOOKMARK [-1][-]{part.5}{\376\377\000V\000\040\000L\000e\000a\000r\000n\000i\000n\000g\000\040\000a\000n\000d\000\040\000R\000e\000p\000r\000e\000s\000e\000n\000t\000a\000t\000i\000o\000n}{}% 57
\BOOKMARK [0][-]{chapter.11}{\376\377\000A\000g\000a\000i\000n\000s\000t\000\040\000E\000r\000r\000o\000r\000\040\000M\000i\000n\000i\000m\000i\000z\000a\000t\000i\000o\000n}{part.5}% 58
\BOOKMARK [1][-]{section.11.1}{\376\377\000T\000h\000e\000\040\000S\000t\000a\000n\000d\000a\000r\000d\000\040\000A\000c\000c\000o\000u\000n\000t\000\040\000a\000n\000d\000\040\000I\000t\000s\000\040\000C\000o\000n\000c\000e\000a\000l\000e\000d\000\040\000L\000i\000m\000i\000t\000s}{chapter.11}% 59
\BOOKMARK [1][-]{section.11.2}{\376\377\000W\000h\000a\000t\000\040\000E\000r\000r\000o\000r\000\040\000M\000i\000n\000i\000m\000i\000z\000a\000t\000i\000o\000n\000\040\000C\000a\000n\000n\000o\000t\000\040\000S\000e\000e}{chapter.11}% 60
\BOOKMARK [1][-]{section.11.3}{\376\377\000G\000r\000a\000d\000i\000e\000n\000t\000\040\000D\000e\000s\000c\000e\000n\000t\000\040\000a\000s\000\040\000L\000e\000v\000e\000l\000-\0000\000\040\000R\000e\000p\000a\000i\000r}{chapter.11}% 61
\BOOKMARK [0][-]{chapter.12}{\376\377\000P\000e\000r\000s\000i\000s\000t\000e\000n\000c\000e\000-\000D\000r\000i\000v\000e\000n\000\040\000L\000e\000a\000r\000n\000i\000n\000g}{part.5}% 62
\BOOKMARK [1][-]{section.12.1}{\376\377\000T\000r\000a\000c\000k\000i\000n\000g\000\040\000t\000h\000e\000\040\000R\000e\000p\000a\000i\000r\000\040\000H\000i\000s\000t\000o\000r\000y}{chapter.12}% 63
\BOOKMARK [1][-]{section.12.2}{\376\377\000P\000e\000r\000s\000i\000s\000t\000e\000n\000c\000e\000-\000W\000e\000i\000g\000h\000t\000e\000d\000\040\000A\000t\000t\000e\000n\000t\000i\000o\000n}{chapter.12}% 64
\BOOKMARK [1][-]{section.12.3}{\376\377\000D\000e\000t\000e\000c\000t\000i\000n\000g\000\040\000R\000e\000p\000r\000e\000s\000e\000n\000t\000a\000t\000i\000o\000n\000a\000l\000\040\000B\000o\000u\000n\000d\000a\000r\000i\000e\000s\000\040\000D\000u\000r\000i\000n\000g\000\040\000T\000r\000a\000i\000n\000i\000n\000g}{chapter.12}% 65
\BOOKMARK [0][-]{chapter.13}{\376\377\000O\000n\000t\000o\000l\000o\000g\000y\000-\000E\000x\000p\000a\000n\000d\000i\000n\000g\000\040\000L\000e\000a\000r\000n\000i\000n\000g}{part.5}% 66
\BOOKMARK [1][-]{section.13.1}{\376\377\000L\000e\000a\000r\000n\000i\000n\000g\000\040\000a\000s\000\040\000R\000e\000p\000r\000e\000s\000e\000n\000t\000a\000t\000i\000o\000n\000a\000l\000\040\000G\000r\000o\000w\000t\000h}{chapter.13}% 67
\BOOKMARK [1][-]{section.13.2}{\376\377\000P\000e\000r\000s\000i\000s\000t\000e\000n\000t\000\040\000A\000n\000o\000m\000a\000l\000i\000e\000s\000\040\000a\000s\000\040\000G\000e\000n\000e\000r\000a\000t\000o\000r\000s}{chapter.13}% 68
\BOOKMARK [1][-]{section.13.3}{\376\377\000T\000h\000e\000\040\000G\000e\000o\000m\000e\000t\000r\000y\000\040\000o\000f\000\040\000R\000e\000p\000a\000i\000r\000\040\000S\000p\000a\000c\000e}{chapter.13}% 69
\BOOKMARK [1][-]{section.13.4}{\376\377\000C\000L\000I\000O\000\040\000P\000r\000o\000j\000e\000c\000t\000i\000o\000n\000\040\000F\000a\000i\000l\000u\000r\000e\000s\000\040\000a\000s\000\040\000O\000n\000t\000o\000l\000o\000g\000y\000\040\000R\000e\000v\000i\000s\000i\000o\000n}{chapter.13}% 70
\BOOKMARK [-1][-]{part.6}{\376\377\000V\000I\000\040\000S\000u\000p\000p\000r\000e\000s\000s\000e\000d\000\040\000T\000e\000a\000r\000s}{}% 71
\BOOKMARK [0][-]{chapter.14}{\376\377\000H\000o\000w\000\040\000T\000e\000a\000r\000s\000\040\000G\000e\000t\000\040\000H\000i\000d\000d\000e\000n}{part.6}% 72
\BOOKMARK [1][-]{section.14.1}{\376\377\000T\000h\000e\000\040\000D\000u\000a\000l\000\040\000o\000f\000\040\000t\000h\000e\000\040\000P\000e\000r\000s\000i\000s\000t\000e\000n\000c\000e\000\040\000P\000r\000i\000n\000c\000i\000p\000l\000e}{chapter.14}% 73
\BOOKMARK [1][-]{section.14.2}{\376\377\000T\000h\000r\000e\000e\000\040\000M\000e\000c\000h\000a\000n\000i\000s\000m\000s\000\040\000o\000f\000\040\000S\000u\000p\000p\000r\000e\000s\000s\000i\000o\000n}{chapter.14}% 74
\BOOKMARK [2][-]{subsection.14.2.1}{\376\377\000E\000x\000p\000r\000e\000s\000s\000i\000v\000e\000\040\000A\000l\000g\000e\000b\000r\000a\000\040\000C\000o\000n\000t\000a\000i\000n\000m\000e\000n\000t}{section.14.2}% 75
\BOOKMARK [2][-]{subsection.14.2.2}{\376\377\000C\000o\000m\000m\000i\000t\000m\000e\000n\000t\000\040\000A\000s\000y\000m\000m\000e\000t\000r\000y}{section.14.2}% 76
\BOOKMARK [2][-]{subsection.14.2.3}{\376\377\000P\000r\000o\000m\000o\000t\000i\000o\000n\000\040\000B\000l\000i\000n\000d\000n\000e\000s\000s}{section.14.2}% 77
\BOOKMARK [0][-]{chapter.15}{\376\377\000E\000p\000i\000c\000y\000c\000l\000e\000s\000\040\000a\000n\000d\000\040\000t\000h\000e\000\040\000C\000o\000n\000v\000e\000r\000g\000e\000n\000c\000e\000\040\000T\000r\000a\000p}{part.6}% 78
\BOOKMARK [1][-]{section.15.1}{\376\377\000T\000h\000e\000\040\000P\000t\000o\000l\000e\000m\000a\000i\000c\000\040\000S\000y\000s\000t\000e\000m\000\040\000a\000s\000\040\000a\000\040\000C\000a\000s\000e\000\040\000S\000t\000u\000d\000y}{chapter.15}% 79
\BOOKMARK [1][-]{section.15.2}{\376\377\000T\000h\000e\000\040\000C\000o\000n\000v\000e\000r\000g\000e\000n\000c\000e\000\040\000T\000r\000a\000p}{chapter.15}% 80
\BOOKMARK [0][-]{chapter.16}{\376\377\000O\000v\000e\000r\000f\000i\000t\000t\000i\000n\000g\000\040\000a\000n\000d\000\040\000t\000h\000e\000\040\000P\000t\000o\000l\000e\000m\000a\000i\000c\000\040\000P\000r\000i\000n\000c\000i\000p\000l\000e}{part.6}% 81
\BOOKMARK [1][-]{section.16.1}{\376\377\000C\000l\000a\000s\000s\000i\000c\000a\000l\000\040\000O\000v\000e\000r\000f\000i\000t\000t\000i\000n\000g\000\040\000a\000n\000d\000\040\000I\000t\000s\000\040\000T\000o\000p\000o\000l\000o\000g\000i\000c\000a\000l\000\040\000R\000e\000i\000n\000t\000e\000r\000p\000r\000e\000t\000a\000t\000i\000o\000n}{chapter.16}% 82
\BOOKMARK [1][-]{section.16.2}{\376\377\000G\000e\000n\000e\000r\000a\000l\000i\000z\000a\000t\000i\000o\000n\000\040\000a\000s\000\040\000T\000o\000p\000o\000l\000o\000g\000i\000c\000a\000l\000\040\000C\000o\000m\000p\000a\000t\000i\000b\000i\000l\000i\000t\000y}{chapter.16}% 83
\BOOKMARK [1][-]{section.16.3}{\376\377\000T\000h\000e\000\040\000P\000t\000o\000l\000e\000m\000a\000i\000c\000\040\000P\000r\000i\000n\000c\000i\000p\000l\000e}{chapter.16}% 84
\BOOKMARK [-1][-]{part.7}{\376\377\000V\000I\000I\000\040\000A\000p\000p\000l\000i\000c\000a\000t\000i\000o\000n\000s}{}% 85
\BOOKMARK [0][-]{chapter.17}{\376\377\000M\000e\000r\000c\000u\000r\000y\000\040\000a\000n\000d\000\040\000G\000e\000n\000e\000r\000a\000l\000\040\000R\000e\000l\000a\000t\000i\000v\000i\000t\000y}{part.7}% 86
\BOOKMARK [1][-]{section.17.1}{\376\377\000T\000h\000e\000\040\000A\000n\000o\000m\000a\000l\000y}{chapter.17}% 87
\BOOKMARK [2][-]{subsection.17.1.1}{\376\377\000L\000e\000v\000e\000l\000-\0000\000\040\000R\000e\000p\000a\000i\000r\000s}{section.17.1}% 88
\BOOKMARK [2][-]{subsection.17.1.2}{\376\377\000L\000e\000v\000e\000l\000-\0001\000\040\000R\000e\000p\000a\000i\000r\000s}{section.17.1}% 89
\BOOKMARK [2][-]{subsection.17.1.3}{\376\377\000L\000e\000v\000e\000l\000-\0002\000\040\000R\000e\000p\000a\000i\000r\000s}{section.17.1}% 90
\BOOKMARK [2][-]{subsection.17.1.4}{\376\377\000T\000h\000e\000\040\000O\000n\000t\000o\000l\000o\000g\000y\000\040\000R\000e\000v\000i\000s\000i\000o\000n}{section.17.1}% 91
\BOOKMARK [1][-]{section.17.2}{\376\377\000W\000h\000a\000t\000\040\000t\000h\000e\000\040\000P\000e\000r\000s\000i\000s\000t\000e\000n\000c\000e\000\040\000F\000r\000a\000m\000e\000w\000o\000r\000k\000\040\000A\000d\000d\000s}{chapter.17}% 92
\BOOKMARK [0][-]{chapter.18}{\376\377\000S\000c\000i\000e\000n\000t\000i\000f\000i\000c\000\040\000R\000e\000v\000o\000l\000u\000t\000i\000o\000n\000s\000\040\000a\000s\000\040\000O\000n\000t\000o\000l\000o\000g\000y\000\040\000R\000e\000v\000i\000s\000i\000o\000n}{part.7}% 93
\BOOKMARK [1][-]{section.18.1}{\376\377\000A\000\040\000P\000e\000r\000s\000i\000s\000t\000e\000n\000c\000e\000-\000B\000a\000s\000e\000d\000\040\000A\000c\000c\000o\000u\000n\000t\000\040\000o\000f\000\040\000S\000c\000i\000e\000n\000t\000i\000f\000i\000c\000\040\000C\000h\000a\000n\000g\000e}{chapter.18}% 94
\BOOKMARK [1][-]{section.18.2}{\376\377\000T\000h\000e\000\040\000R\000o\000l\000e\000\040\000o\000f\000\040\000A\000n\000o\000m\000a\000l\000y\000\040\000P\000e\000r\000s\000i\000s\000t\000e\000n\000c\000e\000\040\000i\000n\000\040\000D\000i\000s\000c\000o\000v\000e\000r\000y}{chapter.18}% 95
\BOOKMARK [1][-]{section.18.3}{\376\377\000S\000c\000i\000e\000n\000c\000e\000\040\000a\000s\000\040\000C\000o\000l\000l\000e\000c\000t\000i\000v\000e\000\040\000T\000r\000i\000a\000g\000e}{chapter.18}% 96
\BOOKMARK [0][-]{chapter.19}{\376\377\000B\000i\000o\000l\000o\000g\000i\000c\000a\000l\000\040\000A\000d\000a\000p\000t\000a\000t\000i\000o\000n}{part.7}% 97
\BOOKMARK [1][-]{section.19.1}{\376\377\000E\000v\000o\000l\000u\000t\000i\000o\000n\000\040\000a\000s\000\040\000P\000e\000r\000s\000i\000s\000t\000e\000n\000t\000\040\000A\000n\000o\000m\000a\000l\000y\000\040\000P\000r\000o\000c\000e\000s\000s\000i\000n\000g}{chapter.19}% 98
\BOOKMARK [1][-]{section.19.2}{\376\377\000S\000p\000e\000c\000i\000a\000t\000i\000o\000n\000\040\000a\000s\000\040\000O\000n\000t\000o\000l\000o\000g\000y\000\040\000R\000e\000v\000i\000s\000i\000o\000n}{chapter.19}% 99
\BOOKMARK [1][-]{section.19.3}{\376\377\000D\000e\000v\000e\000l\000o\000p\000m\000e\000n\000t\000a\000l\000\040\000R\000e\000g\000u\000l\000a\000t\000i\000o\000n}{chapter.19}% 100
\BOOKMARK [0][-]{chapter.20}{\376\377\000M\000a\000c\000h\000i\000n\000e\000\040\000L\000e\000a\000r\000n\000i\000n\000g\000\040\000a\000n\000d\000\040\000R\000e\000p\000r\000e\000s\000e\000n\000t\000a\000t\000i\000o\000n}{part.7}% 101
\BOOKMARK [1][-]{section.20.1}{\376\377\000F\000o\000u\000n\000d\000a\000t\000i\000o\000n\000\040\000M\000o\000d\000e\000l\000s\000\040\000a\000n\000d\000\040\000t\000h\000e\000\040\000P\000e\000r\000s\000i\000s\000t\000e\000n\000c\000e\000\040\000P\000r\000o\000b\000l\000e\000m}{chapter.20}% 102
\BOOKMARK [1][-]{section.20.2}{\376\377\000R\000e\000p\000r\000e\000s\000e\000n\000t\000a\000t\000i\000o\000n\000\040\000L\000e\000a\000r\000n\000i\000n\000g\000\040\000a\000n\000d\000\040\000T\000o\000p\000o\000l\000o\000g\000i\000c\000a\000l\000\040\000F\000i\000d\000e\000l\000i\000t\000y}{chapter.20}% 103
\BOOKMARK [1][-]{section.20.3}{\376\377\000A\000\040\000R\000e\000s\000e\000a\000r\000c\000h\000\040\000A\000g\000e\000n\000d\000a}{chapter.20}% 104
\BOOKMARK [0][-]{chapter.21}{\376\377\000R\000S\000V\000P\000,\000\040\000C\000L\000I\000O\000,\000\040\000a\000n\000d\000\040\000A\000d\000m\000i\000s\000s\000i\000b\000i\000l\000i\000t\000y\000\040\000F\000i\000e\000l\000d\000s}{part.7}% 105
\BOOKMARK [1][-]{section.21.1}{\376\377\000T\000h\000e\000\040\000R\000S\000V\000P\000\040\000F\000r\000a\000m\000e\000w\000o\000r\000k}{chapter.21}% 106
\BOOKMARK [1][-]{section.21.2}{\376\377\000N\000o\000n\000-\000A\000b\000e\000l\000i\000a\000n\000\040\000T\000e\000a\000r\000s\000\040\000i\000n\000\040\000R\000S\000V\000P}{chapter.21}% 107
\BOOKMARK [1][-]{section.21.3}{\376\377\000C\000L\000I\000O\000\040\000P\000r\000o\000j\000e\000c\000t\000i\000o\000n\000\040\000a\000n\000d\000\040\000R\000e\000p\000r\000e\000s\000e\000n\000t\000a\000t\000i\000o\000n\000a\000l\000\040\000C\000o\000m\000p\000r\000e\000s\000s\000i\000o\000n}{chapter.21}% 108
\BOOKMARK [1][-]{section.21.4}{\376\377\000L\000a\000m\000p\000h\000r\000o\000d\000y\000n\000e\000\040\000R\000e\000l\000a\000x\000a\000t\000i\000o\000n\000\040\000a\000n\000d\000\040\000T\000e\000a\000r\000\040\000D\000i\000s\000s\000o\000l\000u\000t\000i\000o\000n}{chapter.21}% 109
\BOOKMARK [0][-]{chapter*.17}{\376\377\000C\000o\000n\000c\000l\000u\000s\000i\000o\000n}{part.7}% 110
\BOOKMARK [0][-]{chapter*.18}{\376\377\000B\000i\000b\000l\000i\000o\000g\000r\000a\000p\000h\000y}{part.7}% 111
