This is LuaHBTeX, Version 1.17.0 (TeX Live 2023/Debian)  (format=lualatex 2026.5.3)  19 JUL 2026 16:50
 restricted system commands enabled.
**persistent_anomalies.tex
(./persistent_anomalies.tex
LaTeX2e <2023-11-01> patch level 1
L3 programming layer <2024-01-22>
Lua module: luaotfload 2023-08-31 3.26 Lua based OpenType font support
Lua module: lualibs 2023-07-13 2.76 ConTeXt Lua standard libraries.
Lua module: lualibs-extended 2023-07-13 2.76 ConTeXt Lua libraries -- extended c
ollection.
luaotfload | conf : Root cache directory is "/home/flyxion/.texlive2023/texmf-va
r/luatex-cache/generic/names".
luaotfload | init : Loading fontloader "fontloader-2023-08-19.lua" from kpse-res
olved path "/usr/share/texlive/texmf-dist/tex/luatex/luaotfload/fontloader-2023-
08-19.lua".
Lua-only attribute luaotfload@noligature = 1
luaotfload | init : Context OpenType loader version 3.133
Inserting `luaotfload.node_processor' in `pre_linebreak_filter'.
Inserting `luaotfload.node_processor' in `hpack_filter'.
Inserting `luaotfload.glyph_stream' in `glyph_stream_provider'.
Inserting `luaotfload.define_font' in `define_font'.
Lua-only attribute luaotfload_color_attribute = 2
luaotfload | conf : Root cache directory is "/home/flyxion/.texlive2023/texmf-va
r/luatex-cache/generic/names".
Inserting `luaotfload.harf.strip_prefix' in `find_opentype_file'.
Inserting `luaotfload.harf.strip_prefix' in `find_truetype_file'.
Removing  `luaotfload.glyph_stream' from `glyph_stream_provider'.
Inserting `luaotfload.harf.glyphstream' in `glyph_stream_provider'.
Inserting `luaotfload.harf.finalize_vlist' in `post_linebreak_filter'.
Inserting `luaotfload.harf.finalize_hlist' in `hpack_filter'.
Inserting `luaotfload.cleanup_files' in `wrapup_run'.
Inserting `luaotfload.harf.finalize_unicode' in `finish_pdffile'.
Inserting `luaotfload.glyphinfo' in `glyph_info'.
Lua-only attribute luaotfload.letterspace_done = 3
Inserting `luaotfload.aux.set_sscale_dimens' in `luaotfload.patch_font'.
Inserting `luaotfload.aux.set_font_index' in `luaotfload.patch_font'.
Inserting `luaotfload.aux.patch_cambria_domh' in `luaotfload.patch_font'.
Inserting `luaotfload.aux.fixup_fontdata' in `luaotfload.patch_font_unsafe'.
Inserting `luaotfload.aux.set_capheight' in `luaotfload.patch_font'.
Inserting `luaotfload.aux.set_xheight' in `luaotfload.patch_font'.
Inserting `luaotfload.rewrite_fontname' in `luaotfload.patch_font'.
Inserting `tracingstacklevels' in `input_level_string'. (/usr/share/texlive/tex
mf-dist/tex/latex/base/book.cls
Document Class: book 2023/05/17 v1.4n Standard LaTeX document class
(/usr/share/texlive/texmf-dist/tex/latex/base/bk12.clo
File: bk12.clo 2023/05/17 v1.4n Standard LaTeX file (size option)
luaotfload | db : Font names database loaded from /home/flyxion/.texlive2023/tex
mf-var/luatex-cache/generic/names/luaotfload-names.luc.gz)
\c@part=\count185
\c@chapter=\count186
\c@section=\count187
\c@subsection=\count188
\c@subsubsection=\count189
\c@paragraph=\count190
\c@subparagraph=\count191
\c@figure=\count192
\c@table=\count193
\abovecaptionskip=\skip48
\belowcaptionskip=\skip49
\bibindent=\dimen139
)
(/usr/share/texlive/texmf-dist/tex/latex/base/fontenc.sty
Package: fontenc 2021/04/29 v2.0v Standard LaTeX package
LaTeX Font Info:    Trying to load font information for T1+lmr on input line 11
2.

(/usr/share/texmf/tex/latex/lm/t1lmr.fd
File: t1lmr.fd 2015/05/01 v1.6.1 Font defs for Latin Modern
))
(/usr/share/texlive/texmf-dist/tex/latex/base/inputenc.sty
Package: inputenc 2021/02/14 v1.3d Input encoding file
\inpenc@prehook=\toks17
\inpenc@posthook=\toks18


Package inputenc Warning: inputenc package ignored with utf8 based engines.

) (/usr/share/texlive/texmf-dist/tex/latex/geometry/geometry.sty
Package: geometry 2020/01/02 v5.9 Page Geometry

(/usr/share/texlive/texmf-dist/tex/latex/graphics/keyval.sty
Package: keyval 2022/05/29 v1.15 key=value parser (DPC)
\KV@toks@=\toks19
)
(/usr/share/texlive/texmf-dist/tex/generic/iftex/ifvtex.sty
Package: ifvtex 2019/10/25 v1.7 ifvtex legacy package. Use iftex instead.

(/usr/share/texlive/texmf-dist/tex/generic/iftex/iftex.sty
Package: iftex 2022/02/03 v1.0f TeX engine tests
))
\Gm@cnth=\count194
\Gm@cntv=\count195
\c@Gm@tempcnt=\count196
\Gm@bindingoffset=\dimen140
\Gm@wd@mp=\dimen141
\Gm@odd@mp=\dimen142
\Gm@even@mp=\dimen143
\Gm@layoutwidth=\dimen144
\Gm@layoutheight=\dimen145
\Gm@layouthoffset=\dimen146
\Gm@layoutvoffset=\dimen147
\Gm@dimlist=\toks20
)
(/usr/share/texlive/texmf-dist/tex/latex/amsmath/amsmath.sty
Package: amsmath 2023/05/13 v2.17o AMS math features
\@mathmargin=\skip50

For additional information on amsmath, use the `?' option.
(/usr/share/texlive/texmf-dist/tex/latex/amsmath/amstext.sty
Package: amstext 2021/08/26 v2.01 AMS text

(/usr/share/texlive/texmf-dist/tex/latex/amsmath/amsgen.sty
File: amsgen.sty 1999/11/30 v2.0 generic functions
\@emptytoks=\toks21
\ex@=\dimen148
))
(/usr/share/texlive/texmf-dist/tex/latex/amsmath/amsbsy.sty
Package: amsbsy 1999/11/29 v1.2d Bold Symbols
\pmbraise@=\dimen149
)
(/usr/share/texlive/texmf-dist/tex/latex/amsmath/amsopn.sty
Package: amsopn 2022/04/08 v2.04 operator names
)
\inf@bad=\count197
LaTeX Info: Redefining \frac on input line 236.
\uproot@=\count198
\leftroot@=\count199
LaTeX Info: Redefining \overline on input line 399.
LaTeX Info: Redefining \colon on input line 410.
\classnum@=\count266
\DOTSCASE@=\count267
LaTeX Info: Redefining \ldots on input line 496.
LaTeX Info: Redefining \dots on input line 499.
LaTeX Info: Redefining \cdots on input line 620.
\Mathstrutbox@=\box51
\strutbox@=\box52
LaTeX Info: Redefining \big on input line 722.
LaTeX Info: Redefining \Big on input line 723.
LaTeX Info: Redefining \bigg on input line 724.
LaTeX Info: Redefining \Bigg on input line 725.
\big@size=\dimen150
LaTeX Font Info:    Redeclaring font encoding OML on input line 743.
LaTeX Font Info:    Redeclaring font encoding OMS on input line 744.
\macc@depth=\count268
LaTeX Info: Redefining \bmod on input line 905.
LaTeX Info: Redefining \pmod on input line 910.
LaTeX Info: Redefining \smash on input line 940.
LaTeX Info: Redefining \relbar on input line 970.
LaTeX Info: Redefining \Relbar on input line 971.
\c@MaxMatrixCols=\count269
\dotsspace@=\muskip16
\c@parentequation=\count270
\dspbrk@lvl=\count271
\tag@help=\toks22
\row@=\count272
\column@=\count273
\maxfields@=\count274
\andhelp@=\toks23
\eqnshift@=\dimen151
\alignsep@=\dimen152
\tagshift@=\dimen153
\tagwidth@=\dimen154
\totwidth@=\dimen155
\lineht@=\dimen156
\@envbody=\toks24
\multlinegap=\skip51
\multlinetaggap=\skip52
\mathdisplay@stack=\toks25
LaTeX Info: Redefining \[ on input line 2953.
LaTeX Info: Redefining \] on input line 2954.
)
(/usr/share/texlive/texmf-dist/tex/latex/amsfonts/amssymb.sty
Package: amssymb 2013/01/14 v3.01 AMS font symbols

(/usr/share/texlive/texmf-dist/tex/latex/amsfonts/amsfonts.sty
Package: amsfonts 2013/01/14 v3.01 Basic AMSFonts support
\symAMSa=\mathgroup4
\symAMSb=\mathgroup5
LaTeX Font Info:    Redeclaring math symbol \hbar on input line 98.
LaTeX Font Info:    Overwriting math alphabet `\mathfrak' in version `bold'
(Font)                  U/euf/m/n --> U/euf/b/n on input line 106.
))
(/usr/share/texlive/texmf-dist/tex/latex/amscls/amsthm.sty
Package: amsthm 2020/05/29 v2.20.6
\thm@style=\toks26
\thm@bodyfont=\toks27
\thm@headfont=\toks28
\thm@notefont=\toks29
\thm@headpunct=\toks30
\thm@preskip=\skip53
\thm@postskip=\skip54
\thm@headsep=\skip55
\dth@everypar=\toks31
)
(/usr/share/texlive/texmf-dist/tex/latex/mathtools/mathtools.sty
Package: mathtools 2022/06/29 v1.29 mathematical typesetting tools

(/usr/share/texlive/texmf-dist/tex/latex/tools/calc.sty
Package: calc 2023/07/08 v4.3 Infix arithmetic (KKT,FJ)
\calc@Acount=\count275
\calc@Bcount=\count276
\calc@Adimen=\dimen157
\calc@Bdimen=\dimen158
\calc@Askip=\skip56
\calc@Bskip=\skip57
LaTeX Info: Redefining \setlength on input line 80.
LaTeX Info: Redefining \addtolength on input line 81.
\calc@Ccount=\count277
\calc@Cskip=\skip58
)
(/usr/share/texlive/texmf-dist/tex/latex/mathtools/mhsetup.sty
Package: mhsetup 2021/03/18 v1.4 programming setup (MH)
)
\g_MT_multlinerow_int=\count278
\l_MT_multwidth_dim=\dimen159
\origjot=\skip59
\l_MT_shortvdotswithinadjustabove_dim=\dimen160
\l_MT_shortvdotswithinadjustbelow_dim=\dimen161
\l_MT_above_intertext_sep=\dimen162
\l_MT_below_intertext_sep=\dimen163
\l_MT_above_shortintertext_sep=\dimen164
\l_MT_below_shortintertext_sep=\dimen165
\xmathstrut@box=\box53
\xmathstrut@dim=\dimen166
)
(/usr/share/texlive/texmf-dist/tex/latex/booktabs/booktabs.sty
Package: booktabs 2020/01/12 v1.61803398 Publication quality tables
\heavyrulewidth=\dimen167
\lightrulewidth=\dimen168
\cmidrulewidth=\dimen169
\belowrulesep=\dimen170
\belowbottomsep=\dimen171
\aboverulesep=\dimen172
\abovetopsep=\dimen173
\cmidrulesep=\dimen174
\cmidrulekern=\dimen175
\defaultaddspace=\dimen176
\@cmidla=\count279
\@cmidlb=\count280
\@aboverulesep=\dimen177
\@belowrulesep=\dimen178
\@thisruleclass=\count281
\@lastruleclass=\count282
\@thisrulewidth=\dimen179
)
(/usr/share/texlive/texmf-dist/tex/latex/tools/array.sty
Package: array 2023/10/16 v2.5g Tabular extension package (FMi)
\col@sep=\dimen180
\ar@mcellbox=\box54
\extrarowheight=\dimen181
\NC@list=\toks32
\extratabsurround=\skip60
\backup@length=\skip61
\ar@cellbox=\box55
)
(/usr/share/texlive/texmf-dist/tex/latex/tools/longtable.sty
Package: longtable 2023-11-01 v4.19 Multi-page Table package (DPC)
\LTleft=\skip62
\LTright=\skip63
\LTpre=\skip64
\LTpost=\skip65
\LTchunksize=\count283
\LTcapwidth=\dimen182
\LT@head=\box56
\LT@firsthead=\box57
\LT@foot=\box58
\LT@lastfoot=\box59
\LT@gbox=\box60
\LT@cols=\count284
\LT@rows=\count285
\c@LT@tables=\count286
\c@LT@chunks=\count287
\LT@p@ftn=\toks33
)
(/usr/share/texlive/texmf-dist/tex/latex/enumitem/enumitem.sty
Package: enumitem 2019/06/20 v3.9 Customized lists
\labelindent=\skip66
\enit@outerparindent=\dimen183
\enit@toks=\toks34
\enit@inbox=\box61
\enit@count@id=\count288
\enitdp@description=\count289
)
(/usr/share/texlive/texmf-dist/tex/latex/setspace/setspace.sty
Package: setspace 2022/12/04 v6.7b set line spacing
)
(/usr/share/texlive/texmf-dist/tex/latex/fancyhdr/fancyhdr.sty
Package: fancyhdr 2022/11/09 v4.1 Extensive control of page headers and footers

\f@nch@headwidth=\skip67
\f@nch@O@elh=\skip68
\f@nch@O@erh=\skip69
\f@nch@O@olh=\skip70
\f@nch@O@orh=\skip71
\f@nch@O@elf=\skip72
\f@nch@O@erf=\skip73
\f@nch@O@olf=\skip74
\f@nch@O@orf=\skip75
)
(/usr/share/texlive/texmf-dist/tex/latex/titlesec/titlesec.sty
Package: titlesec 2023/10/27 v2.16 Sectioning titles
\ttl@box=\box62
\beforetitleunit=\skip76
\aftertitleunit=\skip77
\ttl@plus=\dimen184
\ttl@minus=\dimen185
\ttl@toksa=\toks35
\titlewidth=\dimen186
\titlewidthlast=\dimen187
\titlewidthfirst=\dimen188
)
(/usr/share/texlive/texmf-dist/tex/latex/titlesec/titletoc.sty
Package: titletoc 2023/10/27 v2.16 TOC entries
\ttl@leftsep=\dimen189
)
(/usr/share/texlive/texmf-dist/tex/latex/epigraph/epigraph.sty
Package: epigraph 2020/01/02 v1.5e typesetting epigraphs

(/usr/share/texlive/texmf-dist/tex/latex/nextpage/nextpage.sty
Package: nextpage 2009/09/03 v1.1a additional page commands
)
\beforeepigraphskip=\skip78
\afterepigraphskip=\skip79
\epigraphwidth=\skip80
\epigraphrule=\skip81
)
(/usr/share/texlive/texmf-dist/tex/latex/xcolor/xcolor.sty
Package: xcolor 2023/11/15 v3.01 LaTeX color extensions (UK)

(/usr/share/texlive/texmf-dist/tex/latex/graphics-cfg/color.cfg
File: color.cfg 2016/01/02 v1.6 sample color configuration
)
Package xcolor Info: Driver file: luatex.def on input line 274.

(/usr/share/texlive/texmf-dist/tex/latex/graphics-def/luatex.def
File: luatex.def 2022/09/22 v1.2d Graphics/color driver for luatex
)
(/usr/share/texlive/texmf-dist/tex/latex/graphics/mathcolor.ltx)
Package xcolor Info: Model `cmy' substituted by `cmy0' on input line 1350.
Package xcolor Info: Model `hsb' substituted by `rgb' on input line 1354.
Package xcolor Info: Model `RGB' extended on input line 1366.
Package xcolor Info: Model `HTML' substituted by `rgb' on input line 1368.
Package xcolor Info: Model `Hsb' substituted by `hsb' on input line 1369.
Package xcolor Info: Model `tHsb' substituted by `hsb' on input line 1370.
Package xcolor Info: Model `HSB' substituted by `hsb' on input line 1371.
Package xcolor Info: Model `Gray' substituted by `gray' on input line 1372.
Package xcolor Info: Model `wave' substituted by `hsb' on input line 1373.
)
(/usr/share/texlive/texmf-dist/tex/latex/mdframed/mdframed.sty
Package: mdframed 2013/07/01 1.9b: mdframed

(/usr/share/texlive/texmf-dist/tex/latex/kvoptions/kvoptions.sty
Package: kvoptions 2022-06-15 v3.15 Key value format for package options (HO)

(/usr/share/texlive/texmf-dist/tex/generic/ltxcmds/ltxcmds.sty
Package: ltxcmds 2023-12-04 v1.26 LaTeX kernel commands for general use (HO)
)
(/usr/share/texlive/texmf-dist/tex/latex/kvsetkeys/kvsetkeys.sty
Package: kvsetkeys 2022-10-05 v1.19 Key value parser (HO)
))
(/usr/share/texlive/texmf-dist/tex/latex/l3packages/xparse/xparse.sty
(/usr/share/texlive/texmf-dist/tex/latex/l3kernel/expl3.sty
Package: expl3 2024-01-22 L3 programming layer (loader) 

(/usr/share/texlive/texmf-dist/tex/latex/l3backend/l3backend-luatex.def
File: l3backend-luatex.def 2024-01-04 L3 backend support: PDF output (LuaTeX)
\l__color_backend_stack_int=\count290
Inserting `l3color' in `luaotfload.parse_color'.
\l__pdf_internal_box=\box63
))
Package: xparse 2023-10-10 L3 Experimental document command parser
)
(/usr/share/texlive/texmf-dist/tex/latex/etoolbox/etoolbox.sty
Package: etoolbox 2020/10/05 v2.5k e-TeX tools for LaTeX (JAW)
\etb@tempcnta=\count291
)
(/usr/share/texlive/texmf-dist/tex/latex/zref/zref-abspage.sty
Package: zref-abspage 2023-09-14 v2.35 Module abspage for zref (HO)

(/usr/share/texlive/texmf-dist/tex/latex/zref/zref-base.sty
Package: zref-base 2023-09-14 v2.35 Module base for zref (HO)

(/usr/share/texlive/texmf-dist/tex/generic/infwarerr/infwarerr.sty
Package: infwarerr 2019/12/03 v1.5 Providing info/warning/error messages (HO)
)
(/usr/share/texlive/texmf-dist/tex/generic/kvdefinekeys/kvdefinekeys.sty
Package: kvdefinekeys 2019-12-19 v1.6 Define keys (HO)
)
(/usr/share/texlive/texmf-dist/tex/generic/pdftexcmds/pdftexcmds.sty
Package: pdftexcmds 2020-06-27 v0.33 Utility functions of pdfTeX for LuaTeX (HO
)
Package pdftexcmds Info: \pdf@primitive is available.
Package pdftexcmds Info: \pdf@ifprimitive is available.
Package pdftexcmds Info: \pdfdraftmode found.
\pdftexcmds@toks=\toks36
)
(/usr/share/texlive/texmf-dist/tex/generic/etexcmds/etexcmds.sty
Package: etexcmds 2019/12/15 v1.7 Avoid name clashes with e-TeX commands (HO)
)
(/usr/share/texlive/texmf-dist/tex/latex/auxhook/auxhook.sty
Package: auxhook 2019-12-17 v1.6 Hooks for auxiliary files (HO)
)
Package zref Info: New property list: main on input line 767.
Package zref Info: New property: default on input line 768.
Package zref Info: New property: page on input line 769.
)
\c@abspage=\count292
Package zref Info: New property: abspage on input line 67.
)
(/usr/share/texlive/texmf-dist/tex/latex/needspace/needspace.sty
Package: needspace 2010/09/12 v1.3d reserve vertical space
)
\mdf@templength=\skip82
\c@mdf@globalstyle@cnt=\count293
\mdf@skipabove@length=\skip83
\mdf@skipbelow@length=\skip84
\mdf@leftmargin@length=\skip85
\mdf@rightmargin@length=\skip86
\mdf@innerleftmargin@length=\skip87
\mdf@innerrightmargin@length=\skip88
\mdf@innertopmargin@length=\skip89
\mdf@innerbottommargin@length=\skip90
\mdf@splittopskip@length=\skip91
\mdf@splitbottomskip@length=\skip92
\mdf@outermargin@length=\skip93
\mdf@innermargin@length=\skip94
\mdf@linewidth@length=\skip95
\mdf@innerlinewidth@length=\skip96
\mdf@middlelinewidth@length=\skip97
\mdf@outerlinewidth@length=\skip98
\mdf@roundcorner@length=\skip99
\mdf@footenotedistance@length=\skip100
\mdf@userdefinedwidth@length=\skip101
\mdf@needspace@length=\skip102
\mdf@frametitleaboveskip@length=\skip103
\mdf@frametitlebelowskip@length=\skip104
\mdf@frametitlerulewidth@length=\skip105
\mdf@frametitleleftmargin@length=\skip106
\mdf@frametitlerightmargin@length=\skip107
\mdf@shadowsize@length=\skip108
\mdf@extratopheight@length=\skip109
\mdf@subtitleabovelinewidth@length=\skip110
\mdf@subtitlebelowlinewidth@length=\skip111
\mdf@subtitleaboveskip@length=\skip112
\mdf@subtitlebelowskip@length=\skip113
\mdf@subtitleinneraboveskip@length=\skip114
\mdf@subtitleinnerbelowskip@length=\skip115
\mdf@subsubtitleabovelinewidth@length=\skip116
\mdf@subsubtitlebelowlinewidth@length=\skip117
\mdf@subsubtitleaboveskip@length=\skip118
\mdf@subsubtitlebelowskip@length=\skip119
\mdf@subsubtitleinneraboveskip@length=\skip120
\mdf@subsubtitleinnerbelowskip@length=\skip121

(/usr/share/texlive/texmf-dist/tex/latex/mdframed/md-frame-0.mdf
File: md-frame-0.mdf 2013/07/01\ 1.9b: md-frame-0
)
\mdf@frametitlebox=\box64
\mdf@footnotebox=\box65
\mdf@splitbox@one=\box66
\mdf@splitbox@two=\box67
\mdf@splitbox@save=\box68
\mdfsplitboxwidth=\skip122
\mdfsplitboxtotalwidth=\skip123
\mdfsplitboxheight=\skip124
\mdfsplitboxdepth=\skip125
\mdfsplitboxtotalheight=\skip126
\mdfframetitleboxwidth=\skip127
\mdfframetitleboxtotalwidth=\skip128
\mdfframetitleboxheight=\skip129
\mdfframetitleboxdepth=\skip130
\mdfframetitleboxtotalheight=\skip131
\mdffootnoteboxwidth=\skip132
\mdffootnoteboxtotalwidth=\skip133
\mdffootnoteboxheight=\skip134
\mdffootnoteboxdepth=\skip135
\mdffootnoteboxtotalheight=\skip136
\mdftotallinewidth=\skip137
\mdfboundingboxwidth=\skip138
\mdfboundingboxtotalwidth=\skip139
\mdfboundingboxheight=\skip140
\mdfboundingboxdepth=\skip141
\mdfboundingboxtotalheight=\skip142
\mdf@freevspace@length=\skip143
\mdf@horizontalwidthofbox@length=\skip144
\mdf@verticalmarginwhole@length=\skip145
\mdf@horizontalspaceofbox=\skip146
\mdfsubtitleheight=\skip147
\mdfsubsubtitleheight=\skip148
\c@mdfcountframes=\count294

****** mdframed patching \endmdf@trivlist

****** -- success******

\mdf@envdepth=\count295
\c@mdf@env@i=\count296
\c@mdf@env@ii=\count297
\c@mdf@zref@counter=\count298
Package zref Info: New property: mdf@pagevalue on input line 895.
)
(/usr/share/texlive/texmf-dist/tex/latex/hyperref/hyperref.sty
Package: hyperref 2024-01-20 v7.01h Hypertext links for LaTeX

(/usr/share/texlive/texmf-dist/tex/generic/pdfescape/pdfescape.sty
Package: pdfescape 2019/12/09 v1.15 Implements pdfTeX's escape features (HO)
)
(/usr/share/texlive/texmf-dist/tex/latex/hycolor/hycolor.sty
Package: hycolor 2020-01-27 v1.10 Color options for hyperref/bookmark (HO)
)
(/usr/share/texlive/texmf-dist/tex/latex/hyperref/nameref.sty
Package: nameref 2023-11-26 v2.56 Cross-referencing by name of section

(/usr/share/texlive/texmf-dist/tex/latex/refcount/refcount.sty
Package: refcount 2019/12/15 v3.6 Data extraction from label references (HO)
)
(/usr/share/texlive/texmf-dist/tex/generic/gettitlestring/gettitlestring.sty
Package: gettitlestring 2019/12/15 v1.6 Cleanup title references (HO)
)
\c@section@level=\count299
)
\@linkdim=\dimen190
\Hy@linkcounter=\count300
\Hy@pagecounter=\count301

(/usr/share/texlive/texmf-dist/tex/latex/hyperref/pd1enc.def
File: pd1enc.def 2024-01-20 v7.01h Hyperref: PDFDocEncoding definition (HO)
)
(/usr/share/texlive/texmf-dist/tex/generic/intcalc/intcalc.sty
Package: intcalc 2019/12/15 v1.3 Expandable calculations with integers (HO)
)
\Hy@SavedSpaceFactor=\count302

(/usr/share/texlive/texmf-dist/tex/latex/hyperref/puenc.def
File: puenc.def 2024-01-20 v7.01h Hyperref: PDF Unicode definition (HO)
)
Package hyperref Info: Hyper figures OFF on input line 4179.
Package hyperref Info: Link nesting OFF on input line 4184.
Package hyperref Info: Hyper index ON on input line 4187.
Package hyperref Info: Plain pages OFF on input line 4194.
Package hyperref Info: Backreferencing OFF on input line 4199.
Package hyperref Info: Implicit mode ON; LaTeX internals redefined.
Package hyperref Info: Bookmarks ON on input line 4446.
\c@Hy@tempcnt=\count303

(/usr/share/texlive/texmf-dist/tex/latex/url/url.sty
\Urlmuskip=\muskip17
Package: url 2013/09/16  ver 3.4  Verb mode for urls, etc.
)
LaTeX Info: Redefining \url on input line 4784.
\XeTeXLinkMargin=\dimen191

(/usr/share/texlive/texmf-dist/tex/generic/bitset/bitset.sty
Package: bitset 2019/12/09 v1.3 Handle bit-vector datatype (HO)

(/usr/share/texlive/texmf-dist/tex/generic/bigintcalc/bigintcalc.sty
Package: bigintcalc 2019/12/15 v1.5 Expandable calculations on big integers (HO
)
))
\Fld@menulength=\count304
\Field@Width=\dimen192
\Fld@charsize=\dimen193
Package hyperref Info: Hyper figures OFF on input line 6063.
Package hyperref Info: Link nesting OFF on input line 6068.
Package hyperref Info: Hyper index ON on input line 6071.
Package hyperref Info: backreferencing OFF on input line 6078.
Package hyperref Info: Link coloring OFF on input line 6083.
Package hyperref Info: Link coloring with OCG OFF on input line 6088.
Package hyperref Info: PDF/A mode OFF on input line 6093.

(/usr/share/texlive/texmf-dist/tex/latex/base/atbegshi-ltx.sty
Package: atbegshi-ltx 2021/01/10 v1.0c Emulation of the original atbegshi
package with kernel methods
)
\Hy@abspage=\count305
\c@Item=\count306
\c@Hfootnote=\count307
)
Package hyperref Info: Driver (autodetected): hluatex.

(/usr/share/texlive/texmf-dist/tex/latex/hyperref/hluatex.def
File: hluatex.def 2024-01-20 v7.01h Hyperref driver for luaTeX

(/usr/share/texlive/texmf-dist/tex/generic/stringenc/stringenc.sty
Package: stringenc 2019/11/29 v1.12 Convert strings between diff. encodings (HO
)
)
(/usr/share/texlive/texmf-dist/tex/latex/base/atveryend-ltx.sty
Package: atveryend-ltx 2020/08/19 v1.0a Emulation of the original atveryend pac
kage
with kernel methods
)
\Fld@listcount=\count308
\c@bookmark@seq@number=\count309

(/usr/share/texlive/texmf-dist/tex/latex/rerunfilecheck/rerunfilecheck.sty
Package: rerunfilecheck 2022-07-10 v1.10 Rerun checks for auxiliary files (HO)

(/usr/share/texlive/texmf-dist/tex/generic/uniquecounter/uniquecounter.sty
Package: uniquecounter 2019/12/15 v1.4 Provide unlimited unique counter (HO)
)
Package uniquecounter Info: New unique counter `rerunfilecheck' on input line 2
85.
)
\Hy@SectionHShift=\skip149
)
Package hyperref Info: Option `colorlinks' set `true' on input line 41.
\c@theorem=\count310


Package fancyhdr Warning: \fancyhead's `E' option without twoside option is use
less.
(fancyhdr)                Please consider using the `twoside' option on input l
ine 111.


Package fancyhdr Warning: \fancyhead's `E' option without twoside option is use
less.
(fancyhdr)                Please consider using the `twoside' option on input l
ine 113.

(./persistent_anomalies.aux)
\openout1 = persistent_anomalies.aux

LaTeX Font Info:    Checking defaults for OML/cmm/m/it on input line 131.
LaTeX Font Info:    ... okay on input line 131.
LaTeX Font Info:    Checking defaults for OMS/cmsy/m/n on input line 131.
LaTeX Font Info:    ... okay on input line 131.
LaTeX Font Info:    Checking defaults for OT1/cmr/m/n on input line 131.
LaTeX Font Info:    ... okay on input line 131.
LaTeX Font Info:    Checking defaults for T1/cmr/m/n on input line 131.
LaTeX Font Info:    ... okay on input line 131.
LaTeX Font Info:    Checking defaults for TS1/cmr/m/n on input line 131.
LaTeX Font Info:    Trying to load font information for TS1+cmr on input line 1
31.

(/usr/share/texlive/texmf-dist/tex/latex/base/ts1cmr.fd
File: ts1cmr.fd 2023/04/13 v2.5m Standard LaTeX font definitions
)
LaTeX Font Info:    ... okay on input line 131.
LaTeX Font Info:    Checking defaults for TU/lmr/m/n on input line 131.
LaTeX Font Info:    ... okay on input line 131.
LaTeX Font Info:    Checking defaults for OMX/cmex/m/n on input line 131.
LaTeX Font Info:    ... okay on input line 131.
LaTeX Font Info:    Checking defaults for U/cmr/m/n on input line 131.
LaTeX Font Info:    ... okay on input line 131.
LaTeX Font Info:    Checking defaults for PD1/pdf/m/n on input line 131.
LaTeX Font Info:    ... okay on input line 131.
LaTeX Font Info:    Checking defaults for PU/pdf/m/n on input line 131.
LaTeX Font Info:    ... okay on input line 131.

*geometry* driver: auto-detecting
*geometry* detected driver: luatex
*geometry* verbose mode - [ preamble ] result:
* driver: luatex
* paper: custom
* layout: <same size as paper>
* layoutoffset:(h,v)=(0.0pt,0.0pt)
* modes: 
* h-part:(L,W,R)=(61.42993pt, 310.76013pt, 61.42993pt)
* v-part:(T,H,B)=(72.26999pt, 505.89001pt, 72.26999pt)
* \paperwidth=433.62pt
* \paperheight=650.43pt
* \textwidth=310.76013pt
* \textheight=505.89001pt
* \oddsidemargin=-10.84006pt
* \evensidemargin=-10.84006pt
* \topmargin=-33.8738pt
* \headheight=14.0pt
* \headsep=19.8738pt
* \topskip=12.0pt
* \footskip=30.0pt
* \marginparwidth=47.0pt
* \marginparsep=7.0pt
* \columnsep=10.0pt
* \skip\footins=10.8pt plus 4.0pt minus 2.0pt
* \hoffset=0.0pt
* \voffset=0.0pt
* \mag=1000
* \@twocolumnfalse
* \@twosidefalse
* \@mparswitchfalse
* \@reversemarginfalse
* (1in=72.27pt=25.4mm, 1cm=28.453pt)

(/usr/share/texlive/texmf-dist/tex/latex/graphics/graphicx.sty
Package: graphicx 2021/09/16 v1.2d Enhanced LaTeX Graphics (DPC,SPQR)

(/usr/share/texlive/texmf-dist/tex/latex/graphics/graphics.sty
Package: graphics 2022/03/10 v1.4e Standard LaTeX Graphics (DPC,SPQR)

(/usr/share/texlive/texmf-dist/tex/latex/graphics/trig.sty
Package: trig 2021/08/11 v1.11 sin cos tan (DPC)
)
(/usr/share/texlive/texmf-dist/tex/latex/graphics-cfg/graphics.cfg
File: graphics.cfg 2016/06/04 v1.11 sample graphics configuration
)
Package graphics Info: Driver file: luatex.def on input line 107.
)
\Gin@req@height=\dimen194
\Gin@req@width=\dimen195
)
(/usr/share/texlive/texmf-dist/tex/context/base/mkii/supp-pdf.mkii
[Loading MPS to PDF converter (version 2006.09.02).]
\scratchcounter=\count311
\scratchdimen=\dimen196
\scratchbox=\box69
\nofMPsegments=\count312
\nofMParguments=\count313
\everyMPshowfont=\toks37
\MPscratchCnt=\count314
\MPscratchDim=\dimen197
\MPnumerator=\count315
\makeMPintoPDFobject=\count316
\everyMPtoPDFconversion=\toks38
) (/usr/share/texlive/texmf-dist/tex/latex/epstopdf-pkg/epstopdf-base.sty
Package: epstopdf-base 2020-01-24 v2.11 Base part for package epstopdf
Package epstopdf-base Info: Redefining graphics rule for `.eps' on input line 4
85.

(/usr/share/texlive/texmf-dist/tex/latex/latexconfig/epstopdf-sys.cfg
File: epstopdf-sys.cfg 2010/07/13 v1.3 Configuration of (r)epstopdf for TeX Liv
e
))
Package hyperref Info: Link coloring ON on input line 131.

(./persistent_anomalies.out) (./persistent_anomalies.out)
\@outlinefile=\write3

\openout3 = persistent_anomalies.out
 [1


{/var/lib/texmf/fonts/map/pdftex/updmap/pdftex.map}] (./persistent_anomalies.to
c
LaTeX Font Info:    Trying to load font information for U+msa on input line 4.

(/usr/share/texlive/texmf-dist/tex/latex/amsfonts/umsa.fd
File: umsa.fd 2013/01/14 v3.01 AMS symbols A
)
LaTeX Font Info:    Trying to load font information for U+msb on input line 4.

(/usr/share/texlive/texmf-dist/tex/latex/amsfonts/umsb.fd
File: umsb.fd 2013/01/14 v3.01 AMS symbols B
)
Overfull \hbox (12.45453pt too wide) in paragraph at lines 16--16
 [][] [][][]\T1/lmr/m/n/12 Re-pair Triage as the Pri-mary Op-er-a-tion of Learn-
 
 []

[1


]
Overfull \hbox (1.90169pt too wide) in paragraph at lines 30--30
[][][]\T1/lmr/bx/n/14.4 III Topo-log-i-cal and Cat-e-gor-i-cal Ob-struc- 
 []

[2] [3]
Overfull \hbox (0.27946pt too wide) in paragraph at lines 73--73
 [][] [][][]\T1/lmr/m/n/12 De-tect-ing Rep-re-sen-ta-tional Bound-aries Dur-ing 
 []

[4]
Overfull \hbox (1.31631pt too wide) in paragraph at lines 102--102
 [][] [][][]\T1/lmr/m/n/12 A Persistence-Based Ac-count of Sci-en-tific Change[
][] [][]  
 []

[5])
\tf@toc=\write4

\openout4 = persistent_anomalies.toc
 [6]
Overfull \hbox (1.33128pt too wide) in paragraph at lines 169--170
[]\T1/lmr/m/n/12 This ob-ser-va-tion mo-ti-vates the cen-tral the-sis of the pre
sent
 []

[7

]
Overfull \hbox (11.45105pt too wide) in paragraph at lines 177--178
[]\T1/lmr/m/n/12 Through-out, we main-tain the dis-tinc-tion be-tween two modes
 []


Overfull \hbox (16.01952pt too wide) in paragraph at lines 179--180
\T1/lmr/m/n/12 per-sis-tence: with-out a re-mem-bered re-pair tra-jec-tory, no 
anomaly
 []

[8] [9]
warning  (pdf backend): ignoring duplicate destination with the name 'page.1'
[1


]
Chapter 1.
[2

]
Overfull \hbox (5.24515pt too wide) in paragraph at lines 223--224
[][]\T1/lmr/bx/n/12 Def-i-ni-tion 1.3 \T1/lmr/m/n/12 (Loss-Minimizing Learner)\
T1/lmr/bx/n/12 . []\T1/lmr/m/n/12 A \T1/lmr/m/it/12 loss-minimizing
 []

[3]
Package mdframed Info: mdframed detected package amsthm 
 changed the theorem header of amsthm
(mdframed)              on input line 243.
Package mdframed Info: mdframed detected package amsthm 
 changed the theorem header of amsthm
(mdframed)              on input line 253.
 [4] [5]
Chapter 2.
[6

]
Package mdframed Info: mdframed detected package amsthm 
 changed the theorem header of amsthm
(mdframed)              on input line 284.
Package mdframed Info: mdframed detected package amsthm 
 changed the theorem header of amsthm
(mdframed)              on input line 290.


Package fancyhdr Warning: \headheight is too small (14.0pt): 
(fancyhdr)                Make it at least 25.2232pt, for example:
(fancyhdr)                \setlength{\headheight}{25.2232pt}.
(fancyhdr)                You might also make \topmargin smaller to compensate:

(fancyhdr)                \addtolength{\topmargin}{-11.2232pt}.

[7] [8] [9] [10] [11]
Chapter 3.

Overfull \hbox (13.80495pt too wide) in paragraph at lines 371--372
[][]\T1/lmr/bx/n/12 Propo-si-tion 3.1 \T1/lmr/m/n/12 (Pu-rifi-ca-tion by Re-pair
)\T1/lmr/bx/n/12 . []\T1/lmr/m/it/12 Let $\OML/cmm/m/it/12 "[]$ \T1/lmr/m/it/12
 be an anomaly
 []

[12

]
Overfull \hbox (2.0756pt too wide) in paragraph at lines 386--387
\T1/lmr/m/it/12 Per-sis-tence nec-es-sar-ily de-pends on a tra-jec-tory $\OT1/c
mr/m/n/12 (\OML/cmm/m/it/12 "[]; "[]; [] ; "[]\OT1/cmr/m/n/12 )$\T1/lmr/m/it/12
 .
 []

[13]
Overfull \hbox (8.01349pt too wide) in paragraph at lines 393--394
\T1/lmr/m/n/12 work im-plies some-thing stronger. This view aligns with broader
 []

Package mdframed Info: mdframed detected package amsthm 
 changed the theorem header of amsthm
(mdframed)              on input line 396.

Overfull \hbox (87.11736pt too wide) detected at line 404
[]  \OMS/cmsy/m/n/12 )  []  )  []  )  []  )  []
 []

Package mdframed Info: mdframed detected package amsthm 
 changed the theorem header of amsthm
(mdframed)              on input line 406.
[14]
Overfull \hbox (8.90814pt too wide) in paragraph at lines 431--432
[][]\T1/lmr/bx/n/12 Propo-si-tion 3.5 \T1/lmr/m/n/12 (Pro-mo-tion Thresh-old)\T
1/lmr/bx/n/12 . []\T1/lmr/m/it/12 If ad-mis-si-bil-ity pres-
 []

[15]
Overfull \hbox (6.00475pt too wide) in paragraph at lines 440--440
|[]\T1/lmr/bx/n/12 Re-pair Triage as the Pri-mary Op-er-a-tion of Learn-
 []

[16] [17

]
Chapter 4.
[18

]
Overfull \hbox (5.42242pt too wide) in paragraph at lines 479--480
\T1/lmr/m/n/12 The per-sis-tence in-vari-ant $\OML/cmm/m/it/12 P\OT1/cmr/m/n/12
 (\OML/cmm/m/it/12 "; \OMS/cmsy/m/n/12 R\OT1/cmr/m/n/12 )$ \T1/lmr/m/n/12 treats
 per-sis-tence as a scalar.
 []


Overfull \hbox (10.99454pt too wide) in paragraph at lines 479--480
\T1/lmr/m/n/12 The de-com-po-si-tion of anoma-lies into repair-sensitive and rep
air-
 []

[19] [20] [21] [22]
Chapter 5.

Overfull \hbox (9.95949pt too wide) in paragraph at lines 545--546
\T1/lmr/m/n/12 attempts---modified ether drag hy-pothe-ses, Lorentz--FitzGerald
 []


Overfull \hbox (9.88425pt too wide) in paragraph at lines 545--546
\T1/lmr/m/n/12 con-trac-tion, re-vised ether models---failed to ab-sorb the anom
aly
 []


Overfull \hbox (14.47513pt too wide) in paragraph at lines 545--546
\T1/lmr/m/n/12 while pre-serv-ing the broader clas-si-cal frame-work. The anomal
y's
 []

[23

] [24]
Overfull \hbox (9.8636pt too wide) in paragraph at lines 561--562
[]\T1/lmr/m/n/12 In ret-ro-spect, the anomaly was not \T1/lmr/m/it/12 about \T1
/lmr/m/n/12 the phe-nomenon
 []


Overfull \hbox (2.15062pt too wide) in paragraph at lines 561--562
\T1/lmr/m/n/12 be-ing mod-eled (Mer-cury's or-bit, light prop-a-ga-tion, ther-
 []


Overfull \hbox (8.67345pt too wide) in paragraph at lines 564--565
[]\T1/lmr/m/n/12 This com-mon struc-ture is what the Persistence--Obstruction
 []

[25] [26

]
Chapter 6.
[27

] [28]
Overfull \hbox (218.54346pt too wide) in paragraph at lines 620--630
 [] 
 []

[29] [30]
Chapter 7.
[31

] [32] [33]
Package mdframed Info: mdframed detected package amsthm 
 changed the theorem header of amsthm
(mdframed)              on input line 699.
Package mdframed Info: mdframed detected package amsthm 
 changed the theorem header of amsthm
(mdframed)              on input line 705.
 [34] [35]
Chapter 8.
[36

]
Overfull \hbox (3.33592pt too wide) in paragraph at lines 736--737
[]\T1/lmr/m/n/12 Let $\OMS/cmsy/m/n/12 f\OML/cmm/m/it/12 R[]\OMS/cmsy/m/n/12 g$
 \T1/lmr/m/n/12 be an
 []


Overfull \hbox (6.6346pt too wide) in paragraph at lines 736--737
\T1/lmr/m/n/12 ar-bi-trary ad-mis-si-ble re-pair se-quence and let $\OML/cmm/m/
it/12 "[] \OT1/cmr/m/n/12 = \OML/cmm/m/it/12 R[] [] R[]\OT1/cmr/m/n/12 (\OML/cm
m/m/it/12 "[]\OT1/cmr/m/n/12 )$\T1/lmr/m/n/12 .
 []

Package mdframed Info: mdframed detected package amsthm 
 changed the theorem header of amsthm
(mdframed)              on input line 746.

Overfull \hbox (44.49335pt too wide) detected at line 750
[]  \OMS/cmsy/m/n/12 )  []  )  []
 []

Package mdframed Info: mdframed detected package amsthm 
 changed the theorem header of amsthm
(mdframed)              on input line 752.
[37]
Package mdframed Info: Not enough space on this page on input line 752.
Package mdframed Info: mdframed detected package amsthm 
 changed the theorem header of amsthm
(mdframed)              on input line 760.
Package mdframed Info: mdframed detected package amsthm 
 changed the theorem header of amsthm
(mdframed)              on input line 766.
 [38]
Package mdframed Info: mdframed detected package amsthm 
 changed the theorem header of amsthm
(mdframed)              on input line 776.
Package mdframed Info: mdframed detected package amsthm 
 changed the theorem header of amsthm
(mdframed)              on input line 778.
 [39] [40] [41

]
Chapter 9.
[42

]
Overfull \hbox (9.2204pt too wide) in paragraph at lines 827--828
\T1/lmr/m/n/12 The RSVP frame-work of re-la-tional scalar-vector-potential field
s
 []

[43] [44]
Chapter 10.
[45

]
Package mdframed Info: mdframed detected package amsthm 
 changed the theorem header of amsthm
(mdframed)              on input line 865.
Package mdframed Info: mdframed detected package amsthm 
 changed the theorem header of amsthm
(mdframed)              on input line 871.
 [46]
Overfull \hbox (12.80507pt too wide) in paragraph at lines 878--879
\T1/lmr/m/n/12 not by be-ing ``ex-plained away'' but by be-com-ing a non-surpris
ing
 []


Overfull \hbox (17.85509pt too wide) in paragraph at lines 889--890
[][]\T1/lmr/bx/n/12 Def-i-ni-tion 10.4 \T1/lmr/m/n/12 (On-to-log-i-cal Saliency)
\T1/lmr/bx/n/12 . []\T1/lmr/m/n/12 The \T1/lmr/m/it/12 on-to-log-i-cal saliency
 []

[47]
Package mdframed Info: mdframed detected package amsthm 
 changed the theorem header of amsthm
(mdframed)              on input line 899.
Package mdframed Info: mdframed detected package amsthm 
 changed the theorem header of amsthm
(mdframed)              on input line 909.
 [48] [49] [50

]
Chapter 11.
[51

] [52] [53]
Chapter 12.
[54

]
Overfull \hbox (5.34192pt too wide) in paragraph at lines 969--970
[]\T1/lmr/m/n/12 Persistence-weighted at-ten-tion re-al-lo-cates re-sources to-w
ard
 []

[55] [56]
Chapter 13.

Overfull \hbox (6.993pt too wide) in paragraph at lines 985--986
[][]\T1/lmr/bx/n/12 Def-i-ni-tion 13.1 \T1/lmr/m/n/12 (Ontology-Expanding Learne
r)\T1/lmr/bx/n/12 . []\T1/lmr/m/n/12 An \T1/lmr/m/it/12 ontology-
 []


Overfull \hbox (2.36543pt too wide) in paragraph at lines 988--989
[]\T1/lmr/m/n/12 a per-sis-tence mon-i-tor track-ing $[]\OT1/cmr/m/n/12 (\OML/c
mm/m/it/12 "\OT1/cmr/m/n/12 )$ \T1/lmr/m/n/12 for all ac-tive anoma-
 []


Overfull \hbox (6.52765pt too wide) in paragraph at lines 989--990
[]\T1/lmr/m/n/12 an ex-pan-sion trig-ger: a con-di-tion un-der which the learner

 []


Overfull \hbox (8.72594pt too wide) in paragraph at lines 994--995
[]\T1/lmr/m/n/12 The ex-pan-sion trig-ger fires when $[]\OT1/cmr/m/n/12 (\OML/c
mm/m/it/12 "\OT1/cmr/m/n/12 ) \OML/cmm/m/it/12 > $ \T1/lmr/m/n/12 for some anom
aly
 []

[57

] [58] [59] [60] [61

]
Chapter 14.
[62

] [63]
Package mdframed Info: mdframed detected package amsthm 
 changed the theorem header of amsthm
(mdframed)              on input line 1058.
Package mdframed Info: mdframed detected package amsthm 
 changed the theorem header of amsthm
(mdframed)              on input line 1060.
 [64]
Chapter 15.
[65

] [66]
Chapter 16.

Overfull \hbox (9.13206pt too wide) in paragraph at lines 1093--1094
\T1/lmr/m/n/12 to ab-sorb any anomaly at Level 0---any point-wise discrepancy---

 []

[67

]
Overfull \hbox (7.52606pt too wide) in paragraph at lines 1106--1107
[][]\T1/lmr/m/it/12 Re-mark \T1/lmr/m/n/12 16.2\T1/lmr/m/it/12 . []\T1/lmr/m/n/
12 This rein-ter-pre-ta-tion con-nects the present frame-
 []

[68] [69] [70

]
Chapter 17.
[71

] [72] [73]
Chapter 18.

Overfull \hbox (14.14421pt too wide) in paragraph at lines 1161--1161
|[]\T1/lmr/bx/n/12 A Persistence-Based Ac-count of Sci-en-tific Change| 
 []


Overfull \hbox (3.53844pt too wide) in paragraph at lines 1163--1164
\T1/lmr/m/n/12 ary science---replacement of the paradigm it-self [[]]. Lakatos's

 []

[74

]
Overfull \hbox (0.78198pt too wide) in paragraph at lines 1176--1177
[]\T1/lmr/m/n/12 Their even-tual res-o-lu-tion re-quires a con-cept ab-sent from

 []

[75]
Overfull \hbox (7.40343pt too wide) in paragraph at lines 1185--1186
\T1/lmr/m/n/12 that has gen-er-ated decades of failed re-pair pa-pers is an anom
aly
 []


Overfull \hbox (24.24335pt too wide) in paragraph at lines 1187--1188
\T1/lmr/m/n/12 mem-ory and there-fore re-duced ca-pac-ity for per-sis-tence dete
ction---
 []

[76]
Chapter 19.
[77

]
Overfull \hbox (8.51256pt too wide) in paragraph at lines 1202--1203
[]\T1/lmr/m/n/12 The per-sis-tence of anomalies---environmental pres-sures that
 []

[78] [79]
Chapter 20.

Overfull \hbox (9.45816pt too wide) in paragraph at lines 1215--1216
\T1/lmr/m/n/12 Foun-da-tion mod-els trained on large cor-pora demon-strate stron
g
 []


Overfull \hbox (0.33965pt too wide) in paragraph at lines 1217--1218
\T1/lmr/m/n/12 pair al-ge-bras ab-sorb ev-i-dence of struc-tural dis-crep-an-cie
s. Per-
 []


Overfull \hbox (5.64174pt too wide) in paragraph at lines 1217--1218
\T1/lmr/m/n/12 sis-tent anomalies---systematic fail-ures that sur-vive many trai
n-
 []

[80

] [81]
Overfull \hbox (18.17296pt too wide) in paragraph at lines 1237--1238
[] []\T1/lmr/bx/n/12 Commutator-based di-ag-nos-tics.[] \T1/lmr/m/n/12 Sys-tem-a
t-i-cally ap-ply pairs
 []


Overfull \hbox (7.88895pt too wide) in paragraph at lines 1241--1242
[] []\T1/lmr/bx/n/12 Topology-regularized train-ing.[] \T1/lmr/m/n/12 Add a reg-
u-lar-iza-tion term
 []


Overfull \hbox (2.27094pt too wide) in paragraph at lines 1241--1242
\T1/lmr/m/n/12 pre-dic-tion man-i-fold and es-ti-mated data ho-mol-ogy. This wou
ld
 []


Overfull \hbox (34.20505pt too wide) in paragraph at lines 1243--1244
[] []\T1/lmr/bx/n/12 Repair-entropy mon-i-tor-ing.[] \T1/lmr/m/n/12 Track the ra
-tio $\OML/cmm/m/it/12 E[] \OT1/cmr/m/n/12 = \OMS/cmsy/m/n/12 ^^@\OT1/cmr/m/n/1
2 \OML/cmm/m/it/12 p[]=\OT1/cmr/m/n/12 \OML/cmm/m/it/12 S[]$\T1/lmr/m/n/12 .
 []


Overfull \hbox (5.41031pt too wide) in paragraph at lines 1243--1244
\T1/lmr/m/n/12 De-clin-ing re-pair ef-fi-ciency is a lead-ing in-di-ca-tor of co
nvergence-
 []

[82]
Overfull \hbox (5.11383pt too wide) in paragraph at lines 1245--1246
[] []\T1/lmr/bx/n/12 Ontology-expanding ar-chi-tec-tures.[] \T1/lmr/m/n/12 De-si
gn ar-chi-tec-tures
 []

[83]
Chapter 21.
[84

]
Overfull \hbox (2.37625pt too wide) in paragraph at lines 1265--1266
[]\T1/lmr/m/n/12 This triple signature---concentration with-out co-her-ent flow
 []


Overfull \hbox (3.28166pt too wide) in paragraph at lines 1267--1268
[]\T1/lmr/m/n/12 The holon-omy dis-crep-ancy of the RSVP con-nec-tion around
 []


Overfull \hbox (8.4667pt too wide) in paragraph at lines 1273--1274
[]\T1/lmr/m/n/12 A CLIO pro-jec-tion fail-ure oc-curs when this con-di-tion brea
ks
 []

[85]
Overfull \hbox (36.38611pt too wide) in paragraph at lines 1281--1282
\T1/lmr/m/n/12 where the en-tropy field grows or os-cil-lates rather than equili
brating---
 []

[86] [87] [88


]
Overfull \hbox (6.22523pt too wide) in paragraph at lines 1304--1305
[]\T1/lmr/m/n/12 The dual fail-ure mode---the Ptole-maic Principle---is equally
 []

[89] [90] [91] [92

] [93

] [94] [95] [96] (./persistent_anomalies.aux)
 ***********
LaTeX2e <2023-11-01> patch level 1
L3 programming layer <2024-01-22>
 ***********
Package rerunfilecheck Info: File `persistent_anomalies.out' has not changed.
(rerunfilecheck)             Checksum: D2132B8A8E6E0BE0DE9EE9C8A1E778DD;23469.
)

Here is how much of LuaTeX's memory you used:
 14774 strings out of 476553
 125126,1977958 words of node,token memory allocated
 1090 words of node memory still in use:
   6 hlist, 2 vlist, 2 rule, 2 glue, 4 kern, 1 glyph, 67 attribute, 110 glue_spe
c, 67 attribute_list, 1 write, 12 pdf_action nodes
   avail lists: 1:1,2:579,3:273,4:192,5:323,6:86,7:4630,8:40,9:454,10:12,11:483
 36092 multiletter control sequences out of 65536+600000
 59 fonts using 3763431 bytes
 79i,13n,89p,757b,568s stack positions out of 10000i,1000n,20000p,200000b,200000s
{/usr/share/texmf/fonts/enc/dvips/lm/lm-ts1.enc}{/usr/share/texmf/fonts/enc/dvip
s/lm/lm-ec.enc}</usr/share/texlive/texmf-dist/fonts/type1/public/amsfonts/cm/cmb
x12.pfb></usr/share/texlive/texmf-dist/fonts/type1/public/amsfonts/cm/cmex10.pfb
></usr/share/texlive/texmf-dist/fonts/type1/public/amsfonts/cm/cmmi12.pfb></usr/
share/texlive/texmf-dist/fonts/type1/public/amsfonts/cm/cmmi6.pfb></usr/share/te
xlive/texmf-dist/fonts/type1/public/amsfonts/cm/cmmi8.pfb></usr/share/texlive/te
xmf-dist/fonts/type1/public/amsfonts/cm/cmr12.pfb></usr/share/texlive/texmf-dist
/fonts/type1/public/amsfonts/cm/cmr6.pfb></usr/share/texlive/texmf-dist/fonts/ty
pe1/public/amsfonts/cm/cmr8.pfb></usr/share/texlive/texmf-dist/fonts/type1/publi
c/amsfonts/cm/cmsy10.pfb></usr/share/texlive/texmf-dist/fonts/type1/public/amsfo
nts/cm/cmsy6.pfb></usr/share/texlive/texmf-dist/fonts/type1/public/amsfonts/cm/c
msy8.pfb></usr/share/texmf/fonts/type1/public/lm/lmbx12.pfb></usr/share/texmf/fo
nts/type1/public/lm/lmr10.pfb></usr/share/texmf/fonts/type1/public/lm/lmr12.pfb>
</usr/share/texmf/fonts/type1/public/lm/lmri10.pfb></usr/share/texmf/fonts/type1
/public/lm/lmri12.pfb></usr/share/texlive/texmf-dist/fonts/type1/public/amsfonts
/symbols/msbm10.pfb>
Output written on persistent_anomalies.pdf (106 pages, 440937 bytes).

PDF statistics: 1334 PDF objects out of 1440 (max. 8388607)
 1197 compressed objects within 12 object streams
 359 named destinations out of 1000 (max. 131072)
 889 words of extra memory for PDF output out of 10000 (max. 100000000)

